172.69.59.242 - - [29/Dec/2025:00:53:51 +0000] "GET /asset/?id=233257118 HTTP/1.1" 404 210 "-" "Roblox/WinInet"
172.71.120.113 - - [29/Dec/2025:00:53:51 +0000] "GET /asset/?id=232196030 HTTP/1.1" 404 210 "-" "Roblox/WinInet"
172.70.130.24 - - [29/Dec/2025:00:53:51 +0000] "GET /asset/?id=233257118 HTTP/1.1" 404 210 "-" "Roblox/WinInet"
::1 - - [29/Dec/2025:00:53:57 +0000] "OPTIONS * HTTP/1.0" 200 126 "-" "Apache/2.4.62 (Debian) (internal dummy connection)"
172.70.58.146 - - [29/Dec/2025:00:54:02 +0000] "GET /asset/?id=62&access=3e2397a0-914d-4c59-8721-cc86f1ed0699 HTTP/1.1" 200 377531 "-" "Roblox/WinHttp"
172.70.58.146 - - [29/Dec/2025:00:54:03 +0000] "POST /v1.1/Counters/Increment/?apiKey=76E5A40C-3AE1-4028-9F10-7C62520BD94F&counterName=HTTPSuccessMarketPlace-Win32&amount=0 HTTP/1.1" 200 281 "-" "Roblox/WinHttp"
172.70.58.146 - - [29/Dec/2025:00:54:03 +0000] "POST /v1.1/Counters/Increment/?apiKey=76E5A40C-3AE1-4028-9F10-7C62520BD94F&counterName=HTTPSuccess-Win32&amount=1 HTTP/1.1" 200 281 "-" "Roblox/WinHttp"
172.68.205.105 - - [29/Dec/2025:00:54:03 +0000] "POST /game/report-stats?name=HTTPAccumulatedBytes%2DWin32&value=377305%2E000000 HTTP/1.1" 200 282 "-" "Roblox/WinHttp"
162.158.74.11 - - [29/Dec/2025:00:54:03 +0000] "POST /v1.1/Counters/Increment/?apiKey=76E5A40C-3AE1-4028-9F10-7C62520BD94F&counterName=HTTPSuccessDataStore-Win32&amount=0 HTTP/1.1" 200 282 "-" "Roblox/WinHttp"
172.70.58.147 - - [29/Dec/2025:00:54:03 +0000] "POST /game/report-stats?name=HTTPDelaySuccess%2DWin32&value=197%2E358398 HTTP/1.1" 200 282 "-" "Roblox/WinHttp"
172.70.58.146 - - [29/Dec/2025:00:54:03 +0000] "GET /asset/?id=34854607 HTTP/1.1" 404 209 "-" "Roblox/WinHttp"
172.70.58.146 - - [29/Dec/2025:00:54:02 +0000] "POST /create/meshes HTTP/1.1" 302 342 "https://arl.lambda.cam/create/meshes" "Mozilla/5.0 (Windows NT 10.0; Win64; x64; rv:146.0) Gecko/20100101 Firefox/146.0"
172.70.58.146 - - [29/Dec/2025:00:54:03 +0000] "GET /asset/?id=34854607 HTTP/1.1" 404 209 "-" "Roblox/WinHttp"
172.70.58.146 - - [29/Dec/2025:00:54:03 +0000] "GET /create/meshes HTTP/1.1" 200 2976 "https://arl.lambda.cam/create/meshes" "Mozilla/5.0 (Windows NT 10.0; Win64; x64; rv:146.0) Gecko/20100101 Firefox/146.0"
172.70.58.146 - - [29/Dec/2025:00:54:03 +0000] "GET /css/AllCSS.css?t=1766969643 HTTP/1.1" 200 4412 "https://arl.lambda.cam/create/meshes" "Mozilla/5.0 (Windows NT 10.0; Win64; x64; rv:146.0) Gecko/20100101 Firefox/146.0"
172.70.58.146 - - [29/Dec/2025:00:54:03 +0000] "GET /js/main.js?t=1766969643 HTTP/1.1" 200 1158 "https://arl.lambda.cam/create/meshes" "Mozilla/5.0 (Windows NT 10.0; Win64; x64; rv:146.0) Gecko/20100101 Firefox/146.0"
172.70.58.146 - - [29/Dec/2025:00:54:03 +0000] "GET /api/stuff?c=4&p=1 HTTP/1.1" 200 753 "https://arl.lambda.cam/create/meshes" "Mozilla/5.0 (Windows NT 10.0; Win64; x64; rv:146.0) Gecko/20100101 Firefox/146.0"
172.70.58.146 - - [29/Dec/2025:00:54:03 +0000] "GET /thumbs/?id=57&sxy=130 HTTP/1.1" 200 4229 "https://arl.lambda.cam/create/meshes" "Mozilla/5.0 (Windows NT 10.0; Win64; x64; rv:146.0) Gecko/20100101 Firefox/146.0"
172.70.58.146 - - [29/Dec/2025:00:54:03 +0000] "GET /thumbs/?id=54&sxy=130 HTTP/1.1" 200 4606 "https://arl.lambda.cam/create/meshes" "Mozilla/5.0 (Windows NT 10.0; Win64; x64; rv:146.0) Gecko/20100101 Firefox/146.0"
172.70.58.146 - - [29/Dec/2025:00:54:03 +0000] "GET /thumbs/?id=9&sxy=130 HTTP/1.1" 200 3190 "https://arl.lambda.cam/create/meshes" "Mozilla/5.0 (Windows NT 10.0; Win64; x64; rv:146.0) Gecko/20100101 Firefox/146.0"
172.70.58.145 - - [29/Dec/2025:00:54:03 +0000] "GET /thumbs/?id=39&sxy=130 HTTP/1.1" 200 2195 "https://arl.lambda.cam/create/meshes" "Mozilla/5.0 (Windows NT 10.0; Win64; x64; rv:146.0) Gecko/20100101 Firefox/146.0"
172.70.58.146 - - [29/Dec/2025:00:54:03 +0000] "GET /thumbs/?id=36&sxy=130 HTTP/1.1" 200 3296 "https://arl.lambda.cam/create/meshes" "Mozilla/5.0 (Windows NT 10.0; Win64; x64; rv:146.0) Gecko/20100101 Firefox/146.0"
172.70.58.146 - - [29/Dec/2025:00:54:03 +0000] "GET /thumbs/?id=62&sxy=130 HTTP/1.1" 200 4408 "https://arl.lambda.cam/create/meshes" "Mozilla/5.0 (Windows NT 10.0; Win64; x64; rv:146.0) Gecko/20100101 Firefox/146.0"
172.70.58.146 - - [29/Dec/2025:00:54:05 +0000] "POST /v1.1/Counters/Increment/?apiKey=76E5A40C-3AE1-4028-9F10-7C62520BD94F&counterName=HTTPFailure-Win32&amount=2 HTTP/1.1" 200 281 "-" "Roblox/WinHttp"
172.70.58.146 - - [29/Dec/2025:00:54:05 +0000] "POST /v1.1/Counters/Increment/?apiKey=76E5A40C-3AE1-4028-9F10-7C62520BD94F&counterName=HTTPFailureMarketPlace-Win32&amount=0 HTTP/1.1" 200 281 "-" "Roblox/WinHttp"
162.158.74.11 - - [29/Dec/2025:00:54:05 +0000] "POST /v1.1/Counters/Increment/?apiKey=76E5A40C-3AE1-4028-9F10-7C62520BD94F&counterName=HTTPFailureDataStore-Win32&amount=0 HTTP/1.1" 200 281 "-" "Roblox/WinHttp"
172.68.205.105 - - [29/Dec/2025:00:54:05 +0000] "POST /game/report-stats?name=HTTPDelayFailure%2DWin32&value=40%2E790409 HTTP/1.1" 200 281 "-" "Roblox/WinHttp"
172.70.58.145 - - [29/Dec/2025:00:54:06 +0000] "GET /api/stuff?c=1&p=1 HTTP/1.1" 200 1165 "https://arl.lambda.cam/create/images" "Mozilla/5.0 (Windows NT 10.0; Win64; x64; rv:146.0) Gecko/20100101 Firefox/146.0"
172.70.58.146 - - [29/Dec/2025:00:54:06 +0000] "GET /thumbs/?id=58&sxy=130 HTTP/1.1" 200 21869 "https://arl.lambda.cam/create/images" "Mozilla/5.0 (Windows NT 10.0; Win64; x64; rv:146.0) Gecko/20100101 Firefox/146.0"
172.70.58.146 - - [29/Dec/2025:00:54:06 +0000] "GET /thumbs/?id=55&sxy=130 HTTP/1.1" 200 28596 "https://arl.lambda.cam/create/images" "Mozilla/5.0 (Windows NT 10.0; Win64; x64; rv:146.0) Gecko/20100101 Firefox/146.0"
172.70.58.146 - - [29/Dec/2025:00:54:06 +0000] "GET /thumbs/?id=44&sxy=130 HTTP/1.1" 200 9734 "https://arl.lambda.cam/create/images" "Mozilla/5.0 (Windows NT 10.0; Win64; x64; rv:146.0) Gecko/20100101 Firefox/146.0"
172.70.58.146 - - [29/Dec/2025:00:54:06 +0000] "GET /thumbs/?id=42&sxy=130 HTTP/1.1" 200 2803 "https://arl.lambda.cam/create/images" "Mozilla/5.0 (Windows NT 10.0; Win64; x64; rv:146.0) Gecko/20100101 Firefox/146.0"
172.70.58.145 - - [29/Dec/2025:00:54:06 +0000] "GET /thumbs/?id=40&sxy=130 HTTP/1.1" 200 4422 "https://arl.lambda.cam/create/images" "Mozilla/5.0 (Windows NT 10.0; Win64; x64; rv:146.0) Gecko/20100101 Firefox/146.0"
172.70.58.145 - - [29/Dec/2025:00:54:06 +0000] "GET /thumbs/?id=37&sxy=130 HTTP/1.1" 200 17599 "https://arl.lambda.cam/create/images" "Mozilla/5.0 (Windows NT 10.0; Win64; x64; rv:146.0) Gecko/20100101 Firefox/146.0"
172.70.58.146 - - [29/Dec/2025:00:54:06 +0000] "GET /thumbs/?id=23&sxy=130 HTTP/1.1" 200 19354 "https://arl.lambda.cam/create/images" "Mozilla/5.0 (Windows NT 10.0; Win64; x64; rv:146.0) Gecko/20100101 Firefox/146.0"
172.70.58.145 - - [29/Dec/2025:00:54:06 +0000] "GET /thumbs/?id=33&sxy=130 HTTP/1.1" 200 11287 "https://arl.lambda.cam/create/images" "Mozilla/5.0 (Windows NT 10.0; Win64; x64; rv:146.0) Gecko/20100101 Firefox/146.0"
172.70.58.146 - - [29/Dec/2025:00:54:06 +0000] "GET /thumbs/?id=21&sxy=130 HTTP/1.1" 200 17502 "https://arl.lambda.cam/create/images" "Mozilla/5.0 (Windows NT 10.0; Win64; x64; rv:146.0) Gecko/20100101 Firefox/146.0"
172.70.58.146 - - [29/Dec/2025:00:54:06 +0000] "GET /thumbs/?id=10&sxy=130 HTTP/1.1" 200 25885 "https://arl.lambda.cam/create/images" "Mozilla/5.0 (Windows NT 10.0; Win64; x64; rv:146.0) Gecko/20100101 Firefox/146.0"
172.70.58.146 - - [29/Dec/2025:00:54:07 +0000] "GET /thumbs/?id=7&sxy=130 HTTP/1.1" 200 2670 "https://arl.lambda.cam/create/images" "Mozilla/5.0 (Windows NT 10.0; Win64; x64; rv:146.0) Gecko/20100101 Firefox/146.0"
172.70.58.146 - - [29/Dec/2025:00:54:08 +0000] "GET /thumbs/?id=5&sxy=130 HTTP/1.1" 200 6913 "https://arl.lambda.cam/create/images" "Mozilla/5.0 (Windows NT 10.0; Win64; x64; rv:146.0) Gecko/20100101 Firefox/146.0"
172.70.127.182 - - [29/Dec/2025:00:54:10 +0000] "GET /Setting/QuietGet/ClientAppSettings/?apiKey=D6925E56-BFB9-4908-AAA2-A5B1EC4B2D79 HTTP/1.1" 200 72264 "-" "Roblox/WinInet"
172.70.130.25 - - [29/Dec/2025:00:54:11 +0000] "GET /login/RequestAuth.ashx HTTP/1.1" 200 756 "-" "Mozilla/5.0 (Windows NT 6.2; WOW64) AppleWebKit/534.34 (KHTML, like Gecko) ANORRLStudio/0.235.0.2025 Safari/534.34"
172.69.59.242 - - [29/Dec/2025:00:54:12 +0000] "GET /Login/Negotiate.ashx?suggest=bHpxX3Y3ME1qMUM0aDFndlE2dz90cHYybng5NW4tSkZjaWtqT01KO1VKZ25BeEFrUkZJQVQ0YXczTjNxM2g3P0lyNVdFSXM2MS0xQmduU3pzQjRYL04yO04xI0xCaCNlP3h3MFhwOXE9WlA3ZUVnSklMa3BoOUhpZmE5d1RuRkZVTExkRzZRMldGU0t3SDVlTkpHWTRFa3VRYz1SWEhtb2l2bjlYYUloI3dhcjFKTTE5VTZHR2M9SDBjNTRwUVBQTVV1QVpYY2xMbDh2Qjk2QjJ0bHZpeUFqYWpYZ3lRSUlTRDQzdS9Eb19SPVhsYl9zc294SiFNUzs5VDZKWEc3 HTTP/1.1" 200 371 "-" "Roblox/WinInet"
::1 - - [29/Dec/2025:00:54:12 +0000] "OPTIONS * HTTP/1.0" 200 126 "-" "Apache/2.4.62 (Debian) (internal dummy connection)"
::1 - - [29/Dec/2025:00:54:13 +0000] "OPTIONS * HTTP/1.0" 200 126 "-" "Apache/2.4.62 (Debian) (internal dummy connection)"
::1 - - [29/Dec/2025:00:54:14 +0000] "OPTIONS * HTTP/1.0" 200 126 "-" "Apache/2.4.62 (Debian) (internal dummy connection)"
172.70.126.100 - - [29/Dec/2025:00:54:14 +0000] "GET /game/GetCurrentUser.ashx HTTP/1.1" 200 372 "-" "Roblox/WinInet"
172.71.120.114 - - [29/Dec/2025:00:54:15 +0000] "GET /ide/welcome?&filepath=C%253A%252FUsers%252Fveron%252FDownloads%252FStudioBeta%252Fwip.rbxl&filename=wip.rbxl HTTP/1.1" 200 2708 "-" "Mozilla/5.0 (Windows NT 6.2; WOW64) AppleWebKit/534.34 (KHTML, like Gecko) ANORRLStudio/0.235.0.2025 Safari/534.34"
172.71.120.114 - - [29/Dec/2025:00:54:15 +0000] "GET /js/ide/welcome/FetchCSS.css HTTP/1.1" 200 9928 "http://arl.lambda.cam/ide/welcome?&filepath=C%253A%252FUsers%252Fveron%252FDownloads%252FStudioBeta%252Fwip.rbxl&filename=wip.rbxl" "Mozilla/5.0 (Windows NT 6.2; WOW64) AppleWebKit/534.34 (KHTML, like Gecko) ANORRLStudio/0.235.0.2025 Safari/534.34"
::1 - - [29/Dec/2025:00:54:15 +0000] "OPTIONS * HTTP/1.0" 200 126 "-" "Apache/2.4.62 (Debian) (internal dummy connection)"
172.70.50.142 - - [29/Dec/2025:00:54:15 +0000] "GET /js/ide/welcome/240ed1621e8429eeafce9b709e38ab5b.js HTTP/1.1" 200 11821 "http://arl.lambda.cam/ide/welcome?&filepath=C%253A%252FUsers%252Fveron%252FDownloads%252FStudioBeta%252Fwip.rbxl&filename=wip.rbxl" "Mozilla/5.0 (Windows NT 6.2; WOW64) AppleWebKit/534.34 (KHTML, like Gecko) ANORRLStudio/0.235.0.2025 Safari/534.34"
172.69.17.70 - - [29/Dec/2025:00:54:15 +0000] "GET /js/json2.min.js HTTP/1.1" 200 1706 "http://arl.lambda.cam/ide/welcome?&filepath=C%253A%252FUsers%252Fveron%252FDownloads%252FStudioBeta%252Fwip.rbxl&filename=wip.rbxl" "Mozilla/5.0 (Windows NT 6.2; WOW64) AppleWebKit/534.34 (KHTML, like Gecko) ANORRLStudio/0.235.0.2025 Safari/534.34"
172.69.17.71 - - [29/Dec/2025:00:54:15 +0000] "GET /js/jquery.js HTTP/1.1" 200 37221 "http://arl.lambda.cam/ide/welcome?&filepath=C%253A%252FUsers%252Fveron%252FDownloads%252FStudioBeta%252Fwip.rbxl&filename=wip.rbxl" "Mozilla/5.0 (Windows NT 6.2; WOW64) AppleWebKit/534.34 (KHTML, like Gecko) ANORRLStudio/0.235.0.2025 Safari/534.34"
172.71.254.99 - - [29/Dec/2025:00:54:15 +0000] "GET /js/ide/welcome/MicrosoftAjax.js HTTP/1.1" 200 26115 "http://arl.lambda.cam/ide/welcome?&filepath=C%253A%252FUsers%252Fveron%252FDownloads%252FStudioBeta%252Fwip.rbxl&filename=wip.rbxl" "Mozilla/5.0 (Windows NT 6.2; WOW64) AppleWebKit/534.34 (KHTML, like Gecko) ANORRLStudio/0.235.0.2025 Safari/534.34"
172.70.50.142 - - [29/Dec/2025:00:54:15 +0000] "GET /images/ide/welcome/capturetheflag.jpg HTTP/1.1" 200 20043 "http://arl.lambda.cam/ide/welcome?&filepath=C%253A%252FUsers%252Fveron%252FDownloads%252FStudioBeta%252Fwip.rbxl&filename=wip.rbxl" "Mozilla/5.0 (Windows NT 6.2; WOW64) AppleWebKit/534.34 (KHTML, like Gecko) ANORRLStudio/0.235.0.2025 Safari/534.34"
172.71.120.114 - - [29/Dec/2025:00:54:15 +0000] "GET /images/ide/bg-header.png HTTP/1.1" 200 479 "http://arl.lambda.cam/ide/welcome?&filepath=C%253A%252FUsers%252Fveron%252FDownloads%252FStudioBeta%252Fwip.rbxl&filename=wip.rbxl" "Mozilla/5.0 (Windows NT 6.2; WOW64) AppleWebKit/534.34 (KHTML, like Gecko) ANORRLStudio/0.235.0.2025 Safari/534.34"
172.69.17.70 - - [29/Dec/2025:00:54:15 +0000] "GET /images/ide/welcome/flatterrain.png HTTP/1.1" 200 38447 "http://arl.lambda.cam/ide/welcome?&filepath=C%253A%252FUsers%252Fveron%252FDownloads%252FStudioBeta%252Fwip.rbxl&filename=wip.rbxl" "Mozilla/5.0 (Windows NT 6.2; WOW64) AppleWebKit/534.34 (KHTML, like Gecko) ANORRLStudio/0.235.0.2025 Safari/534.34"
172.69.17.71 - - [29/Dec/2025:00:54:15 +0000] "GET /images/ide/studio_title.png HTTP/1.1" 200 13024 "http://arl.lambda.cam/ide/welcome?&filepath=C%253A%252FUsers%252Fveron%252FDownloads%252FStudioBeta%252Fwip.rbxl&filename=wip.rbxl" "Mozilla/5.0 (Windows NT 6.2; WOW64) AppleWebKit/534.34 (KHTML, like Gecko) ANORRLStudio/0.235.0.2025 Safari/534.34"
172.71.254.99 - - [29/Dec/2025:00:54:15 +0000] "GET /images/ide/welcome/baseplate.png HTTP/1.1" 200 28441 "http://arl.lambda.cam/ide/welcome?&filepath=C%253A%252FUsers%252Fveron%252FDownloads%252FStudioBeta%252Fwip.rbxl&filename=wip.rbxl" "Mozilla/5.0 (Windows NT 6.2; WOW64) AppleWebKit/534.34 (KHTML, like Gecko) ANORRLStudio/0.235.0.2025 Safari/534.34"
172.71.120.114 - - [29/Dec/2025:00:54:15 +0000] "GET /images/ide/welcome/freeforall.jpg HTTP/1.1" 200 18275 "http://arl.lambda.cam/ide/welcome?&filepath=C%253A%252FUsers%252Fveron%252FDownloads%252FStudioBeta%252Fwip.rbxl&filename=wip.rbxl" "Mozilla/5.0 (Windows NT 6.2; WOW64) AppleWebKit/534.34 (KHTML, like Gecko) ANORRLStudio/0.235.0.2025 Safari/534.34"
172.70.50.142 - - [29/Dec/2025:00:54:15 +0000] "GET /images/ide/welcome/teamdeathmatch.jpg HTTP/1.1" 200 18840 "http://arl.lambda.cam/ide/welcome?&filepath=C%253A%252FUsers%252Fveron%252FDownloads%252FStudioBeta%252Fwip.rbxl&filename=wip.rbxl" "Mozilla/5.0 (Windows NT 6.2; WOW64) AppleWebKit/534.34 (KHTML, like Gecko) ANORRLStudio/0.235.0.2025 Safari/534.34"
172.70.100.62 - - [29/Dec/2025:00:54:15 +0000] "GET /images/ide/welcome/controlpoints.jpg HTTP/1.1" 200 17228 "http://arl.lambda.cam/ide/welcome?&filepath=C%253A%252FUsers%252Fveron%252FDownloads%252FStudioBeta%252Fwip.rbxl&filename=wip.rbxl" "Mozilla/5.0 (Windows NT 6.2; WOW64) AppleWebKit/534.34 (KHTML, like Gecko) ANORRLStudio/0.235.0.2025 Safari/534.34"
172.70.58.145 - - [29/Dec/2025:00:54:18 +0000] "POST /create/images HTTP/1.1" 302 342 "https://arl.lambda.cam/create/images" "Mozilla/5.0 (Windows NT 10.0; Win64; x64; rv:146.0) Gecko/20100101 Firefox/146.0"
172.70.58.145 - - [29/Dec/2025:00:54:19 +0000] "GET /create/images HTTP/1.1" 200 2976 "https://arl.lambda.cam/create/images" "Mozilla/5.0 (Windows NT 10.0; Win64; x64; rv:146.0) Gecko/20100101 Firefox/146.0"
172.70.58.145 - - [29/Dec/2025:00:54:19 +0000] "GET /css/AllCSS.css?t=1766969659 HTTP/1.1" 200 4412 "https://arl.lambda.cam/create/images" "Mozilla/5.0 (Windows NT 10.0; Win64; x64; rv:146.0) Gecko/20100101 Firefox/146.0"
172.70.58.145 - - [29/Dec/2025:00:54:19 +0000] "GET /js/main.js?t=1766969659 HTTP/1.1" 200 1159 "https://arl.lambda.cam/create/images" "Mozilla/5.0 (Windows NT 10.0; Win64; x64; rv:146.0) Gecko/20100101 Firefox/146.0"
172.70.58.145 - - [29/Dec/2025:00:54:19 +0000] "GET /api/stuff?c=1&p=1 HTTP/1.1" 200 1163 "https://arl.lambda.cam/create/images" "Mozilla/5.0 (Windows NT 10.0; Win64; x64; rv:146.0) Gecko/20100101 Firefox/146.0"
172.70.58.145 - - [29/Dec/2025:00:54:19 +0000] "GET /thumbs/?id=58&sxy=130 HTTP/1.1" 200 21869 "https://arl.lambda.cam/create/images" "Mozilla/5.0 (Windows NT 10.0; Win64; x64; rv:146.0) Gecko/20100101 Firefox/146.0"
172.70.58.145 - - [29/Dec/2025:00:54:19 +0000] "GET /thumbs/?id=55&sxy=130 HTTP/1.1" 200 28596 "https://arl.lambda.cam/create/images" "Mozilla/5.0 (Windows NT 10.0; Win64; x64; rv:146.0) Gecko/20100101 Firefox/146.0"
172.70.58.145 - - [29/Dec/2025:00:54:19 +0000] "GET /thumbs/?id=44&sxy=130 HTTP/1.1" 200 9735 "https://arl.lambda.cam/create/images" "Mozilla/5.0 (Windows NT 10.0; Win64; x64; rv:146.0) Gecko/20100101 Firefox/146.0"
172.70.58.146 - - [29/Dec/2025:00:54:19 +0000] "GET /thumbs/?id=42&sxy=130 HTTP/1.1" 200 2804 "https://arl.lambda.cam/create/images" "Mozilla/5.0 (Windows NT 10.0; Win64; x64; rv:146.0) Gecko/20100101 Firefox/146.0"
172.70.58.146 - - [29/Dec/2025:00:54:19 +0000] "GET /thumbs/?id=40&sxy=130 HTTP/1.1" 200 4423 "https://arl.lambda.cam/create/images" "Mozilla/5.0 (Windows NT 10.0; Win64; x64; rv:146.0) Gecko/20100101 Firefox/146.0"
172.70.58.146 - - [29/Dec/2025:00:54:19 +0000] "GET /thumbs/?id=37&sxy=130 HTTP/1.1" 200 17599 "https://arl.lambda.cam/create/images" "Mozilla/5.0 (Windows NT 10.0; Win64; x64; rv:146.0) Gecko/20100101 Firefox/146.0"
172.70.58.145 - - [29/Dec/2025:00:54:19 +0000] "GET /thumbs/?id=23&sxy=130 HTTP/1.1" 200 19354 "https://arl.lambda.cam/create/images" "Mozilla/5.0 (Windows NT 10.0; Win64; x64; rv:146.0) Gecko/20100101 Firefox/146.0"
172.70.58.145 - - [29/Dec/2025:00:54:19 +0000] "GET /thumbs/?id=33&sxy=130 HTTP/1.1" 200 11287 "https://arl.lambda.cam/create/images" "Mozilla/5.0 (Windows NT 10.0; Win64; x64; rv:146.0) Gecko/20100101 Firefox/146.0"
172.70.58.145 - - [29/Dec/2025:00:54:19 +0000] "GET /thumbs/?id=7&sxy=130 HTTP/1.1" 200 2669 "https://arl.lambda.cam/create/images" "Mozilla/5.0 (Windows NT 10.0; Win64; x64; rv:146.0) Gecko/20100101 Firefox/146.0"
172.70.58.146 - - [29/Dec/2025:00:54:19 +0000] "GET /thumbs/?id=10&sxy=130 HTTP/1.1" 200 25885 "https://arl.lambda.cam/create/images" "Mozilla/5.0 (Windows NT 10.0; Win64; x64; rv:146.0) Gecko/20100101 Firefox/146.0"
172.70.58.146 - - [29/Dec/2025:00:54:19 +0000] "GET /thumbs/?id=21&sxy=130 HTTP/1.1" 200 17502 "https://arl.lambda.cam/create/images" "Mozilla/5.0 (Windows NT 10.0; Win64; x64; rv:146.0) Gecko/20100101 Firefox/146.0"
172.70.58.146 - - [29/Dec/2025:00:54:20 +0000] "GET /thumbs/?id=63&sxy=130 HTTP/1.1" 200 15753 "https://arl.lambda.cam/create/images" "Mozilla/5.0 (Windows NT 10.0; Win64; x64; rv:146.0) Gecko/20100101 Firefox/146.0"
172.69.58.139 - - [29/Dec/2025:00:54:20 +0000] "GET /game/GetCurrentUser.ashx HTTP/1.1" 200 314 "-" "Roblox/WinInet"
172.71.120.114 - - [29/Dec/2025:00:54:21 +0000] "GET /IDE/ClientToolbox.aspx HTTP/1.1" 200 1854 "-" "Mozilla/5.0 (Windows NT 6.2; WOW64) AppleWebKit/534.34 (KHTML, like Gecko) ANORRLStudio/0.235.0.2025 Safari/534.34"
172.69.59.241 - - [29/Dec/2025:00:54:21 +0000] "GET /asset/?id=49 HTTP/1.1" 200 801 "-" "Roblox/WinInet"
172.69.17.71 - - [29/Dec/2025:00:54:21 +0000] "GET /asset/?id=51 HTTP/1.1" 200 801 "-" "Roblox/WinInet"
172.71.254.99 - - [29/Dec/2025:00:54:21 +0000] "GET /asset/?id=47 HTTP/1.1" 200 801 "-" "Roblox/WinInet"
172.71.120.113 - - [29/Dec/2025:00:54:21 +0000] "GET /asset/?id=233257118 HTTP/1.1" 404 210 "-" "Roblox/WinInet"
172.71.120.114 - - [29/Dec/2025:00:54:22 +0000] "GET /css/Toolbox.css HTTP/1.1" 200 6957 "http://arl.lambda.cam/IDE/ClientToolbox.aspx" "Mozilla/5.0 (Windows NT 6.2; WOW64) AppleWebKit/534.34 (KHTML, like Gecko) ANORRLStudio/0.235.0.2025 Safari/534.34"
172.69.17.71 - - [29/Dec/2025:00:54:22 +0000] "GET /js/toolbox.js HTTP/1.1" 200 5284 "http://arl.lambda.cam/IDE/ClientToolbox.aspx" "Mozilla/5.0 (Windows NT 6.2; WOW64) AppleWebKit/534.34 (KHTML, like Gecko) ANORRLStudio/0.235.0.2025 Safari/534.34"
172.69.59.241 - - [29/Dec/2025:00:54:22 +0000] "GET /asset/?id=39 HTTP/1.1" 200 33972 "-" "Roblox/WinInet"
172.70.127.182 - - [29/Dec/2025:00:54:22 +0000] "GET /asset/?id=232196030 HTTP/1.1" 404 210 "-" "Roblox/WinInet"
172.71.120.113 - - [29/Dec/2025:00:54:22 +0000] "GET /Sets/SetHandler.ashx?maxsets=10&rqtype=getsets HTTP/1.1" 404 279 "http://arl.lambda.cam/IDE/ClientToolbox.aspx" "Mozilla/5.0 (Windows NT 6.2; WOW64) AppleWebKit/534.34 (KHTML, like Gecko) ANORRLStudio/0.235.0.2025 Safari/534.34"
172.69.17.71 - - [29/Dec/2025:00:54:22 +0000] "GET /images/ide/bg-tab-inactive.png HTTP/1.1" 200 372 "http://arl.lambda.cam/IDE/ClientToolbox.aspx" "Mozilla/5.0 (Windows NT 6.2; WOW64) AppleWebKit/534.34 (KHTML, like Gecko) ANORRLStudio/0.235.0.2025 Safari/534.34"
172.71.254.99 - - [29/Dec/2025:00:54:22 +0000] "GET /Sets/SetHandler.ashx?maxsets=10&rqtype=getrobloxsets HTTP/1.1" 404 285 "http://arl.lambda.cam/IDE/ClientToolbox.aspx" "Mozilla/5.0 (Windows NT 6.2; WOW64) AppleWebKit/534.34 (KHTML, like Gecko) ANORRLStudio/0.235.0.2025 Safari/534.34"
172.69.17.70 - - [29/Dec/2025:00:54:23 +0000] "GET /asset/?id=82741829 HTTP/1.1" 404 210 "-" "Roblox/WinInet"
172.70.127.182 - - [29/Dec/2025:00:54:23 +0000] "GET /asset/?id=233257118 HTTP/1.1" 404 210 "-" "Roblox/WinInet"
172.70.50.143 - - [29/Dec/2025:00:54:24 +0000] "GET /images/ide/bg-tab-active.png HTTP/1.1" 200 373 "http://arl.lambda.cam/IDE/ClientToolbox.aspx" "Mozilla/5.0 (Windows NT 6.2; WOW64) AppleWebKit/534.34 (KHTML, like Gecko) ANORRLStudio/0.235.0.2025 Safari/534.34"
172.69.17.70 - - [29/Dec/2025:00:54:24 +0000] "GET /Sets/SetHandler.ashx?maxsets=10&rqtype=getsubscribedsets HTTP/1.1" 404 290 "http://arl.lambda.cam/IDE/ClientToolbox.aspx" "Mozilla/5.0 (Windows NT 6.2; WOW64) AppleWebKit/534.34 (KHTML, like Gecko) ANORRLStudio/0.235.0.2025 Safari/534.34"
172.70.100.61 - - [29/Dec/2025:00:54:24 +0000] "GET /asset/?id=60 HTTP/1.1" 200 803 "-" "Roblox/WinInet"
172.70.100.61 - - [29/Dec/2025:00:54:24 +0000] "GET /asset/?id=232196030 HTTP/1.1" 404 210 "-" "Roblox/WinInet"
172.69.79.182 - - [29/Dec/2025:00:54:24 +0000] "GET /asset/?id=64 HTTP/1.1" 404 210 "-" "Roblox/WinInet"
172.69.6.152 - - [29/Dec/2025:00:54:24 +0000] "GET /asset/?id=82741829 HTTP/1.1" 404 210 "-" "Roblox/WinInet"
172.69.79.182 - - [29/Dec/2025:00:54:24 +0000] "GET /asset/?id=64 HTTP/1.1" 404 209 "-" "Roblox/WinInet"
172.70.58.146 - - [29/Dec/2025:00:54:25 +0000] "GET /asset/?id=63 HTTP/1.1" 200 245002 "-" "Roblox/WinInet"
172.68.205.162 - - [29/Dec/2025:00:54:28 +0000] "GET /asset/?id=62 HTTP/1.1" 200 377531 "-" "Roblox/WinInet"
::1 - - [29/Dec/2025:00:54:28 +0000] "OPTIONS * HTTP/1.0" 200 126 "-" "Apache/2.4.62 (Debian) (internal dummy connection)"
::1 - - [29/Dec/2025:00:54:29 +0000] "OPTIONS * HTTP/1.0" 200 126 "-" "Apache/2.4.62 (Debian) (internal dummy connection)"
::1 - - [29/Dec/2025:00:54:30 +0000] "OPTIONS * HTTP/1.0" 200 126 "-" "Apache/2.4.62 (Debian) (internal dummy connection)"
::1 - - [29/Dec/2025:00:54:31 +0000] "OPTIONS * HTTP/1.0" 200 126 "-" "Apache/2.4.62 (Debian) (internal dummy connection)"
::1 - - [29/Dec/2025:00:54:32 +0000] "OPTIONS * HTTP/1.0" 200 126 "-" "Apache/2.4.62 (Debian) (internal dummy connection)"
::1 - - [29/Dec/2025:00:54:33 +0000] "OPTIONS * HTTP/1.0" 200 126 "-" "Apache/2.4.62 (Debian) (internal dummy connection)"
::1 - - [29/Dec/2025:00:54:34 +0000] "OPTIONS * HTTP/1.0" 200 126 "-" "Apache/2.4.62 (Debian) (internal dummy connection)"
::1 - - [29/Dec/2025:00:54:35 +0000] "OPTIONS * HTTP/1.0" 200 126 "-" "Apache/2.4.62 (Debian) (internal dummy connection)"
::1 - - [29/Dec/2025:00:54:36 +0000] "OPTIONS * HTTP/1.0" 200 126 "-" "Apache/2.4.62 (Debian) (internal dummy connection)"
::1 - - [29/Dec/2025:00:54:37 +0000] "OPTIONS * HTTP/1.0" 200 126 "-" "Apache/2.4.62 (Debian) (internal dummy connection)"
::1 - - [29/Dec/2025:00:54:38 +0000] "OPTIONS * HTTP/1.0" 200 126 "-" "Apache/2.4.62 (Debian) (internal dummy connection)"
::1 - - [29/Dec/2025:00:54:39 +0000] "OPTIONS * HTTP/1.0" 200 126 "-" "Apache/2.4.62 (Debian) (internal dummy connection)"
::1 - - [29/Dec/2025:00:54:40 +0000] "OPTIONS * HTTP/1.0" 200 126 "-" "Apache/2.4.62 (Debian) (internal dummy connection)"
::1 - - [29/Dec/2025:00:54:41 +0000] "OPTIONS * HTTP/1.0" 200 126 "-" "Apache/2.4.62 (Debian) (internal dummy connection)"
172.70.58.145 - - [29/Dec/2025:00:54:41 +0000] "GET /api/stuff?c=8&p=1 HTTP/1.1" 200 684 "https://arl.lambda.cam/create/hats" "Mozilla/5.0 (Windows NT 10.0; Win64; x64; rv:146.0) Gecko/20100101 Firefox/146.0"
172.70.58.145 - - [29/Dec/2025:00:54:42 +0000] "GET /thumbs/?id=61&sxy=130 HTTP/1.1" 200 15233 "https://arl.lambda.cam/create/hats" "Mozilla/5.0 (Windows NT 10.0; Win64; x64; rv:146.0) Gecko/20100101 Firefox/146.0"
172.70.58.145 - - [29/Dec/2025:00:54:42 +0000] "GET /thumbs/?id=38&sxy=130 HTTP/1.1" 200 8471 "https://arl.lambda.cam/create/hats" "Mozilla/5.0 (Windows NT 10.0; Win64; x64; rv:146.0) Gecko/20100101 Firefox/146.0"
172.70.58.145 - - [29/Dec/2025:00:54:42 +0000] "GET /thumbs/?id=41&sxy=130 HTTP/1.1" 200 9834 "https://arl.lambda.cam/create/hats" "Mozilla/5.0 (Windows NT 10.0; Win64; x64; rv:146.0) Gecko/20100101 Firefox/146.0"
172.70.58.146 - - [29/Dec/2025:00:54:42 +0000] "GET /thumbs/?id=56&sxy=130 HTTP/1.1" 200 17626 "https://arl.lambda.cam/create/hats" "Mozilla/5.0 (Windows NT 10.0; Win64; x64; rv:146.0) Gecko/20100101 Firefox/146.0"
172.70.58.145 - - [29/Dec/2025:00:54:42 +0000] "GET /thumbs/?id=11&sxy=130 HTTP/1.1" 200 13429 "https://arl.lambda.cam/create/hats" "Mozilla/5.0 (Windows NT 10.0; Win64; x64; rv:146.0) Gecko/20100101 Firefox/146.0"
172.70.58.145 - - [29/Dec/2025:00:54:43 +0000] "POST /v1.1/Counters/Increment/?apiKey=76E5A40C-3AE1-4028-9F10-7C62520BD94F&counterName=HTTPCacheMiss-Win32ANORRLStudioBeta.exe&amount=0 HTTP/1.1" 200 281 "-" "Roblox/WinInet"
172.68.205.162 - - [29/Dec/2025:00:54:43 +0000] "POST /v1.1/Counters/Increment/?apiKey=76E5A40C-3AE1-4028-9F10-7C62520BD94F&counterName=HTTPCacheTotal-Win32ANORRLStudioBeta.exe&amount=4 HTTP/1.1" 200 282 "-" "Roblox/WinInet"
172.68.205.105 - - [29/Dec/2025:00:54:43 +0000] "POST /game/report-stats?name=HTTPCacheBytes%2DWin32ANORRLStudioBeta%2Eexe&value=0%2E000000 HTTP/1.1" 200 282 "-" "Roblox/WinInet"
172.68.205.163 - - [29/Dec/2025:00:54:43 +0000] "POST /v1.1/Counters/Increment/?apiKey=76E5A40C-3AE1-4028-9F10-7C62520BD94F&counterName=HTTPCacheHit-Win32ANORRLStudioBeta.exe&amount=4 HTTP/1.1" 200 282 "-" "Roblox/WinInet"
::1 - - [29/Dec/2025:00:54:49 +0000] "OPTIONS * HTTP/1.0" 200 126 "-" "Apache/2.4.62 (Debian) (internal dummy connection)"
::1 - - [29/Dec/2025:00:54:50 +0000] "OPTIONS * HTTP/1.0" 200 126 "-" "Apache/2.4.62 (Debian) (internal dummy connection)"
::1 - - [29/Dec/2025:00:54:51 +0000] "OPTIONS * HTTP/1.0" 200 126 "-" "Apache/2.4.62 (Debian) (internal dummy connection)"
172.70.58.146 - - [29/Dec/2025:00:54:54 +0000] "GET /Asset/?id=64&serverplaceid=0&clientinsert=0 HTTP/1.1" 200 4348 "-" "Roblox/WinHttp"
172.70.58.145 - - [29/Dec/2025:00:54:54 +0000] "POST /create/hats HTTP/1.1" 302 340 "https://arl.lambda.cam/create/hats" "Mozilla/5.0 (Windows NT 10.0; Win64; x64; rv:146.0) Gecko/20100101 Firefox/146.0"
172.70.58.146 - - [29/Dec/2025:00:54:54 +0000] "GET /asset/?id=34854607 HTTP/1.1" 404 209 "-" "Roblox/WinHttp"
172.70.58.145 - - [29/Dec/2025:00:54:54 +0000] "GET /create/hats HTTP/1.1" 200 2975 "https://arl.lambda.cam/create/hats" "Mozilla/5.0 (Windows NT 10.0; Win64; x64; rv:146.0) Gecko/20100101 Firefox/146.0"
162.158.74.11 - - [29/Dec/2025:00:54:54 +0000] "GET /asset/?id=34854607 HTTP/1.1" 404 210 "-" "Roblox/WinHttp"
172.70.58.146 - - [29/Dec/2025:00:54:54 +0000] "GET /css/AllCSS.css?t=1766969694 HTTP/1.1" 200 4413 "https://arl.lambda.cam/create/hats" "Mozilla/5.0 (Windows NT 10.0; Win64; x64; rv:146.0) Gecko/20100101 Firefox/146.0"
172.70.58.146 - - [29/Dec/2025:00:54:54 +0000] "GET /js/main.js?t=1766969694 HTTP/1.1" 200 1159 "https://arl.lambda.cam/create/hats" "Mozilla/5.0 (Windows NT 10.0; Win64; x64; rv:146.0) Gecko/20100101 Firefox/146.0"
172.70.58.145 - - [29/Dec/2025:00:54:54 +0000] "GET /asset/?id=63 HTTP/1.1" 200 245002 "-" "Roblox/WinHttp"
172.70.58.146 - - [29/Dec/2025:00:54:54 +0000] "GET /asset/?id=62 HTTP/1.1" 200 377530 "-" "Roblox/WinHttp"
162.158.74.11 - - [29/Dec/2025:00:54:54 +0000] "POST /v1.1/Counters/Increment/?apiKey=76E5A40C-3AE1-4028-9F10-7C62520BD94F&counterName=HTTPSuccessDataStore-Win32&amount=0 HTTP/1.1" 200 281 "-" "Roblox/WinHttp"
172.68.205.105 - - [29/Dec/2025:00:54:54 +0000] "POST /game/report-stats?name=HTTPAccumulatedBytes%2DWin32&value=4142%2E000000 HTTP/1.1" 200 282 "-" "Roblox/WinHttp"
172.70.58.148 - - [29/Dec/2025:00:54:54 +0000] "POST /game/report-stats?name=HTTPDelayFailure%2DWin32&value=71%2E443001 HTTP/1.1" 200 282 "-" "Roblox/WinHttp"
172.70.58.146 - - [29/Dec/2025:00:54:54 +0000] "POST /v1.1/Counters/Increment/?apiKey=76E5A40C-3AE1-4028-9F10-7C62520BD94F&counterName=HTTPSuccess-Win32&amount=1 HTTP/1.1" 200 281 "-" "Roblox/WinHttp"
172.70.58.146 - - [29/Dec/2025:00:54:54 +0000] "POST /v1.1/Counters/Increment/?apiKey=76E5A40C-3AE1-4028-9F10-7C62520BD94F&counterName=HTTPSuccessMarketPlace-Win32&amount=0 HTTP/1.1" 200 281 "-" "Roblox/WinHttp"
162.158.74.11 - - [29/Dec/2025:00:54:54 +0000] "POST /v1.1/Counters/Increment/?apiKey=76E5A40C-3AE1-4028-9F10-7C62520BD94F&counterName=HTTPFailureMarketPlace-Win32&amount=0 HTTP/1.1" 200 281 "-" "Roblox/WinHttp"
172.70.58.146 - - [29/Dec/2025:00:54:54 +0000] "POST /v1.1/Counters/Increment/?apiKey=76E5A40C-3AE1-4028-9F10-7C62520BD94F&counterName=HTTPFailure-Win32&amount=2 HTTP/1.1" 200 281 "-" "Roblox/WinHttp"
172.70.58.148 - - [29/Dec/2025:00:54:54 +0000] "POST /game/report-stats?name=HTTPDelaySuccess%2DWin32&value=67%2E978798 HTTP/1.1" 200 281 "-" "Roblox/WinHttp"
172.70.58.145 - - [29/Dec/2025:00:54:54 +0000] "POST /v1.1/Counters/Increment/?apiKey=76E5A40C-3AE1-4028-9F10-7C62520BD94F&counterName=HTTPFailureDataStore-Win32&amount=0 HTTP/1.1" 200 281 "-" "Roblox/WinHttp"
172.70.58.146 - - [29/Dec/2025:00:54:54 +0000] "GET /api/stuff?c=8&p=1 HTTP/1.1" 200 748 "https://arl.lambda.cam/create/hats" "Mozilla/5.0 (Windows NT 10.0; Win64; x64; rv:146.0) Gecko/20100101 Firefox/146.0"
172.70.58.146 - - [29/Dec/2025:00:54:54 +0000] "POST /v1.1/Counters/Increment/?apiKey=76E5A40C-3AE1-4028-9F10-7C62520BD94F&counterName=HTTPSuccessMarketPlace-Win32&amount=0 HTTP/1.1" 200 281 "-" "Roblox/WinHttp"
172.70.58.146 - - [29/Dec/2025:00:54:54 +0000] "POST /v1.1/Counters/Increment/?apiKey=76E5A40C-3AE1-4028-9F10-7C62520BD94F&counterName=HTTPSuccess-Win32&amount=2 HTTP/1.1" 200 281 "-" "Roblox/WinHttp"
162.158.74.11 - - [29/Dec/2025:00:54:54 +0000] "POST /v1.1/Counters/Increment/?apiKey=76E5A40C-3AE1-4028-9F10-7C62520BD94F&counterName=HTTPSuccessDataStore-Win32&amount=0 HTTP/1.1" 200 281 "-" "Roblox/WinHttp"
172.68.205.105 - - [29/Dec/2025:00:54:54 +0000] "POST /game/report-stats?name=HTTPAccumulatedBytes%2DWin32&value=622082%2E000000 HTTP/1.1" 200 281 "-" "Roblox/WinHttp"
172.70.58.148 - - [29/Dec/2025:00:54:54 +0000] "POST /game/report-stats?name=HTTPDelaySuccess%2DWin32&value=207%2E946472 HTTP/1.1" 200 281 "-" "Roblox/WinHttp"
172.70.58.145 - - [29/Dec/2025:00:54:54 +0000] "GET /thumbs/?id=61&sxy=130 HTTP/1.1" 200 15233 "https://arl.lambda.cam/create/hats" "Mozilla/5.0 (Windows NT 10.0; Win64; x64; rv:146.0) Gecko/20100101 Firefox/146.0"
172.70.58.146 - - [29/Dec/2025:00:54:54 +0000] "GET /thumbs/?id=56&sxy=130 HTTP/1.1" 200 17625 "https://arl.lambda.cam/create/hats" "Mozilla/5.0 (Windows NT 10.0; Win64; x64; rv:146.0) Gecko/20100101 Firefox/146.0"
172.70.58.146 - - [29/Dec/2025:00:54:54 +0000] "GET /thumbs/?id=41&sxy=130 HTTP/1.1" 200 9833 "https://arl.lambda.cam/create/hats" "Mozilla/5.0 (Windows NT 10.0; Win64; x64; rv:146.0) Gecko/20100101 Firefox/146.0"
172.70.58.146 - - [29/Dec/2025:00:54:54 +0000] "GET /thumbs/?id=38&sxy=130 HTTP/1.1" 200 8470 "https://arl.lambda.cam/create/hats" "Mozilla/5.0 (Windows NT 10.0; Win64; x64; rv:146.0) Gecko/20100101 Firefox/146.0"
172.70.58.146 - - [29/Dec/2025:00:54:54 +0000] "GET /thumbs/?id=11&sxy=130 HTTP/1.1" 200 13430 "https://arl.lambda.cam/create/hats" "Mozilla/5.0 (Windows NT 10.0; Win64; x64; rv:146.0) Gecko/20100101 Firefox/146.0"
172.70.58.145 - - [29/Dec/2025:00:54:54 +0000] "GET /thumbs/?id=64&sxy=130 HTTP/1.1" 200 33958 "https://arl.lambda.cam/create/hats" "Mozilla/5.0 (Windows NT 10.0; Win64; x64; rv:146.0) Gecko/20100101 Firefox/146.0"
192.168.0.220 - - [29/Dec/2025:00:54:55 +0000] "POST /api/upload HTTP/1.1" 200 14467 "-" "Roblox/WinHttp"
172.70.58.146 - - [29/Dec/2025:00:54:55 +0000] "POST /v1.1/Counters/Increment/?apiKey=76E5A40C-3AE1-4028-9F10-7C62520BD94F&counterName=HTTPSuccessDataStore-Win32&amount=0 HTTP/1.1" 200 281 "-" "Roblox/WinHttp"
172.70.58.146 - - [29/Dec/2025:00:54:55 +0000] "POST /v1.1/Counters/Increment/?apiKey=76E5A40C-3AE1-4028-9F10-7C62520BD94F&counterName=HTTPSuccess-Win32&amount=1 HTTP/1.1" 200 281 "-" "Roblox/WinHttp"
172.70.58.146 - - [29/Dec/2025:00:54:55 +0000] "POST /v1.1/Counters/Increment/?apiKey=76E5A40C-3AE1-4028-9F10-7C62520BD94F&counterName=HTTPSuccessMarketPlace-Win32&amount=0 HTTP/1.1" 200 281 "-" "Roblox/WinHttp"
172.70.58.148 - - [29/Dec/2025:00:54:55 +0000] "POST /game/report-stats?name=HTTPAccumulatedBytes%2DWin32&value=19162%2E000000 HTTP/1.1" 200 281 "-" "Roblox/WinHttp"
172.70.58.148 - - [29/Dec/2025:00:54:55 +0000] "POST /game/report-stats?name=HTTPDelaySuccess%2DWin32&value=54%2E195454 HTTP/1.1" 200 282 "-" "Roblox/WinHttp"
172.70.58.146 - - [29/Dec/2025:00:54:56 +0000] "GET /create/hats HTTP/1.1" 200 2917 "https://arl.lambda.cam/create/hats" "Mozilla/5.0 (Windows NT 10.0; Win64; x64; rv:146.0) Gecko/20100101 Firefox/146.0"
172.70.58.145 - - [29/Dec/2025:00:54:56 +0000] "GET /css/AllCSS.css?t=1766969696 HTTP/1.1" 200 4412 "https://arl.lambda.cam/create/hats" "Mozilla/5.0 (Windows NT 10.0; Win64; x64; rv:146.0) Gecko/20100101 Firefox/146.0"
172.70.58.146 - - [29/Dec/2025:00:54:56 +0000] "GET /js/main.js?t=1766969696 HTTP/1.1" 200 1158 "https://arl.lambda.cam/create/hats" "Mozilla/5.0 (Windows NT 10.0; Win64; x64; rv:146.0) Gecko/20100101 Firefox/146.0"
172.70.58.146 - - [29/Dec/2025:00:54:56 +0000] "GET /api/stuff?c=8&p=1 HTTP/1.1" 200 748 "https://arl.lambda.cam/create/hats" "Mozilla/5.0 (Windows NT 10.0; Win64; x64; rv:146.0) Gecko/20100101 Firefox/146.0"
172.70.58.146 - - [29/Dec/2025:00:54:56 +0000] "GET /thumbs/?id=64&sxy=130 HTTP/1.1" 200 4358 "https://arl.lambda.cam/create/hats" "Mozilla/5.0 (Windows NT 10.0; Win64; x64; rv:146.0) Gecko/20100101 Firefox/146.0"
172.70.58.146 - - [29/Dec/2025:00:54:56 +0000] "GET /thumbs/?id=61&sxy=130 HTTP/1.1" 200 15233 "https://arl.lambda.cam/create/hats" "Mozilla/5.0 (Windows NT 10.0; Win64; x64; rv:146.0) Gecko/20100101 Firefox/146.0"
172.70.58.145 - - [29/Dec/2025:00:54:56 +0000] "GET /thumbs/?id=56&sxy=130 HTTP/1.1" 200 17625 "https://arl.lambda.cam/create/hats" "Mozilla/5.0 (Windows NT 10.0; Win64; x64; rv:146.0) Gecko/20100101 Firefox/146.0"
172.70.58.146 - - [29/Dec/2025:00:54:56 +0000] "GET /thumbs/?id=41&sxy=130 HTTP/1.1" 200 9833 "https://arl.lambda.cam/create/hats" "Mozilla/5.0 (Windows NT 10.0; Win64; x64; rv:146.0) Gecko/20100101 Firefox/146.0"
172.70.58.146 - - [29/Dec/2025:00:54:56 +0000] "GET /thumbs/?id=38&sxy=130 HTTP/1.1" 200 8470 "https://arl.lambda.cam/create/hats" "Mozilla/5.0 (Windows NT 10.0; Win64; x64; rv:146.0) Gecko/20100101 Firefox/146.0"
172.70.58.146 - - [29/Dec/2025:00:54:56 +0000] "GET /thumbs/?id=11&sxy=130 HTTP/1.1" 200 13429 "https://arl.lambda.cam/create/hats" "Mozilla/5.0 (Windows NT 10.0; Win64; x64; rv:146.0) Gecko/20100101 Firefox/146.0"
172.70.58.146 - - [29/Dec/2025:00:54:58 +0000] "GET /my/character HTTP/1.1" 200 2965 "https://arl.lambda.cam/create/hats" "Mozilla/5.0 (Windows NT 10.0; Win64; x64; rv:146.0) Gecko/20100101 Firefox/146.0"
172.70.58.146 - - [29/Dec/2025:00:54:59 +0000] "GET /css/AllCSS.css?t=1766969699 HTTP/1.1" 200 4412 "https://arl.lambda.cam/my/character" "Mozilla/5.0 (Windows NT 10.0; Win64; x64; rv:146.0) Gecko/20100101 Firefox/146.0"
172.70.58.145 - - [29/Dec/2025:00:54:59 +0000] "GET /js/main.js?t=1766969699 HTTP/1.1" 200 1158 "https://arl.lambda.cam/my/character" "Mozilla/5.0 (Windows NT 10.0; Win64; x64; rv:146.0) Gecko/20100101 Firefox/146.0"
172.70.58.146 - - [29/Dec/2025:00:54:59 +0000] "GET /js/character.js?t=1760895512 HTTP/1.1" 200 4424 "https://arl.lambda.cam/my/character" "Mozilla/5.0 (Windows NT 10.0; Win64; x64; rv:146.0) Gecko/20100101 Firefox/146.0"
172.70.58.146 - - [29/Dec/2025:00:54:59 +0000] "GET /thumbs/player?id=1 HTTP/1.1" 200 34538 "https://arl.lambda.cam/my/character" "Mozilla/5.0 (Windows NT 10.0; Win64; x64; rv:146.0) Gecko/20100101 Firefox/146.0"
172.70.58.146 - - [29/Dec/2025:00:54:59 +0000] "GET /api/character?r=getwardrobe&c=8&p=1 HTTP/1.1" 200 677 "https://arl.lambda.cam/my/character" "Mozilla/5.0 (Windows NT 10.0; Win64; x64; rv:146.0) Gecko/20100101 Firefox/146.0"
172.70.58.146 - - [29/Dec/2025:00:54:59 +0000] "GET /api/character?r=getwearing HTTP/1.1" 200 588 "https://arl.lambda.cam/my/character" "Mozilla/5.0 (Windows NT 10.0; Win64; x64; rv:146.0) Gecko/20100101 Firefox/146.0"
172.70.58.145 - - [29/Dec/2025:00:54:59 +0000] "GET /api/character?r=getbodycolours HTTP/1.1" 200 387 "https://arl.lambda.cam/my/character" "Mozilla/5.0 (Windows NT 10.0; Win64; x64; rv:146.0) Gecko/20100101 Firefox/146.0"
172.70.58.146 - - [29/Dec/2025:00:54:59 +0000] "GET /thumbs/?id=64&sxy=130 HTTP/1.1" 200 4358 "https://arl.lambda.cam/my/character" "Mozilla/5.0 (Windows NT 10.0; Win64; x64; rv:146.0) Gecko/20100101 Firefox/146.0"
172.70.58.146 - - [29/Dec/2025:00:54:59 +0000] "GET /thumbs/?id=61&sxy=130 HTTP/1.1" 200 15233 "https://arl.lambda.cam/my/character" "Mozilla/5.0 (Windows NT 10.0; Win64; x64; rv:146.0) Gecko/20100101 Firefox/146.0"
172.70.58.146 - - [29/Dec/2025:00:54:59 +0000] "GET /thumbs/?id=56&sxy=130 HTTP/1.1" 200 17625 "https://arl.lambda.cam/my/character" "Mozilla/5.0 (Windows NT 10.0; Win64; x64; rv:146.0) Gecko/20100101 Firefox/146.0"
172.70.58.146 - - [29/Dec/2025:00:54:59 +0000] "GET /thumbs/?id=11&sxy=130 HTTP/1.1" 200 13429 "https://arl.lambda.cam/my/character" "Mozilla/5.0 (Windows NT 10.0; Win64; x64; rv:146.0) Gecko/20100101 Firefox/146.0"
172.70.58.145 - - [29/Dec/2025:00:54:59 +0000] "GET /thumbs/?id=38&sxy=130 HTTP/1.1" 200 8470 "https://arl.lambda.cam/my/character" "Mozilla/5.0 (Windows NT 10.0; Win64; x64; rv:146.0) Gecko/20100101 Firefox/146.0"
172.70.58.146 - - [29/Dec/2025:00:54:59 +0000] "GET /thumbs/?id=41&sxy=130 HTTP/1.1" 200 9833 "https://arl.lambda.cam/my/character" "Mozilla/5.0 (Windows NT 10.0; Win64; x64; rv:146.0) Gecko/20100101 Firefox/146.0"
172.70.58.146 - - [29/Dec/2025:00:54:59 +0000] "GET /thumbs/?id=22&sxy=130 HTTP/1.1" 200 7501 "https://arl.lambda.cam/my/character" "Mozilla/5.0 (Windows NT 10.0; Win64; x64; rv:146.0) Gecko/20100101 Firefox/146.0"
172.70.58.146 - - [29/Dec/2025:00:54:59 +0000] "GET /thumbs/?id=45&sxy=130 HTTP/1.1" 200 5646 "https://arl.lambda.cam/my/character" "Mozilla/5.0 (Windows NT 10.0; Win64; x64; rv:146.0) Gecko/20100101 Firefox/146.0"
172.70.58.145 - - [29/Dec/2025:00:54:59 +0000] "GET /thumbs/?id=43&sxy=130 HTTP/1.1" 200 2804 "https://arl.lambda.cam/my/character" "Mozilla/5.0 (Windows NT 10.0; Win64; x64; rv:146.0) Gecko/20100101 Firefox/146.0"
::1 - - [29/Dec/2025:00:55:05 +0000] "OPTIONS * HTTP/1.0" 200 126 "-" "Apache/2.4.62 (Debian) (internal dummy connection)"
::1 - - [29/Dec/2025:00:55:06 +0000] "OPTIONS * HTTP/1.0" 200 126 "-" "Apache/2.4.62 (Debian) (internal dummy connection)"
::1 - - [29/Dec/2025:00:55:07 +0000] "OPTIONS * HTTP/1.0" 200 126 "-" "Apache/2.4.62 (Debian) (internal dummy connection)"
::1 - - [29/Dec/2025:00:55:08 +0000] "OPTIONS * HTTP/1.0" 200 126 "-" "Apache/2.4.62 (Debian) (internal dummy connection)"
::1 - - [29/Dec/2025:00:55:09 +0000] "OPTIONS * HTTP/1.0" 200 126 "-" "Apache/2.4.62 (Debian) (internal dummy connection)"
::1 - - [29/Dec/2025:00:55:10 +0000] "OPTIONS * HTTP/1.0" 200 126 "-" "Apache/2.4.62 (Debian) (internal dummy connection)"
::1 - - [29/Dec/2025:00:55:11 +0000] "OPTIONS * HTTP/1.0" 200 126 "-" "Apache/2.4.62 (Debian) (internal dummy connection)"
172.69.59.242 - - [29/Dec/2025:00:55:18 +0000] "GET /catalog HTTP/1.1" 200 2583 "https://arl.lambda.cam/monstarsvisortexture-item?id=60" "Mozilla/5.0 (Windows NT 10.0; Win64; x64) AppleWebKit/537.36 (KHTML, like Gecko) Chrome/143.0.0.0 Safari/537.36"
172.69.59.242 - - [29/Dec/2025:00:55:19 +0000] "GET /css/AllCSS.css?t=1766969718 HTTP/1.1" 200 4412 "https://arl.lambda.cam/catalog" "Mozilla/5.0 (Windows NT 10.0; Win64; x64) AppleWebKit/537.36 (KHTML, like Gecko) Chrome/143.0.0.0 Safari/537.36"
172.69.59.242 - - [29/Dec/2025:00:55:19 +0000] "GET /js/main.js?t=1766969718 HTTP/1.1" 200 1159 "https://arl.lambda.cam/catalog" "Mozilla/5.0 (Windows NT 10.0; Win64; x64) AppleWebKit/537.36 (KHTML, like Gecko) Chrome/143.0.0.0 Safari/537.36"
172.69.59.242 - - [29/Dec/2025:00:55:19 +0000] "GET /api/catalog?c=8&q=&p=1 HTTP/1.1" 200 834 "https://arl.lambda.cam/catalog" "Mozilla/5.0 (Windows NT 10.0; Win64; x64) AppleWebKit/537.36 (KHTML, like Gecko) Chrome/143.0.0.0 Safari/537.36"
172.69.59.242 - - [29/Dec/2025:00:55:19 +0000] "GET /thumbs/?id=38&sxy=130 HTTP/1.1" 200 8470 "https://arl.lambda.cam/catalog" "Mozilla/5.0 (Windows NT 10.0; Win64; x64) AppleWebKit/537.36 (KHTML, like Gecko) Chrome/143.0.0.0 Safari/537.36"
172.69.59.242 - - [29/Dec/2025:00:55:19 +0000] "GET /thumbs/?id=11&sxy=130 HTTP/1.1" 200 13429 "https://arl.lambda.cam/catalog" "Mozilla/5.0 (Windows NT 10.0; Win64; x64) AppleWebKit/537.36 (KHTML, like Gecko) Chrome/143.0.0.0 Safari/537.36"
172.69.59.241 - - [29/Dec/2025:00:55:19 +0000] "GET /thumbs/?id=64&sxy=130 HTTP/1.1" 200 4359 "https://arl.lambda.cam/catalog" "Mozilla/5.0 (Windows NT 10.0; Win64; x64) AppleWebKit/537.36 (KHTML, like Gecko) Chrome/143.0.0.0 Safari/537.36"
172.69.59.242 - - [29/Dec/2025:00:55:19 +0000] "GET /thumbs/?id=61&sxy=130 HTTP/1.1" 200 15234 "https://arl.lambda.cam/catalog" "Mozilla/5.0 (Windows NT 10.0; Win64; x64) AppleWebKit/537.36 (KHTML, like Gecko) Chrome/143.0.0.0 Safari/537.36"
172.69.59.242 - - [29/Dec/2025:00:55:19 +0000] "GET /thumbs/?id=41&sxy=130 HTTP/1.1" 200 9834 "https://arl.lambda.cam/catalog" "Mozilla/5.0 (Windows NT 10.0; Win64; x64) AppleWebKit/537.36 (KHTML, like Gecko) Chrome/143.0.0.0 Safari/537.36"
172.69.59.242 - - [29/Dec/2025:00:55:19 +0000] "GET /thumbs/?id=56&sxy=130 HTTP/1.1" 200 17626 "https://arl.lambda.cam/catalog" "Mozilla/5.0 (Windows NT 10.0; Win64; x64) AppleWebKit/537.36 (KHTML, like Gecko) Chrome/143.0.0.0 Safari/537.36"
172.70.100.61 - - [29/Dec/2025:00:55:20 +0000] "POST /v1.1/Counters/Increment/?apiKey=76E5A40C-3AE1-4028-9F10-7C62520BD94F&counterName=HTTPCacheHit-Win32ANORRLStudioBeta.exe&amount=11 HTTP/1.1" 200 282 "-" "Roblox/WinInet"
172.70.127.182 - - [29/Dec/2025:00:55:20 +0000] "POST /v1.1/Counters/Increment/?apiKey=76E5A40C-3AE1-4028-9F10-7C62520BD94F&counterName=HTTPCacheMiss-Win32ANORRLStudioBeta.exe&amount=0 HTTP/1.1" 200 282 "-" "Roblox/WinInet"
172.69.6.153 - - [29/Dec/2025:00:55:20 +0000] "POST /v1.1/Counters/Increment/?apiKey=76E5A40C-3AE1-4028-9F10-7C62520BD94F&counterName=HTTPCacheTotal-Win32ANORRLStudioBeta.exe&amount=11 HTTP/1.1" 200 282 "-" "Roblox/WinInet"
172.69.58.138 - - [29/Dec/2025:00:55:20 +0000] "POST /game/report-stats?name=HTTPCacheBytes%2DWin32ANORRLStudioBeta%2Eexe&value=0%2E000000 HTTP/1.1" 200 282 "-" "Roblox/WinInet"
::1 - - [29/Dec/2025:00:55:25 +0000] "OPTIONS * HTTP/1.0" 200 126 "-" "Apache/2.4.62 (Debian) (internal dummy connection)"
::1 - - [29/Dec/2025:00:55:26 +0000] "OPTIONS * HTTP/1.0" 200 126 "-" "Apache/2.4.62 (Debian) (internal dummy connection)"
172.69.59.241 - - [29/Dec/2025:00:55:27 +0000] "GET /fort-buster-item?id=11 HTTP/1.1" 200 3492 "https://arl.lambda.cam/catalog" "Mozilla/5.0 (Windows NT 10.0; Win64; x64) AppleWebKit/537.36 (KHTML, like Gecko) Chrome/143.0.0.0 Safari/537.36"
172.69.59.241 - - [29/Dec/2025:00:55:27 +0000] "GET /css/AllCSS.css?t=1766969727 HTTP/1.1" 200 4412 "https://arl.lambda.cam/fort-buster-item?id=11" "Mozilla/5.0 (Windows NT 10.0; Win64; x64) AppleWebKit/537.36 (KHTML, like Gecko) Chrome/143.0.0.0 Safari/537.36"
::1 - - [29/Dec/2025:00:55:27 +0000] "OPTIONS * HTTP/1.0" 200 126 "-" "Apache/2.4.62 (Debian) (internal dummy connection)"
172.69.59.241 - - [29/Dec/2025:00:55:27 +0000] "GET /js/item.js?t=1766969727 HTTP/1.1" 200 1162 "https://arl.lambda.cam/fort-buster-item?id=11" "Mozilla/5.0 (Windows NT 10.0; Win64; x64) AppleWebKit/537.36 (KHTML, like Gecko) Chrome/143.0.0.0 Safari/537.36"
172.69.59.241 - - [29/Dec/2025:00:55:27 +0000] "GET /js/main.js?t=1766969727 HTTP/1.1" 200 1159 "https://arl.lambda.cam/fort-buster-item?id=11" "Mozilla/5.0 (Windows NT 10.0; Win64; x64) AppleWebKit/537.36 (KHTML, like Gecko) Chrome/143.0.0.0 Safari/537.36"
172.69.59.242 - - [29/Dec/2025:00:55:27 +0000] "GET /thumbs/?id=11&sxy=240 HTTP/1.1" 200 36578 "https://arl.lambda.cam/fort-buster-item?id=11" "Mozilla/5.0 (Windows NT 10.0; Win64; x64) AppleWebKit/537.36 (KHTML, like Gecko) Chrome/143.0.0.0 Safari/537.36"
172.69.59.241 - - [29/Dec/2025:00:55:27 +0000] "GET /thumbs/player?id=1 HTTP/1.1" 200 34538 "https://arl.lambda.cam/fort-buster-item?id=11" "Mozilla/5.0 (Windows NT 10.0; Win64; x64) AppleWebKit/537.36 (KHTML, like Gecko) Chrome/143.0.0.0 Safari/537.36"
172.69.59.241 - - [29/Dec/2025:00:55:31 +0000] "POST /api/purchase HTTP/1.1" 200 345 "https://arl.lambda.cam/fort-buster-item?id=11" "Mozilla/5.0 (Windows NT 10.0; Win64; x64) AppleWebKit/537.36 (KHTML, like Gecko) Chrome/143.0.0.0 Safari/537.36"
172.69.59.241 - - [29/Dec/2025:00:55:32 +0000] "GET /fort-buster-item?id=11 HTTP/1.1" 200 3482 "https://arl.lambda.cam/fort-buster-item?id=11" "Mozilla/5.0 (Windows NT 10.0; Win64; x64) AppleWebKit/537.36 (KHTML, like Gecko) Chrome/143.0.0.0 Safari/537.36"
172.69.59.241 - - [29/Dec/2025:00:55:33 +0000] "GET /css/AllCSS.css?t=1766969732 HTTP/1.1" 200 4412 "https://arl.lambda.cam/fort-buster-item?id=11" "Mozilla/5.0 (Windows NT 10.0; Win64; x64) AppleWebKit/537.36 (KHTML, like Gecko) Chrome/143.0.0.0 Safari/537.36"
172.69.59.241 - - [29/Dec/2025:00:55:33 +0000] "GET /js/item.js?t=1766969732 HTTP/1.1" 200 1162 "https://arl.lambda.cam/fort-buster-item?id=11" "Mozilla/5.0 (Windows NT 10.0; Win64; x64) AppleWebKit/537.36 (KHTML, like Gecko) Chrome/143.0.0.0 Safari/537.36"
172.69.59.242 - - [29/Dec/2025:00:55:33 +0000] "GET /js/main.js?t=1766969732 HTTP/1.1" 200 1159 "https://arl.lambda.cam/fort-buster-item?id=11" "Mozilla/5.0 (Windows NT 10.0; Win64; x64) AppleWebKit/537.36 (KHTML, like Gecko) Chrome/143.0.0.0 Safari/537.36"
172.69.59.242 - - [29/Dec/2025:00:55:33 +0000] "GET /thumbs/?id=11&sxy=240 HTTP/1.1" 200 36578 "https://arl.lambda.cam/fort-buster-item?id=11" "Mozilla/5.0 (Windows NT 10.0; Win64; x64) AppleWebKit/537.36 (KHTML, like Gecko) Chrome/143.0.0.0 Safari/537.36"
172.69.59.241 - - [29/Dec/2025:00:55:33 +0000] "GET /thumbs/player?id=1 HTTP/1.1" 200 34538 "https://arl.lambda.cam/fort-buster-item?id=11" "Mozilla/5.0 (Windows NT 10.0; Win64; x64) AppleWebKit/537.36 (KHTML, like Gecko) Chrome/143.0.0.0 Safari/537.36"
172.69.59.242 - - [29/Dec/2025:00:55:34 +0000] "GET /catalog HTTP/1.1" 200 2583 "https://arl.lambda.cam/fort-buster-item?id=11" "Mozilla/5.0 (Windows NT 10.0; Win64; x64) AppleWebKit/537.36 (KHTML, like Gecko) Chrome/143.0.0.0 Safari/537.36"
172.69.59.241 - - [29/Dec/2025:00:55:35 +0000] "GET /css/AllCSS.css?t=1766969734 HTTP/1.1" 200 4412 "https://arl.lambda.cam/catalog" "Mozilla/5.0 (Windows NT 10.0; Win64; x64) AppleWebKit/537.36 (KHTML, like Gecko) Chrome/143.0.0.0 Safari/537.36"
172.69.59.242 - - [29/Dec/2025:00:55:35 +0000] "GET /js/main.js?t=1766969734 HTTP/1.1" 200 1158 "https://arl.lambda.cam/catalog" "Mozilla/5.0 (Windows NT 10.0; Win64; x64) AppleWebKit/537.36 (KHTML, like Gecko) Chrome/143.0.0.0 Safari/537.36"
172.69.59.241 - - [29/Dec/2025:00:55:35 +0000] "GET /api/catalog?c=8&q=&p=1 HTTP/1.1" 200 834 "https://arl.lambda.cam/catalog" "Mozilla/5.0 (Windows NT 10.0; Win64; x64) AppleWebKit/537.36 (KHTML, like Gecko) Chrome/143.0.0.0 Safari/537.36"
172.69.59.241 - - [29/Dec/2025:00:55:35 +0000] "GET /thumbs/?id=11&sxy=130 HTTP/1.1" 200 13429 "https://arl.lambda.cam/catalog" "Mozilla/5.0 (Windows NT 10.0; Win64; x64) AppleWebKit/537.36 (KHTML, like Gecko) Chrome/143.0.0.0 Safari/537.36"
172.69.59.242 - - [29/Dec/2025:00:55:35 +0000] "GET /thumbs/?id=38&sxy=130 HTTP/1.1" 200 8470 "https://arl.lambda.cam/catalog" "Mozilla/5.0 (Windows NT 10.0; Win64; x64) AppleWebKit/537.36 (KHTML, like Gecko) Chrome/143.0.0.0 Safari/537.36"
172.69.59.242 - - [29/Dec/2025:00:55:35 +0000] "GET /thumbs/?id=41&sxy=130 HTTP/1.1" 200 9833 "https://arl.lambda.cam/catalog" "Mozilla/5.0 (Windows NT 10.0; Win64; x64) AppleWebKit/537.36 (KHTML, like Gecko) Chrome/143.0.0.0 Safari/537.36"
172.69.59.241 - - [29/Dec/2025:00:55:35 +0000] "GET /thumbs/?id=56&sxy=130 HTTP/1.1" 200 17625 "https://arl.lambda.cam/catalog" "Mozilla/5.0 (Windows NT 10.0; Win64; x64) AppleWebKit/537.36 (KHTML, like Gecko) Chrome/143.0.0.0 Safari/537.36"
172.69.59.241 - - [29/Dec/2025:00:55:35 +0000] "GET /thumbs/?id=61&sxy=130 HTTP/1.1" 200 15234 "https://arl.lambda.cam/catalog" "Mozilla/5.0 (Windows NT 10.0; Win64; x64) AppleWebKit/537.36 (KHTML, like Gecko) Chrome/143.0.0.0 Safari/537.36"
172.69.59.241 - - [29/Dec/2025:00:55:35 +0000] "GET /thumbs/?id=64&sxy=130 HTTP/1.1" 200 4359 "https://arl.lambda.cam/catalog" "Mozilla/5.0 (Windows NT 10.0; Win64; x64) AppleWebKit/537.36 (KHTML, like Gecko) Chrome/143.0.0.0 Safari/537.36"
::1 - - [29/Dec/2025:00:55:41 +0000] "OPTIONS * HTTP/1.0" 200 126 "-" "Apache/2.4.62 (Debian) (internal dummy connection)"
::1 - - [29/Dec/2025:00:55:42 +0000] "OPTIONS * HTTP/1.0" 200 126 "-" "Apache/2.4.62 (Debian) (internal dummy connection)"
::1 - - [29/Dec/2025:00:55:43 +0000] "OPTIONS * HTTP/1.0" 200 126 "-" "Apache/2.4.62 (Debian) (internal dummy connection)"
::1 - - [29/Dec/2025:00:55:44 +0000] "OPTIONS * HTTP/1.0" 200 126 "-" "Apache/2.4.62 (Debian) (internal dummy connection)"
172.69.6.152 - - [29/Dec/2025:00:55:55 +0000] "GET /asset/?id=46 HTTP/1.1" 200 41602 "-" "Roblox/WinInet"
172.68.205.162 - - [29/Dec/2025:00:55:59 +0000] "GET /GetAllowedSecurityVersions/?apiKey=2b4ba7fc-5843-44cf-b107-ba22d3319dcd HTTP/1.1" 200 262 "-" "Roblox/WinHttp"
172.68.205.162 - - [29/Dec/2025:00:55:59 +0000] "GET /GetAllowedMD5Hashes/?apiKey=2b4ba7fc-5843-44cf-b107-ba22d3319dcd HTTP/1.1" 200 208 "-" "Roblox/WinHttp"
172.68.205.162 - - [29/Dec/2025:00:56:00 +0000] "POST /v1.1/Counters/Increment/?apiKey=76E5A40C-3AE1-4028-9F10-7C62520BD94F&counterName=HTTPSuccessMarketPlace-Win32&amount=0 HTTP/1.1" 200 281 "-" "Roblox/WinHttp"
172.70.58.146 - - [29/Dec/2025:00:56:00 +0000] "POST /v1.1/Counters/Increment/?apiKey=76E5A40C-3AE1-4028-9F10-7C62520BD94F&counterName=HTTPSuccessDataStore-Win32&amount=0 HTTP/1.1" 200 282 "-" "Roblox/WinHttp"
