104.23.187.150 - - [29/Dec/2025:00:41:59 +0000] "GET /js/main.js?t=1766968919 HTTP/1.1" 200 1159 "https://arl.lambda.cam/my/home" "Mozilla/5.0 (Windows NT 10.0; Win64; x64; rv:147.0) Gecko/20100101 Firefox/147.0"
104.23.187.151 - - [29/Dec/2025:00:41:59 +0000] "GET /thumbs/player?id=5 HTTP/1.1" 200 21086 "https://arl.lambda.cam/my/home" "Mozilla/5.0 (Windows NT 10.0; Win64; x64; rv:147.0) Gecko/20100101 Firefox/147.0"
104.23.187.150 - - [29/Dec/2025:00:41:59 +0000] "GET /thumbs/player?id= HTTP/1.1" 200 312 "https://arl.lambda.cam/my/home" "Mozilla/5.0 (Windows NT 10.0; Win64; x64; rv:147.0) Gecko/20100101 Firefox/147.0"
104.23.187.150 - - [29/Dec/2025:00:41:59 +0000] "GET /api/feeds?p=1 HTTP/1.1" 200 621 "https://arl.lambda.cam/my/home" "Mozilla/5.0 (Windows NT 10.0; Win64; x64; rv:147.0) Gecko/20100101 Firefox/147.0"
104.23.187.150 - - [29/Dec/2025:00:42:00 +0000] "GET /thumbs/player?id=4 HTTP/1.1" 200 19151 "https://arl.lambda.cam/my/home" "Mozilla/5.0 (Windows NT 10.0; Win64; x64; rv:147.0) Gecko/20100101 Firefox/147.0"
104.23.187.151 - - [29/Dec/2025:00:42:00 +0000] "GET /thumbs/player?id= HTTP/1.1" 200 312 "https://arl.lambda.cam/my/home" "Mozilla/5.0 (Windows NT 10.0; Win64; x64; rv:147.0) Gecko/20100101 Firefox/147.0"
104.23.187.150 - - [29/Dec/2025:00:42:00 +0000] "GET /thumbs/player?id=1 HTTP/1.1" 200 34538 "https://arl.lambda.cam/my/home" "Mozilla/5.0 (Windows NT 10.0; Win64; x64; rv:147.0) Gecko/20100101 Firefox/147.0"
104.23.187.151 - - [29/Dec/2025:00:42:00 +0000] "GET /create/ HTTP/1.1" 200 2850 "https://arl.lambda.cam/my/home" "Mozilla/5.0 (Windows NT 10.0; Win64; x64; rv:147.0) Gecko/20100101 Firefox/147.0"
104.23.187.150 - - [29/Dec/2025:00:42:00 +0000] "GET /css/AllCSS.css?t=1766968920 HTTP/1.1" 200 4412 "https://arl.lambda.cam/create/" "Mozilla/5.0 (Windows NT 10.0; Win64; x64; rv:147.0) Gecko/20100101 Firefox/147.0"
104.23.187.151 - - [29/Dec/2025:00:42:00 +0000] "GET /js/create.js HTTP/1.1" 200 2258 "https://arl.lambda.cam/create/" "Mozilla/5.0 (Windows NT 10.0; Win64; x64; rv:147.0) Gecko/20100101 Firefox/147.0"
104.23.187.150 - - [29/Dec/2025:00:42:00 +0000] "GET /js/main.js?t=1766968920 HTTP/1.1" 200 1158 "https://arl.lambda.cam/create/" "Mozilla/5.0 (Windows NT 10.0; Win64; x64; rv:147.0) Gecko/20100101 Firefox/147.0"
104.23.187.150 - - [29/Dec/2025:00:42:01 +0000] "GET /api/stuff?c=11&p=1 HTTP/1.1" 200 343 "https://arl.lambda.cam/create/shirts" "Mozilla/5.0 (Windows NT 10.0; Win64; x64; rv:147.0) Gecko/20100101 Firefox/147.0"
104.23.187.150 - - [29/Dec/2025:00:42:03 +0000] "GET /api/stuff?c=3&p=1 HTTP/1.1" 200 343 "https://arl.lambda.cam/create/audio" "Mozilla/5.0 (Windows NT 10.0; Win64; x64; rv:147.0) Gecko/20100101 Firefox/147.0"
172.69.17.18 - - [29/Dec/2025:00:42:03 +0000] "POST /game/report-stats?name=HTTPDelayFailure%2DWin32&value=295%2E216095 HTTP/1.1" 200 282 "-" "Roblox/WinInet"
172.70.131.208 - - [29/Dec/2025:00:42:03 +0000] "POST /game/report-stats?name=HTTPAccumulatedBytes%2DWin32&value=65496%2E000000 HTTP/1.1" 200 282 "-" "Roblox/WinInet"
172.70.131.208 - - [29/Dec/2025:00:42:03 +0000] "POST /game/report-stats?name=HTTPDelaySuccess%2DWin32&value=558%2E675049 HTTP/1.1" 200 282 "-" "Roblox/WinInet"
172.69.59.242 - - [29/Dec/2025:00:42:03 +0000] "POST /v1.1/Counters/Increment/?apiKey=76E5A40C-3AE1-4028-9F10-7C62520BD94F&counterName=HTTPFailureMarketPlace-Win32&amount=0 HTTP/1.1" 200 282 "-" "Roblox/WinInet"
172.71.254.99 - - [29/Dec/2025:00:42:03 +0000] "POST /v1.1/Counters/Increment/?apiKey=76E5A40C-3AE1-4028-9F10-7C62520BD94F&counterName=HTTPSuccess-Win32&amount=10 HTTP/1.1" 200 282 "-" "Roblox/WinInet"
172.69.17.70 - - [29/Dec/2025:00:42:03 +0000] "POST /v1.1/Counters/Increment/?apiKey=76E5A40C-3AE1-4028-9F10-7C62520BD94F&counterName=HTTPSuccessMarketPlace-Win32&amount=0 HTTP/1.1" 200 282 "-" "Roblox/WinInet"
172.69.17.71 - - [29/Dec/2025:00:42:03 +0000] "POST /v1.1/Counters/Increment/?apiKey=76E5A40C-3AE1-4028-9F10-7C62520BD94F&counterName=HTTPFailure-Win32&amount=7 HTTP/1.1" 200 282 "-" "Roblox/WinInet"
172.69.6.152 - - [29/Dec/2025:00:42:03 +0000] "POST /v1.1/Counters/Increment/?apiKey=76E5A40C-3AE1-4028-9F10-7C62520BD94F&counterName=HTTPSuccessDataStore-Win32&amount=0 HTTP/1.1" 200 282 "-" "Roblox/WinInet"
104.23.187.151 - - [29/Dec/2025:00:42:04 +0000] "GET /api/stuff?c=13&p=1 HTTP/1.1" 200 343 "https://arl.lambda.cam/create/decals" "Mozilla/5.0 (Windows NT 10.0; Win64; x64; rv:147.0) Gecko/20100101 Firefox/147.0"
172.70.100.62 - - [29/Dec/2025:00:42:04 +0000] "POST /v1.1/Counters/Increment/?apiKey=76E5A40C-3AE1-4028-9F10-7C62520BD94F&counterName=HTTPFailureDataStore-Win32&amount=0 HTTP/1.1" 200 282 "-" "Roblox/WinInet"
104.23.187.150 - - [29/Dec/2025:00:42:04 +0000] "GET /api/stuff?c=3&p=1 HTTP/1.1" 200 343 "https://arl.lambda.cam/create/audio" "Mozilla/5.0 (Windows NT 10.0; Win64; x64; rv:147.0) Gecko/20100101 Firefox/147.0"
172.70.100.62 - - [29/Dec/2025:00:42:07 +0000] "POST /v1.0/MultiIncrement/?apiKey=76E5A40C-3AE1-4028-9F10-7C62520BD94F HTTP/1.1" 404 297 "-" "Roblox/WinInet"
::1 - - [29/Dec/2025:00:42:09 +0000] "OPTIONS * HTTP/1.0" 200 126 "-" "Apache/2.4.62 (Debian) (internal dummy connection)"
::1 - - [29/Dec/2025:00:42:10 +0000] "OPTIONS * HTTP/1.0" 200 126 "-" "Apache/2.4.62 (Debian) (internal dummy connection)"
::1 - - [29/Dec/2025:00:42:11 +0000] "OPTIONS * HTTP/1.0" 200 126 "-" "Apache/2.4.62 (Debian) (internal dummy connection)"
::1 - - [29/Dec/2025:00:42:12 +0000] "OPTIONS * HTTP/1.0" 200 126 "-" "Apache/2.4.62 (Debian) (internal dummy connection)"
::1 - - [29/Dec/2025:00:42:13 +0000] "OPTIONS * HTTP/1.0" 200 126 "-" "Apache/2.4.62 (Debian) (internal dummy connection)"
::1 - - [29/Dec/2025:00:42:14 +0000] "OPTIONS * HTTP/1.0" 200 126 "-" "Apache/2.4.62 (Debian) (internal dummy connection)"
::1 - - [29/Dec/2025:00:42:15 +0000] "OPTIONS * HTTP/1.0" 200 126 "-" "Apache/2.4.62 (Debian) (internal dummy connection)"
::1 - - [29/Dec/2025:00:42:16 +0000] "OPTIONS * HTTP/1.0" 200 126 "-" "Apache/2.4.62 (Debian) (internal dummy connection)"
172.69.6.153 - - [29/Dec/2025:00:42:24 +0000] "GET /asset/?id=47 HTTP/1.1" 200 801 "-" "Roblox/WinInet"
172.69.17.71 - - [29/Dec/2025:00:42:25 +0000] "GET /asset/?id=48 HTTP/1.1" 200 29063 "https://arl.lambda.cam/monstarclownaud2-item?id=49" "Mozilla/5.0 (Windows NT 10.0; Win64; x64) AppleWebKit/537.36 (KHTML, like Gecko) Chrome/143.0.0.0 Safari/537.36"
172.69.17.71 - - [29/Dec/2025:00:42:28 +0000] "GET /asset/?id=50 HTTP/1.1" 200 37421 "https://arl.lambda.cam/monstarclownaud3-item?id=51" "Mozilla/5.0 (Windows NT 10.0; Win64; x64) AppleWebKit/537.36 (KHTML, like Gecko) Chrome/143.0.0.0 Safari/537.36"
172.70.50.142 - - [29/Dec/2025:00:42:39 +0000] "GET /asset/?id=49 HTTP/1.1" 200 801 "-" "Roblox/WinInet"
172.69.17.70 - - [29/Dec/2025:00:42:45 +0000] "GET /catalog HTTP/1.1" 200 2583 "https://arl.lambda.cam/monstarclownaud3-item?id=51" "Mozilla/5.0 (Windows NT 10.0; Win64; x64) AppleWebKit/537.36 (KHTML, like Gecko) Chrome/143.0.0.0 Safari/537.36"
172.69.17.70 - - [29/Dec/2025:00:42:45 +0000] "GET /css/AllCSS.css?t=1766968965 HTTP/1.1" 200 4412 "https://arl.lambda.cam/catalog" "Mozilla/5.0 (Windows NT 10.0; Win64; x64) AppleWebKit/537.36 (KHTML, like Gecko) Chrome/143.0.0.0 Safari/537.36"
172.69.17.70 - - [29/Dec/2025:00:42:45 +0000] "GET /js/main.js?t=1766968965 HTTP/1.1" 200 1159 "https://arl.lambda.cam/catalog" "Mozilla/5.0 (Windows NT 10.0; Win64; x64) AppleWebKit/537.36 (KHTML, like Gecko) Chrome/143.0.0.0 Safari/537.36"
172.69.17.70 - - [29/Dec/2025:00:42:45 +0000] "GET /api/catalog?c=8&q=&p=1 HTTP/1.1" 200 595 "https://arl.lambda.cam/catalog" "Mozilla/5.0 (Windows NT 10.0; Win64; x64) AppleWebKit/537.36 (KHTML, like Gecko) Chrome/143.0.0.0 Safari/537.36"
172.69.17.70 - - [29/Dec/2025:00:42:46 +0000] "GET /thumbs/?id=41&sxy=130 HTTP/1.1" 200 9833 "https://arl.lambda.cam/catalog" "Mozilla/5.0 (Windows NT 10.0; Win64; x64) AppleWebKit/537.36 (KHTML, like Gecko) Chrome/143.0.0.0 Safari/537.36"
172.69.17.70 - - [29/Dec/2025:00:42:46 +0000] "GET /thumbs/?id=38&sxy=130 HTTP/1.1" 200 8470 "https://arl.lambda.cam/catalog" "Mozilla/5.0 (Windows NT 10.0; Win64; x64) AppleWebKit/537.36 (KHTML, like Gecko) Chrome/143.0.0.0 Safari/537.36"
172.69.17.71 - - [29/Dec/2025:00:42:46 +0000] "GET /thumbs/?id=11&sxy=130 HTTP/1.1" 200 13430 "https://arl.lambda.cam/catalog" "Mozilla/5.0 (Windows NT 10.0; Win64; x64) AppleWebKit/537.36 (KHTML, like Gecko) Chrome/143.0.0.0 Safari/537.36"
172.69.17.70 - - [29/Dec/2025:00:42:48 +0000] "GET /api/catalog?c=3&q=&p=1 HTTP/1.1" 200 343 "https://arl.lambda.cam/catalog" "Mozilla/5.0 (Windows NT 10.0; Win64; x64) AppleWebKit/537.36 (KHTML, like Gecko) Chrome/143.0.0.0 Safari/537.36"
104.23.202.96 - - [29/Dec/2025:00:42:48 +0000] "POST /create/audio HTTP/1.1" 302 341 "https://arl.lambda.cam/create/audio" "Mozilla/5.0 (Windows NT 10.0; Win64; x64; rv:147.0) Gecko/20100101 Firefox/147.0"
172.69.17.70 - - [29/Dec/2025:00:42:50 +0000] "GET /api/catalog?c=12&q=&p=1 HTTP/1.1" 200 588 "https://arl.lambda.cam/catalog" "Mozilla/5.0 (Windows NT 10.0; Win64; x64) AppleWebKit/537.36 (KHTML, like Gecko) Chrome/143.0.0.0 Safari/537.36"
172.69.17.71 - - [29/Dec/2025:00:42:50 +0000] "GET /thumbs/?id=24&sxy=130 HTTP/1.1" 200 7819 "https://arl.lambda.cam/catalog" "Mozilla/5.0 (Windows NT 10.0; Win64; x64) AppleWebKit/537.36 (KHTML, like Gecko) Chrome/143.0.0.0 Safari/537.36"
172.69.17.70 - - [29/Dec/2025:00:42:50 +0000] "GET /thumbs/?id=2&sxy=130 HTTP/1.1" 200 6580 "https://arl.lambda.cam/catalog" "Mozilla/5.0 (Windows NT 10.0; Win64; x64) AppleWebKit/537.36 (KHTML, like Gecko) Chrome/143.0.0.0 Safari/537.36"
172.69.17.70 - - [29/Dec/2025:00:42:50 +0000] "GET /thumbs/?id=45&sxy=130 HTTP/1.1" 200 5645 "https://arl.lambda.cam/catalog" "Mozilla/5.0 (Windows NT 10.0; Win64; x64) AppleWebKit/537.36 (KHTML, like Gecko) Chrome/143.0.0.0 Safari/537.36"
162.158.155.31 - - [29/Dec/2025:00:42:50 +0000] "GET /create/audio HTTP/1.1" 200 2916 "https://arl.lambda.cam/create/audio" "Mozilla/5.0 (Windows NT 10.0; Win64; x64; rv:147.0) Gecko/20100101 Firefox/147.0"
162.158.155.31 - - [29/Dec/2025:00:42:51 +0000] "GET /css/AllCSS.css?t=1766968970 HTTP/1.1" 200 4412 "https://arl.lambda.cam/create/audio" "Mozilla/5.0 (Windows NT 10.0; Win64; x64; rv:147.0) Gecko/20100101 Firefox/147.0"
162.158.155.31 - - [29/Dec/2025:00:42:51 +0000] "GET /js/main.js?t=1766968970 HTTP/1.1" 200 1159 "https://arl.lambda.cam/create/audio" "Mozilla/5.0 (Windows NT 10.0; Win64; x64; rv:147.0) Gecko/20100101 Firefox/147.0"
162.158.155.31 - - [29/Dec/2025:00:42:51 +0000] "GET /api/stuff?c=3&p=1 HTTP/1.1" 200 421 "https://arl.lambda.cam/create/audio" "Mozilla/5.0 (Windows NT 10.0; Win64; x64; rv:147.0) Gecko/20100101 Firefox/147.0"
162.158.155.31 - - [29/Dec/2025:00:42:51 +0000] "GET /thumbs/?id=53&sxy=130 HTTP/1.1" 500 295 "https://arl.lambda.cam/create/audio" "Mozilla/5.0 (Windows NT 10.0; Win64; x64; rv:147.0) Gecko/20100101 Firefox/147.0"
172.69.17.71 - - [29/Dec/2025:00:42:51 +0000] "GET /api/catalog?c=10&q=&p=1 HTTP/1.1" 200 343 "https://arl.lambda.cam/catalog" "Mozilla/5.0 (Windows NT 10.0; Win64; x64) AppleWebKit/537.36 (KHTML, like Gecko) Chrome/143.0.0.0 Safari/537.36"
162.158.155.31 - - [29/Dec/2025:00:42:53 +0000] "GET /the-808s-are-bussing-item?id=53 HTTP/1.1" 200 2954 "https://arl.lambda.cam/create/audio" "Mozilla/5.0 (Windows NT 10.0; Win64; x64; rv:147.0) Gecko/20100101 Firefox/147.0"
172.69.17.70 - - [29/Dec/2025:00:42:53 +0000] "GET /api/catalog?c=19&q=&p=1 HTTP/1.1" 200 343 "https://arl.lambda.cam/catalog" "Mozilla/5.0 (Windows NT 10.0; Win64; x64) AppleWebKit/537.36 (KHTML, like Gecko) Chrome/143.0.0.0 Safari/537.36"
162.158.155.31 - - [29/Dec/2025:00:42:53 +0000] "GET /css/AllCSS.css?t=1766968973 HTTP/1.1" 200 4412 "https://arl.lambda.cam/the-808s-are-bussing-item?id=53" "Mozilla/5.0 (Windows NT 10.0; Win64; x64; rv:147.0) Gecko/20100101 Firefox/147.0"
162.158.155.31 - - [29/Dec/2025:00:42:53 +0000] "GET /js/main.js?t=1766968973 HTTP/1.1" 200 1159 "https://arl.lambda.cam/the-808s-are-bussing-item?id=53" "Mozilla/5.0 (Windows NT 10.0; Win64; x64; rv:147.0) Gecko/20100101 Firefox/147.0"
162.158.155.32 - - [29/Dec/2025:00:42:53 +0000] "GET /js/item.js?t=1766968973 HTTP/1.1" 200 1162 "https://arl.lambda.cam/the-808s-are-bussing-item?id=53" "Mozilla/5.0 (Windows NT 10.0; Win64; x64; rv:147.0) Gecko/20100101 Firefox/147.0"
162.158.155.32 - - [29/Dec/2025:00:42:53 +0000] "GET /thumbs/?id=53&sxy=190 HTTP/1.1" 500 295 "https://arl.lambda.cam/the-808s-are-bussing-item?id=53" "Mozilla/5.0 (Windows NT 10.0; Win64; x64; rv:147.0) Gecko/20100101 Firefox/147.0"
162.158.155.32 - - [29/Dec/2025:00:42:53 +0000] "GET /thumbs/player?id=5 HTTP/1.1" 200 21087 "https://arl.lambda.cam/the-808s-are-bussing-item?id=53" "Mozilla/5.0 (Windows NT 10.0; Win64; x64; rv:147.0) Gecko/20100101 Firefox/147.0"
162.158.155.31 - - [29/Dec/2025:00:42:53 +0000] "GET /images/favourite_star.gif HTTP/1.1" 200 1358 "https://arl.lambda.cam/the-808s-are-bussing-item?id=53" "Mozilla/5.0 (Windows NT 10.0; Win64; x64; rv:147.0) Gecko/20100101 Firefox/147.0"
172.69.17.70 - - [29/Dec/2025:00:42:53 +0000] "GET /api/catalog?c=17&q=&p=1 HTTP/1.1" 200 343 "https://arl.lambda.cam/catalog" "Mozilla/5.0 (Windows NT 10.0; Win64; x64) AppleWebKit/537.36 (KHTML, like Gecko) Chrome/143.0.0.0 Safari/537.36"
162.158.155.31 - - [29/Dec/2025:00:42:53 +0000] "GET /asset/?id=52 HTTP/1.1" 200 2177640 "https://arl.lambda.cam/the-808s-are-bussing-item?id=53" "Mozilla/5.0 (Windows NT 10.0; Win64; x64; rv:147.0) Gecko/20100101 Firefox/147.0"
172.69.17.71 - - [29/Dec/2025:00:42:54 +0000] "GET /api/catalog?c=32&q=&p=1 HTTP/1.1" 200 343 "https://arl.lambda.cam/catalog" "Mozilla/5.0 (Windows NT 10.0; Win64; x64) AppleWebKit/537.36 (KHTML, like Gecko) Chrome/143.0.0.0 Safari/537.36"
172.69.17.70 - - [29/Dec/2025:00:42:56 +0000] "GET /api/catalog?c=8&q=&p=1 HTTP/1.1" 200 595 "https://arl.lambda.cam/catalog" "Mozilla/5.0 (Windows NT 10.0; Win64; x64) AppleWebKit/537.36 (KHTML, like Gecko) Chrome/143.0.0.0 Safari/537.36"
172.69.17.71 - - [29/Dec/2025:00:42:56 +0000] "GET /thumbs/?id=41&sxy=130 HTTP/1.1" 200 9833 "https://arl.lambda.cam/catalog" "Mozilla/5.0 (Windows NT 10.0; Win64; x64) AppleWebKit/537.36 (KHTML, like Gecko) Chrome/143.0.0.0 Safari/537.36"
172.69.17.70 - - [29/Dec/2025:00:42:56 +0000] "GET /thumbs/?id=38&sxy=130 HTTP/1.1" 200 8470 "https://arl.lambda.cam/catalog" "Mozilla/5.0 (Windows NT 10.0; Win64; x64) AppleWebKit/537.36 (KHTML, like Gecko) Chrome/143.0.0.0 Safari/537.36"
172.69.17.70 - - [29/Dec/2025:00:42:56 +0000] "GET /thumbs/?id=11&sxy=130 HTTP/1.1" 200 13429 "https://arl.lambda.cam/catalog" "Mozilla/5.0 (Windows NT 10.0; Win64; x64) AppleWebKit/537.36 (KHTML, like Gecko) Chrome/143.0.0.0 Safari/537.36"
172.69.17.71 - - [29/Dec/2025:00:42:57 +0000] "GET /create/ HTTP/1.1" 200 2919 "https://arl.lambda.cam/catalog" "Mozilla/5.0 (Windows NT 10.0; Win64; x64) AppleWebKit/537.36 (KHTML, like Gecko) Chrome/143.0.0.0 Safari/537.36"
172.69.17.70 - - [29/Dec/2025:00:42:57 +0000] "GET /css/AllCSS.css?t=1766968977 HTTP/1.1" 200 4412 "https://arl.lambda.cam/create/" "Mozilla/5.0 (Windows NT 10.0; Win64; x64) AppleWebKit/537.36 (KHTML, like Gecko) Chrome/143.0.0.0 Safari/537.36"
172.69.17.70 - - [29/Dec/2025:00:42:57 +0000] "GET /js/main.js?t=1766968977 HTTP/1.1" 200 1158 "https://arl.lambda.cam/create/" "Mozilla/5.0 (Windows NT 10.0; Win64; x64) AppleWebKit/537.36 (KHTML, like Gecko) Chrome/143.0.0.0 Safari/537.36"
172.69.17.71 - - [29/Dec/2025:00:42:57 +0000] "GET /api/stuff?c=11&p=1 HTTP/1.1" 200 343 "https://arl.lambda.cam/create/shirts" "Mozilla/5.0 (Windows NT 10.0; Win64; x64) AppleWebKit/537.36 (KHTML, like Gecko) Chrome/143.0.0.0 Safari/537.36"
::1 - - [29/Dec/2025:00:43:00 +0000] "OPTIONS * HTTP/1.0" 200 126 "-" "Apache/2.4.62 (Debian) (internal dummy connection)"
172.69.17.70 - - [29/Dec/2025:00:43:01 +0000] "GET /api/stuff?c=32&p=1 HTTP/1.1" 200 343 "https://arl.lambda.cam/create/packages" "Mozilla/5.0 (Windows NT 10.0; Win64; x64) AppleWebKit/537.36 (KHTML, like Gecko) Chrome/143.0.0.0 Safari/537.36"
::1 - - [29/Dec/2025:00:43:03 +0000] "OPTIONS * HTTP/1.0" 200 126 "-" "Apache/2.4.62 (Debian) (internal dummy connection)"
172.69.17.70 - - [29/Dec/2025:00:43:03 +0000] "GET /api/stuff?c=8&p=1 HTTP/1.1" 200 414 "https://arl.lambda.cam/create/hats" "Mozilla/5.0 (Windows NT 10.0; Win64; x64) AppleWebKit/537.36 (KHTML, like Gecko) Chrome/143.0.0.0 Safari/537.36"
172.69.17.70 - - [29/Dec/2025:00:43:03 +0000] "GET /thumbs/?id=41&sxy=130 HTTP/1.1" 200 9833 "https://arl.lambda.cam/create/hats" "Mozilla/5.0 (Windows NT 10.0; Win64; x64) AppleWebKit/537.36 (KHTML, like Gecko) Chrome/143.0.0.0 Safari/537.36"
::1 - - [29/Dec/2025:00:43:04 +0000] "OPTIONS * HTTP/1.0" 200 126 "-" "Apache/2.4.62 (Debian) (internal dummy connection)"
::1 - - [29/Dec/2025:00:43:09 +0000] "OPTIONS * HTTP/1.0" 200 126 "-" "Apache/2.4.62 (Debian) (internal dummy connection)"
108.162.238.143 - - [29/Dec/2025:00:43:11 +0000] "GET /the-808s-are-bussing-item?id=53 HTTP/1.1" 302 387 "-" "Mozilla/5.0 (compatible; Discordbot/2.0; +https://discordapp.com)"
108.162.237.163 - - [29/Dec/2025:00:43:12 +0000] "GET / HTTP/1.1" 200 2090 "-" "Mozilla/5.0 (compatible; Discordbot/2.0; +https://discordapp.com)"
172.71.254.99 - - [29/Dec/2025:00:43:13 +0000] "POST /v1.1/Counters/Increment/?apiKey=76E5A40C-3AE1-4028-9F10-7C62520BD94F&counterName=HTTPCacheTotal-Win32ANORRLStudioBeta.exe&amount=2 HTTP/1.1" 200 282 "-" "Roblox/WinInet"
172.69.17.71 - - [29/Dec/2025:00:43:13 +0000] "POST /v1.1/Counters/Increment/?apiKey=76E5A40C-3AE1-4028-9F10-7C62520BD94F&counterName=HTTPCacheHit-Win32ANORRLStudioBeta.exe&amount=2 HTTP/1.1" 200 282 "-" "Roblox/WinInet"
172.70.100.61 - - [29/Dec/2025:00:43:13 +0000] "POST /v1.1/Counters/Increment/?apiKey=76E5A40C-3AE1-4028-9F10-7C62520BD94F&counterName=HTTPCacheMiss-Win32ANORRLStudioBeta.exe&amount=0 HTTP/1.1" 200 282 "-" "Roblox/WinInet"
172.69.17.18 - - [29/Dec/2025:00:43:13 +0000] "POST /game/report-stats?name=HTTPCacheBytes%2DWin32ANORRLStudioBeta%2Eexe&value=0%2E000000 HTTP/1.1" 200 282 "-" "Roblox/WinInet"
::1 - - [29/Dec/2025:00:43:18 +0000] "OPTIONS * HTTP/1.0" 200 126 "-" "Apache/2.4.62 (Debian) (internal dummy connection)"
172.70.58.145 - - [29/Dec/2025:00:43:24 +0000] "GET /the-808s-are-bussing-item?id=53 HTTP/1.1" 200 3043 "-" "Mozilla/5.0 (Windows NT 10.0; Win64; x64; rv:146.0) Gecko/20100101 Firefox/146.0"
172.70.58.145 - - [29/Dec/2025:00:43:24 +0000] "GET /css/AllCSS.css?t=1766969004 HTTP/1.1" 200 4412 "https://arl.lambda.cam/the-808s-are-bussing-item?id=53" "Mozilla/5.0 (Windows NT 10.0; Win64; x64; rv:146.0) Gecko/20100101 Firefox/146.0"
172.70.58.145 - - [29/Dec/2025:00:43:24 +0000] "GET /js/item.js?t=1766969004 HTTP/1.1" 200 1162 "https://arl.lambda.cam/the-808s-are-bussing-item?id=53" "Mozilla/5.0 (Windows NT 10.0; Win64; x64; rv:146.0) Gecko/20100101 Firefox/146.0"
172.70.58.145 - - [29/Dec/2025:00:43:24 +0000] "GET /js/main.js?t=1766969004 HTTP/1.1" 200 1159 "https://arl.lambda.cam/the-808s-are-bussing-item?id=53" "Mozilla/5.0 (Windows NT 10.0; Win64; x64; rv:146.0) Gecko/20100101 Firefox/146.0"
172.70.58.145 - - [29/Dec/2025:00:43:24 +0000] "GET /thumbs/?id=53&sxy=190 HTTP/1.1" 200 41538 "https://arl.lambda.cam/the-808s-are-bussing-item?id=53" "Mozilla/5.0 (Windows NT 10.0; Win64; x64; rv:146.0) Gecko/20100101 Firefox/146.0"
172.70.58.145 - - [29/Dec/2025:00:43:24 +0000] "GET /thumbs/player?id=5 HTTP/1.1" 200 21086 "https://arl.lambda.cam/the-808s-are-bussing-item?id=53" "Mozilla/5.0 (Windows NT 10.0; Win64; x64; rv:146.0) Gecko/20100101 Firefox/146.0"
172.70.58.145 - - [29/Dec/2025:00:43:25 +0000] "GET /asset/?id=52 HTTP/1.1" 200 2177640 "https://arl.lambda.cam/the-808s-are-bussing-item?id=53" "Mozilla/5.0 (Windows NT 10.0; Win64; x64; rv:146.0) Gecko/20100101 Firefox/146.0"
172.69.6.152 - - [29/Dec/2025:00:43:25 +0000] "GET /asset/?id=51 HTTP/1.1" 200 801 "-" "Roblox/WinInet"
172.69.6.153 - - [29/Dec/2025:00:43:51 +0000] "GET /create/ HTTP/1.1" 200 2919 "https://arl.lambda.cam/create/hats" "Mozilla/5.0 (Windows NT 10.0; Win64; x64) AppleWebKit/537.36 (KHTML, like Gecko) Chrome/143.0.0.0 Safari/537.36"
172.69.6.153 - - [29/Dec/2025:00:43:51 +0000] "GET /css/AllCSS.css?t=1766969031 HTTP/1.1" 200 4412 "https://arl.lambda.cam/create/" "Mozilla/5.0 (Windows NT 10.0; Win64; x64) AppleWebKit/537.36 (KHTML, like Gecko) Chrome/143.0.0.0 Safari/537.36"
172.69.6.153 - - [29/Dec/2025:00:43:51 +0000] "GET /js/main.js?t=1766969031 HTTP/1.1" 200 1159 "https://arl.lambda.cam/create/" "Mozilla/5.0 (Windows NT 10.0; Win64; x64) AppleWebKit/537.36 (KHTML, like Gecko) Chrome/143.0.0.0 Safari/537.36"
172.69.6.153 - - [29/Dec/2025:00:43:51 +0000] "GET /api/stuff?c=11&p=1 HTTP/1.1" 200 343 "https://arl.lambda.cam/create/shirts" "Mozilla/5.0 (Windows NT 10.0; Win64; x64) AppleWebKit/537.36 (KHTML, like Gecko) Chrome/143.0.0.0 Safari/537.36"
172.69.6.153 - - [29/Dec/2025:00:43:55 +0000] "GET /api/stuff?c=3&p=1 HTTP/1.1" 200 550 "https://arl.lambda.cam/create/audio" "Mozilla/5.0 (Windows NT 10.0; Win64; x64) AppleWebKit/537.36 (KHTML, like Gecko) Chrome/143.0.0.0 Safari/537.36"
172.69.6.153 - - [29/Dec/2025:00:43:55 +0000] "GET /thumbs/?id=47&sxy=130 HTTP/1.1" 200 22181 "https://arl.lambda.cam/create/audio" "Mozilla/5.0 (Windows NT 10.0; Win64; x64) AppleWebKit/537.36 (KHTML, like Gecko) Chrome/143.0.0.0 Safari/537.36"
172.69.6.153 - - [29/Dec/2025:00:43:55 +0000] "GET /thumbs/?id=51&sxy=130 HTTP/1.1" 200 22181 "https://arl.lambda.cam/create/audio" "Mozilla/5.0 (Windows NT 10.0; Win64; x64) AppleWebKit/537.36 (KHTML, like Gecko) Chrome/143.0.0.0 Safari/537.36"
172.69.6.152 - - [29/Dec/2025:00:43:56 +0000] "GET /thumbs/?id=49&sxy=130 HTTP/1.1" 200 22182 "https://arl.lambda.cam/create/audio" "Mozilla/5.0 (Windows NT 10.0; Win64; x64) AppleWebKit/537.36 (KHTML, like Gecko) Chrome/143.0.0.0 Safari/537.36"
172.69.6.153 - - [29/Dec/2025:00:43:57 +0000] "GET /monstarclownaud1-item?id=47 HTTP/1.1" 200 3040 "https://arl.lambda.cam/create/audio" "Mozilla/5.0 (Windows NT 10.0; Win64; x64) AppleWebKit/537.36 (KHTML, like Gecko) Chrome/143.0.0.0 Safari/537.36"
172.69.6.152 - - [29/Dec/2025:00:43:57 +0000] "GET /js/main.js?t=1766969037 HTTP/1.1" 200 1158 "https://arl.lambda.cam/monstarclownaud1-item?id=47" "Mozilla/5.0 (Windows NT 10.0; Win64; x64) AppleWebKit/537.36 (KHTML, like Gecko) Chrome/143.0.0.0 Safari/537.36"
172.69.6.153 - - [29/Dec/2025:00:43:57 +0000] "GET /css/AllCSS.css?t=1766969037 HTTP/1.1" 200 4412 "https://arl.lambda.cam/monstarclownaud1-item?id=47" "Mozilla/5.0 (Windows NT 10.0; Win64; x64) AppleWebKit/537.36 (KHTML, like Gecko) Chrome/143.0.0.0 Safari/537.36"
172.69.6.153 - - [29/Dec/2025:00:43:57 +0000] "GET /js/item.js?t=1766969037 HTTP/1.1" 200 1161 "https://arl.lambda.cam/monstarclownaud1-item?id=47" "Mozilla/5.0 (Windows NT 10.0; Win64; x64) AppleWebKit/537.36 (KHTML, like Gecko) Chrome/143.0.0.0 Safari/537.36"
172.69.6.152 - - [29/Dec/2025:00:43:57 +0000] "GET /thumbs/?id=47&sxy=190 HTTP/1.1" 200 41539 "https://arl.lambda.cam/monstarclownaud1-item?id=47" "Mozilla/5.0 (Windows NT 10.0; Win64; x64) AppleWebKit/537.36 (KHTML, like Gecko) Chrome/143.0.0.0 Safari/537.36"
172.69.6.152 - - [29/Dec/2025:00:43:57 +0000] "GET /thumbs/player?id=4 HTTP/1.1" 200 19152 "https://arl.lambda.cam/monstarclownaud1-item?id=47" "Mozilla/5.0 (Windows NT 10.0; Win64; x64) AppleWebKit/537.36 (KHTML, like Gecko) Chrome/143.0.0.0 Safari/537.36"
172.69.6.152 - - [29/Dec/2025:00:43:57 +0000] "GET /monstarclownaud2-item?id=49 HTTP/1.1" 200 3040 "https://arl.lambda.cam/create/audio" "Mozilla/5.0 (Windows NT 10.0; Win64; x64) AppleWebKit/537.36 (KHTML, like Gecko) Chrome/143.0.0.0 Safari/537.36"
172.69.6.153 - - [29/Dec/2025:00:43:58 +0000] "GET /thumbs/player?id=4 HTTP/1.1" 200 19151 "https://arl.lambda.cam/monstarclownaud2-item?id=49" "Mozilla/5.0 (Windows NT 10.0; Win64; x64) AppleWebKit/537.36 (KHTML, like Gecko) Chrome/143.0.0.0 Safari/537.36"
172.69.6.153 - - [29/Dec/2025:00:43:58 +0000] "GET /thumbs/?id=49&sxy=190 HTTP/1.1" 200 41538 "https://arl.lambda.cam/monstarclownaud2-item?id=49" "Mozilla/5.0 (Windows NT 10.0; Win64; x64) AppleWebKit/537.36 (KHTML, like Gecko) Chrome/143.0.0.0 Safari/537.36"
172.69.6.152 - - [29/Dec/2025:00:43:58 +0000] "GET /monstarclownaud3-item?id=51 HTTP/1.1" 200 3041 "https://arl.lambda.cam/create/audio" "Mozilla/5.0 (Windows NT 10.0; Win64; x64) AppleWebKit/537.36 (KHTML, like Gecko) Chrome/143.0.0.0 Safari/537.36"
172.69.6.152 - - [29/Dec/2025:00:43:58 +0000] "GET /css/AllCSS.css?t=1766969038 HTTP/1.1" 200 4412 "https://arl.lambda.cam/monstarclownaud3-item?id=51" "Mozilla/5.0 (Windows NT 10.0; Win64; x64) AppleWebKit/537.36 (KHTML, like Gecko) Chrome/143.0.0.0 Safari/537.36"
172.69.6.152 - - [29/Dec/2025:00:43:58 +0000] "GET /js/main.js?t=1766969038 HTTP/1.1" 200 1158 "https://arl.lambda.cam/monstarclownaud3-item?id=51" "Mozilla/5.0 (Windows NT 10.0; Win64; x64) AppleWebKit/537.36 (KHTML, like Gecko) Chrome/143.0.0.0 Safari/537.36"
172.69.6.153 - - [29/Dec/2025:00:43:58 +0000] "GET /js/item.js?t=1766969038 HTTP/1.1" 200 1161 "https://arl.lambda.cam/monstarclownaud3-item?id=51" "Mozilla/5.0 (Windows NT 10.0; Win64; x64) AppleWebKit/537.36 (KHTML, like Gecko) Chrome/143.0.0.0 Safari/537.36"
172.69.6.153 - - [29/Dec/2025:00:43:58 +0000] "GET /thumbs/?id=51&sxy=190 HTTP/1.1" 200 41538 "https://arl.lambda.cam/monstarclownaud3-item?id=51" "Mozilla/5.0 (Windows NT 10.0; Win64; x64) AppleWebKit/537.36 (KHTML, like Gecko) Chrome/143.0.0.0 Safari/537.36"
172.69.6.152 - - [29/Dec/2025:00:43:58 +0000] "GET /thumbs/player?id=4 HTTP/1.1" 200 19151 "https://arl.lambda.cam/monstarclownaud3-item?id=51" "Mozilla/5.0 (Windows NT 10.0; Win64; x64) AppleWebKit/537.36 (KHTML, like Gecko) Chrome/143.0.0.0 Safari/537.36"
172.69.6.152 - - [29/Dec/2025:00:43:58 +0000] "GET /asset/?id=46 HTTP/1.1" 200 41601 "https://arl.lambda.cam/monstarclownaud1-item?id=47" "Mozilla/5.0 (Windows NT 10.0; Win64; x64) AppleWebKit/537.36 (KHTML, like Gecko) Chrome/143.0.0.0 Safari/537.36"
172.69.71.115 - - [29/Dec/2025:00:43:59 +0000] "GET /asset/?id=52 HTTP/1.1" 200 139008 "-" "Mozilla/5.0 (compatible; Discordbot/2.0; +https://discordapp.com)"
172.69.6.152 - - [29/Dec/2025:00:44:01 +0000] "GET /edit?id=47 HTTP/1.1" 200 2421 "https://arl.lambda.cam/monstarclownaud1-item?id=47" "Mozilla/5.0 (Windows NT 10.0; Win64; x64) AppleWebKit/537.36 (KHTML, like Gecko) Chrome/143.0.0.0 Safari/537.36"
172.69.6.153 - - [29/Dec/2025:00:44:02 +0000] "GET /css/AllCSS.css?t=1766969041 HTTP/1.1" 200 4412 "https://arl.lambda.cam/edit?id=47" "Mozilla/5.0 (Windows NT 10.0; Win64; x64) AppleWebKit/537.36 (KHTML, like Gecko) Chrome/143.0.0.0 Safari/537.36"
172.69.6.153 - - [29/Dec/2025:00:44:02 +0000] "GET /js/edit.js HTTP/1.1" 200 630 "https://arl.lambda.cam/edit?id=47" "Mozilla/5.0 (Windows NT 10.0; Win64; x64) AppleWebKit/537.36 (KHTML, like Gecko) Chrome/143.0.0.0 Safari/537.36"
172.69.6.152 - - [29/Dec/2025:00:44:02 +0000] "GET /js/main.js?t=1766969041 HTTP/1.1" 200 1158 "https://arl.lambda.cam/edit?id=47" "Mozilla/5.0 (Windows NT 10.0; Win64; x64) AppleWebKit/537.36 (KHTML, like Gecko) Chrome/143.0.0.0 Safari/537.36"
::1 - - [29/Dec/2025:00:44:07 +0000] "OPTIONS * HTTP/1.0" 200 126 "-" "Apache/2.4.62 (Debian) (internal dummy connection)"
172.69.6.153 - - [29/Dec/2025:00:44:08 +0000] "GET /asset/?id=48 HTTP/1.1" 200 29063 "https://arl.lambda.cam/monstarclownaud2-item?id=49" "Mozilla/5.0 (Windows NT 10.0; Win64; x64) AppleWebKit/537.36 (KHTML, like Gecko) Chrome/143.0.0.0 Safari/537.36"
172.69.6.153 - - [29/Dec/2025:00:44:09 +0000] "GET /edit?id=49 HTTP/1.1" 200 2420 "https://arl.lambda.cam/monstarclownaud2-item?id=49" "Mozilla/5.0 (Windows NT 10.0; Win64; x64) AppleWebKit/537.36 (KHTML, like Gecko) Chrome/143.0.0.0 Safari/537.36"
172.69.6.153 - - [29/Dec/2025:00:44:09 +0000] "GET /css/AllCSS.css?t=1766969049 HTTP/1.1" 200 4412 "https://arl.lambda.cam/edit?id=49" "Mozilla/5.0 (Windows NT 10.0; Win64; x64) AppleWebKit/537.36 (KHTML, like Gecko) Chrome/143.0.0.0 Safari/537.36"
172.69.6.152 - - [29/Dec/2025:00:44:09 +0000] "GET /js/main.js?t=1766969049 HTTP/1.1" 200 1159 "https://arl.lambda.cam/edit?id=49" "Mozilla/5.0 (Windows NT 10.0; Win64; x64) AppleWebKit/537.36 (KHTML, like Gecko) Chrome/143.0.0.0 Safari/537.36"
172.69.6.153 - - [29/Dec/2025:00:44:11 +0000] "GET /asset/?id=50 HTTP/1.1" 200 37421 "https://arl.lambda.cam/monstarclownaud3-item?id=51" "Mozilla/5.0 (Windows NT 10.0; Win64; x64) AppleWebKit/537.36 (KHTML, like Gecko) Chrome/143.0.0.0 Safari/537.36"
172.69.6.152 - - [29/Dec/2025:00:44:12 +0000] "POST /v1.1/Counters/Increment/?apiKey=76E5A40C-3AE1-4028-9F10-7C62520BD94F&counterName=HTTPCacheHit-Win32ANORRLStudioBeta.exe&amount=1 HTTP/1.1" 200 281 "-" "Roblox/WinInet"
172.70.50.98 - - [29/Dec/2025:00:44:13 +0000] "POST /game/report-stats?name=HTTPCacheBytes%2DWin32ANORRLStudioBeta%2Eexe&value=0%2E000000 HTTP/1.1" 200 282 "-" "Roblox/WinInet"
172.71.254.98 - - [29/Dec/2025:00:44:13 +0000] "POST /v1.1/Counters/Increment/?apiKey=76E5A40C-3AE1-4028-9F10-7C62520BD94F&counterName=HTTPCacheMiss-Win32ANORRLStudioBeta.exe&amount=0 HTTP/1.1" 200 282 "-" "Roblox/WinInet"
172.69.59.242 - - [29/Dec/2025:00:44:13 +0000] "POST /v1.1/Counters/Increment/?apiKey=76E5A40C-3AE1-4028-9F10-7C62520BD94F&counterName=HTTPCacheTotal-Win32ANORRLStudioBeta.exe&amount=1 HTTP/1.1" 200 282 "-" "Roblox/WinInet"
172.69.6.153 - - [29/Dec/2025:00:44:13 +0000] "GET /edit?id=51 HTTP/1.1" 200 2420 "https://arl.lambda.cam/monstarclownaud3-item?id=51" "Mozilla/5.0 (Windows NT 10.0; Win64; x64) AppleWebKit/537.36 (KHTML, like Gecko) Chrome/143.0.0.0 Safari/537.36"
172.69.6.152 - - [29/Dec/2025:00:44:13 +0000] "GET /css/AllCSS.css?t=1766969053 HTTP/1.1" 200 4412 "https://arl.lambda.cam/edit?id=51" "Mozilla/5.0 (Windows NT 10.0; Win64; x64) AppleWebKit/537.36 (KHTML, like Gecko) Chrome/143.0.0.0 Safari/537.36"
172.69.6.153 - - [29/Dec/2025:00:44:13 +0000] "GET /js/main.js?t=1766969053 HTTP/1.1" 200 1158 "https://arl.lambda.cam/edit?id=51" "Mozilla/5.0 (Windows NT 10.0; Win64; x64) AppleWebKit/537.36 (KHTML, like Gecko) Chrome/143.0.0.0 Safari/537.36"
104.23.202.96 - - [29/Dec/2025:00:44:14 +0000] "GET /asset/?id=52 HTTP/1.1" 200 2177641 "-" "Mozilla/5.0 (Windows NT 10.0; Win64; x64; rv:147.0) Gecko/20100101 Firefox/147.0"
172.69.6.153 - - [29/Dec/2025:00:44:16 +0000] "POST /edit?id=51 HTTP/1.1" 302 355 "https://arl.lambda.cam/edit?id=51" "Mozilla/5.0 (Windows NT 10.0; Win64; x64) AppleWebKit/537.36 (KHTML, like Gecko) Chrome/143.0.0.0 Safari/537.36"
172.69.6.152 - - [29/Dec/2025:00:44:16 +0000] "GET /monstarclownaud3-item?id=51 HTTP/1.1" 200 3041 "https://arl.lambda.cam/edit?id=51" "Mozilla/5.0 (Windows NT 10.0; Win64; x64) AppleWebKit/537.36 (KHTML, like Gecko) Chrome/143.0.0.0 Safari/537.36"
172.69.6.153 - - [29/Dec/2025:00:44:16 +0000] "GET /css/AllCSS.css?t=1766969056 HTTP/1.1" 200 4412 "https://arl.lambda.cam/monstarclownaud3-item?id=51" "Mozilla/5.0 (Windows NT 10.0; Win64; x64) AppleWebKit/537.36 (KHTML, like Gecko) Chrome/143.0.0.0 Safari/537.36"
172.69.6.152 - - [29/Dec/2025:00:44:16 +0000] "GET /thumbs/?id=51&sxy=190 HTTP/1.1" 200 41538 "https://arl.lambda.cam/monstarclownaud3-item?id=51" "Mozilla/5.0 (Windows NT 10.0; Win64; x64) AppleWebKit/537.36 (KHTML, like Gecko) Chrome/143.0.0.0 Safari/537.36"
172.69.6.152 - - [29/Dec/2025:00:44:16 +0000] "GET /thumbs/player?id=4 HTTP/1.1" 200 19152 "https://arl.lambda.cam/monstarclownaud3-item?id=51" "Mozilla/5.0 (Windows NT 10.0; Win64; x64) AppleWebKit/537.36 (KHTML, like Gecko) Chrome/143.0.0.0 Safari/537.36"
172.69.6.153 - - [29/Dec/2025:00:44:16 +0000] "GET /js/item.js?t=1766969056 HTTP/1.1" 200 1162 "https://arl.lambda.cam/monstarclownaud3-item?id=51" "Mozilla/5.0 (Windows NT 10.0; Win64; x64) AppleWebKit/537.36 (KHTML, like Gecko) Chrome/143.0.0.0 Safari/537.36"
172.69.6.152 - - [29/Dec/2025:00:44:16 +0000] "GET /js/main.js?t=1766969056 HTTP/1.1" 200 1159 "https://arl.lambda.cam/monstarclownaud3-item?id=51" "Mozilla/5.0 (Windows NT 10.0; Win64; x64) AppleWebKit/537.36 (KHTML, like Gecko) Chrome/143.0.0.0 Safari/537.36"
172.69.6.153 - - [29/Dec/2025:00:44:16 +0000] "GET /asset/?id=50 HTTP/1.1" 200 37421 "https://arl.lambda.cam/monstarclownaud3-item?id=51" "Mozilla/5.0 (Windows NT 10.0; Win64; x64) AppleWebKit/537.36 (KHTML, like Gecko) Chrome/143.0.0.0 Safari/537.36"
172.69.6.153 - - [29/Dec/2025:00:44:18 +0000] "POST /edit?id=49 HTTP/1.1" 302 355 "https://arl.lambda.cam/edit?id=49" "Mozilla/5.0 (Windows NT 10.0; Win64; x64) AppleWebKit/537.36 (KHTML, like Gecko) Chrome/143.0.0.0 Safari/537.36"
172.69.6.152 - - [29/Dec/2025:00:44:18 +0000] "GET /monstarclownaud2-item?id=49 HTTP/1.1" 200 3040 "https://arl.lambda.cam/edit?id=49" "Mozilla/5.0 (Windows NT 10.0; Win64; x64) AppleWebKit/537.36 (KHTML, like Gecko) Chrome/143.0.0.0 Safari/537.36"
172.69.6.152 - - [29/Dec/2025:00:44:18 +0000] "GET /css/AllCSS.css?t=1766969058 HTTP/1.1" 200 4412 "https://arl.lambda.cam/monstarclownaud2-item?id=49" "Mozilla/5.0 (Windows NT 10.0; Win64; x64) AppleWebKit/537.36 (KHTML, like Gecko) Chrome/143.0.0.0 Safari/537.36"
172.69.6.152 - - [29/Dec/2025:00:44:18 +0000] "GET /js/main.js?t=1766969058 HTTP/1.1" 200 1158 "https://arl.lambda.cam/monstarclownaud2-item?id=49" "Mozilla/5.0 (Windows NT 10.0; Win64; x64) AppleWebKit/537.36 (KHTML, like Gecko) Chrome/143.0.0.0 Safari/537.36"
172.69.6.153 - - [29/Dec/2025:00:44:18 +0000] "GET /js/item.js?t=1766969058 HTTP/1.1" 200 1161 "https://arl.lambda.cam/monstarclownaud2-item?id=49" "Mozilla/5.0 (Windows NT 10.0; Win64; x64) AppleWebKit/537.36 (KHTML, like Gecko) Chrome/143.0.0.0 Safari/537.36"
172.69.6.153 - - [29/Dec/2025:00:44:18 +0000] "GET /thumbs/player?id=4 HTTP/1.1" 200 19151 "https://arl.lambda.cam/monstarclownaud2-item?id=49" "Mozilla/5.0 (Windows NT 10.0; Win64; x64) AppleWebKit/537.36 (KHTML, like Gecko) Chrome/143.0.0.0 Safari/537.36"
172.69.6.152 - - [29/Dec/2025:00:44:18 +0000] "GET /thumbs/?id=49&sxy=190 HTTP/1.1" 200 41538 "https://arl.lambda.cam/monstarclownaud2-item?id=49" "Mozilla/5.0 (Windows NT 10.0; Win64; x64) AppleWebKit/537.36 (KHTML, like Gecko) Chrome/143.0.0.0 Safari/537.36"
172.69.6.152 - - [29/Dec/2025:00:44:19 +0000] "GET /asset/?id=48 HTTP/1.1" 200 29062 "https://arl.lambda.cam/monstarclownaud2-item?id=49" "Mozilla/5.0 (Windows NT 10.0; Win64; x64) AppleWebKit/537.36 (KHTML, like Gecko) Chrome/143.0.0.0 Safari/537.36"
172.69.6.153 - - [29/Dec/2025:00:44:20 +0000] "POST /edit?id=47 HTTP/1.1" 302 355 "https://arl.lambda.cam/edit?id=47" "Mozilla/5.0 (Windows NT 10.0; Win64; x64) AppleWebKit/537.36 (KHTML, like Gecko) Chrome/143.0.0.0 Safari/537.36"
172.69.6.152 - - [29/Dec/2025:00:44:20 +0000] "GET /monstarclownaud1-item?id=47 HTTP/1.1" 200 3039 "https://arl.lambda.cam/edit?id=47" "Mozilla/5.0 (Windows NT 10.0; Win64; x64) AppleWebKit/537.36 (KHTML, like Gecko) Chrome/143.0.0.0 Safari/537.36"
172.69.6.153 - - [29/Dec/2025:00:44:21 +0000] "GET /js/main.js?t=1766969060 HTTP/1.1" 200 1158 "https://arl.lambda.cam/monstarclownaud1-item?id=47" "Mozilla/5.0 (Windows NT 10.0; Win64; x64) AppleWebKit/537.36 (KHTML, like Gecko) Chrome/143.0.0.0 Safari/537.36"
172.69.6.152 - - [29/Dec/2025:00:44:21 +0000] "GET /css/AllCSS.css?t=1766969060 HTTP/1.1" 200 4412 "https://arl.lambda.cam/monstarclownaud1-item?id=47" "Mozilla/5.0 (Windows NT 10.0; Win64; x64) AppleWebKit/537.36 (KHTML, like Gecko) Chrome/143.0.0.0 Safari/537.36"
172.69.6.152 - - [29/Dec/2025:00:44:21 +0000] "GET /js/item.js?t=1766969060 HTTP/1.1" 200 1161 "https://arl.lambda.cam/monstarclownaud1-item?id=47" "Mozilla/5.0 (Windows NT 10.0; Win64; x64) AppleWebKit/537.36 (KHTML, like Gecko) Chrome/143.0.0.0 Safari/537.36"
172.69.6.152 - - [29/Dec/2025:00:44:21 +0000] "GET /thumbs/?id=47&sxy=190 HTTP/1.1" 200 41538 "https://arl.lambda.cam/monstarclownaud1-item?id=47" "Mozilla/5.0 (Windows NT 10.0; Win64; x64) AppleWebKit/537.36 (KHTML, like Gecko) Chrome/143.0.0.0 Safari/537.36"
172.69.6.153 - - [29/Dec/2025:00:44:21 +0000] "GET /thumbs/player?id=4 HTTP/1.1" 200 19151 "https://arl.lambda.cam/monstarclownaud1-item?id=47" "Mozilla/5.0 (Windows NT 10.0; Win64; x64) AppleWebKit/537.36 (KHTML, like Gecko) Chrome/143.0.0.0 Safari/537.36"
172.69.6.153 - - [29/Dec/2025:00:44:21 +0000] "GET /asset/?id=46 HTTP/1.1" 200 41601 "https://arl.lambda.cam/monstarclownaud1-item?id=47" "Mozilla/5.0 (Windows NT 10.0; Win64; x64) AppleWebKit/537.36 (KHTML, like Gecko) Chrome/143.0.0.0 Safari/537.36"
104.23.187.151 - - [29/Dec/2025:00:44:23 +0000] "GET /asset/?id=52 HTTP/1.1" 200 2177641 "-" "Mozilla/5.0 (Windows NT 10.0; Win64; x64; rv:147.0) Gecko/20100101 Firefox/147.0"
172.70.58.145 - - [29/Dec/2025:00:44:25 +0000] "GET /my/stuff HTTP/1.1" 200 2072 "https://arl.lambda.cam/the-808s-are-bussing-item?id=53" "Mozilla/5.0 (Windows NT 10.0; Win64; x64; rv:146.0) Gecko/20100101 Firefox/146.0"
172.70.58.145 - - [29/Dec/2025:00:44:25 +0000] "GET /css/AllCSS.css?t=1766969065 HTTP/1.1" 200 4412 "https://arl.lambda.cam/my/stuff" "Mozilla/5.0 (Windows NT 10.0; Win64; x64; rv:146.0) Gecko/20100101 Firefox/146.0"
172.70.58.145 - - [29/Dec/2025:00:44:25 +0000] "GET /js/main.js?t=1766969065 HTTP/1.1" 200 1159 "https://arl.lambda.cam/my/stuff" "Mozilla/5.0 (Windows NT 10.0; Win64; x64; rv:146.0) Gecko/20100101 Firefox/146.0"
172.70.58.145 - - [29/Dec/2025:00:44:26 +0000] "GET /api/stuff?c=8&p=1 HTTP/1.1" 200 553 "https://arl.lambda.cam/my/stuff" "Mozilla/5.0 (Windows NT 10.0; Win64; x64; rv:146.0) Gecko/20100101 Firefox/146.0"
172.70.58.145 - - [29/Dec/2025:00:44:26 +0000] "GET /api/user?id=0&request=isadmin HTTP/1.1" 200 335 "https://arl.lambda.cam/my/stuff" "Mozilla/5.0 (Windows NT 10.0; Win64; x64; rv:146.0) Gecko/20100101 Firefox/146.0"
172.70.58.145 - - [29/Dec/2025:00:44:26 +0000] "GET /thumbs/?id=41&sxy=130 HTTP/1.1" 200 9833 "https://arl.lambda.cam/my/stuff" "Mozilla/5.0 (Windows NT 10.0; Win64; x64; rv:146.0) Gecko/20100101 Firefox/146.0"
172.70.58.145 - - [29/Dec/2025:00:44:26 +0000] "GET /thumbs/?id=38&sxy=130 HTTP/1.1" 200 8470 "https://arl.lambda.cam/my/stuff" "Mozilla/5.0 (Windows NT 10.0; Win64; x64; rv:146.0) Gecko/20100101 Firefox/146.0"
172.70.58.145 - - [29/Dec/2025:00:44:26 +0000] "GET /thumbs/?id=11&sxy=130 HTTP/1.1" 200 13430 "https://arl.lambda.cam/my/stuff" "Mozilla/5.0 (Windows NT 10.0; Win64; x64; rv:146.0) Gecko/20100101 Firefox/146.0"
172.70.58.145 - - [29/Dec/2025:00:44:30 +0000] "GET /create/ HTTP/1.1" 200 2919 "https://arl.lambda.cam/my/stuff" "Mozilla/5.0 (Windows NT 10.0; Win64; x64; rv:146.0) Gecko/20100101 Firefox/146.0"
172.70.58.145 - - [29/Dec/2025:00:44:30 +0000] "GET /css/AllCSS.css?t=1766969070 HTTP/1.1" 200 4412 "https://arl.lambda.cam/create/" "Mozilla/5.0 (Windows NT 10.0; Win64; x64; rv:146.0) Gecko/20100101 Firefox/146.0"
172.70.58.145 - - [29/Dec/2025:00:44:30 +0000] "GET /js/main.js?t=1766969070 HTTP/1.1" 200 1158 "https://arl.lambda.cam/create/" "Mozilla/5.0 (Windows NT 10.0; Win64; x64; rv:146.0) Gecko/20100101 Firefox/146.0"
172.70.58.145 - - [29/Dec/2025:00:44:30 +0000] "GET /js/create.js HTTP/1.1" 200 2258 "https://arl.lambda.cam/create/" "Mozilla/5.0 (Windows NT 10.0; Win64; x64; rv:146.0) Gecko/20100101 Firefox/146.0"
172.70.58.145 - - [29/Dec/2025:00:44:30 +0000] "GET /api/stuff?c=11&p=1 HTTP/1.1" 200 538 "https://arl.lambda.cam/create/shirts" "Mozilla/5.0 (Windows NT 10.0; Win64; x64; rv:146.0) Gecko/20100101 Firefox/146.0"
172.70.58.145 - - [29/Dec/2025:00:44:31 +0000] "GET /thumbs/?id=22&sxy=130 HTTP/1.1" 200 7500 "https://arl.lambda.cam/create/shirts" "Mozilla/5.0 (Windows NT 10.0; Win64; x64; rv:146.0) Gecko/20100101 Firefox/146.0"
172.70.58.145 - - [29/Dec/2025:00:44:31 +0000] "GET /thumbs/?id=6&sxy=130 HTTP/1.1" 200 8961 "https://arl.lambda.cam/create/shirts" "Mozilla/5.0 (Windows NT 10.0; Win64; x64; rv:146.0) Gecko/20100101 Firefox/146.0"
172.70.58.145 - - [29/Dec/2025:00:44:31 +0000] "GET /thumbs/?id=4&sxy=130 HTTP/1.1" 200 9322 "https://arl.lambda.cam/create/shirts" "Mozilla/5.0 (Windows NT 10.0; Win64; x64; rv:146.0) Gecko/20100101 Firefox/146.0"
172.70.100.61 - - [29/Dec/2025:00:44:31 +0000] "GET /Setting/QuietGet/ClientAppSettings/?apiKey=D6925E56-BFB9-4908-AAA2-A5B1EC4B2D79 HTTP/1.1" 200 72264 "-" "Roblox/WinInet"
172.70.58.145 - - [29/Dec/2025:00:44:32 +0000] "GET /api/stuff?c=9&p=1 HTTP/1.1" 200 581 "https://arl.lambda.cam/create/places" "Mozilla/5.0 (Windows NT 10.0; Win64; x64; rv:146.0) Gecko/20100101 Firefox/146.0"
172.70.58.145 - - [29/Dec/2025:00:44:32 +0000] "GET /thumbs/?id=35&sxy=130 HTTP/1.1" 200 25680 "https://arl.lambda.cam/create/places" "Mozilla/5.0 (Windows NT 10.0; Win64; x64; rv:146.0) Gecko/20100101 Firefox/146.0"
172.70.58.145 - - [29/Dec/2025:00:44:32 +0000] "GET /thumbs/?id=32&sxy=130 HTTP/1.1" 200 25680 "https://arl.lambda.cam/create/places" "Mozilla/5.0 (Windows NT 10.0; Win64; x64; rv:146.0) Gecko/20100101 Firefox/146.0"
172.70.58.145 - - [29/Dec/2025:00:44:32 +0000] "GET /thumbs/?id=25&sxy=130 HTTP/1.1" 200 33200 "https://arl.lambda.cam/create/places" "Mozilla/5.0 (Windows NT 10.0; Win64; x64; rv:146.0) Gecko/20100101 Firefox/146.0"
172.70.58.145 - - [29/Dec/2025:00:44:32 +0000] "GET /api/stuff?c=4&p=1 HTTP/1.1" 200 553 "https://arl.lambda.cam/create/meshes" "Mozilla/5.0 (Windows NT 10.0; Win64; x64; rv:146.0) Gecko/20100101 Firefox/146.0"
172.70.58.145 - - [29/Dec/2025:00:44:32 +0000] "GET /thumbs/?id=39&sxy=130 HTTP/1.1" 200 2194 "https://arl.lambda.cam/create/meshes" "Mozilla/5.0 (Windows NT 10.0; Win64; x64; rv:146.0) Gecko/20100101 Firefox/146.0"
172.70.58.145 - - [29/Dec/2025:00:44:32 +0000] "GET /thumbs/?id=36&sxy=130 HTTP/1.1" 200 3295 "https://arl.lambda.cam/create/meshes" "Mozilla/5.0 (Windows NT 10.0; Win64; x64; rv:146.0) Gecko/20100101 Firefox/146.0"
172.70.58.145 - - [29/Dec/2025:00:44:32 +0000] "GET /thumbs/?id=9&sxy=130 HTTP/1.1" 200 3190 "https://arl.lambda.cam/create/meshes" "Mozilla/5.0 (Windows NT 10.0; Win64; x64; rv:146.0) Gecko/20100101 Firefox/146.0"
172.69.17.71 - - [29/Dec/2025:00:44:33 +0000] "GET /login/RequestAuth.ashx HTTP/1.1" 200 756 "-" "Mozilla/5.0 (Windows NT 6.2; WOW64) AppleWebKit/534.34 (KHTML, like Gecko) ANORRLStudio/0.235.0.2025 Safari/534.34"
172.70.100.61 - - [29/Dec/2025:00:44:33 +0000] "GET /Login/Negotiate.ashx?suggest=bHpxX3Y3ME1qMUM0aDFndlE2dz90cHYybng5NW4tSkZjaWtqT01KO1VKZ25BeEFrUkZJQVQ0YXczTjNxM2g3P0lyNVdFSXM2MS0xQmduU3pzQjRYL04yO04xI0xCaCNlP3h3MFhwOXE9WlA3ZUVnSklMa3BoOUhpZmE5d1RuRkZVTExkRzZRMldGU0t3SDVlTkpHWTRFa3VRYz1SWEhtb2l2bjlYYUloI3dhcjFKTTE5VTZHR2M9SDBjNTRwUVBQTVV1QVpYY2xMbDh2Qjk2QjJ0bHZpeUFqYWpYZ3lRSUlTRDQzdS9Eb19SPVhsYl9zc294SiFNUzs5VDZKWEc3 HTTP/1.1" 200 370 "-" "Roblox/WinInet"
108.162.216.160 - - [29/Dec/2025:00:44:36 +0000] "GET /game/GetCurrentUser.ashx HTTP/1.1" 200 372 "-" "Roblox/WinInet"
172.70.50.99 - - [29/Dec/2025:00:44:36 +0000] "GET /game/GetCurrentUser.ashx HTTP/1.1" 200 372 "-" "Roblox/WinInet"
172.69.17.71 - - [29/Dec/2025:00:44:37 +0000] "GET /IDE/ClientToolbox.aspx HTTP/1.1" 200 1911 "-" "Mozilla/5.0 (Windows NT 6.2; WOW64) AppleWebKit/534.34 (KHTML, like Gecko) ANORRLStudio/0.235.0.2025 Safari/534.34"
172.69.17.19 - - [29/Dec/2025:00:44:37 +0000] "GET /game/GetCurrentUser.ashx HTTP/1.1" 200 314 "-" "Roblox/WinInet"
172.69.17.71 - - [29/Dec/2025:00:44:37 +0000] "GET /css/Toolbox.css HTTP/1.1" 200 6957 "http://arl.lambda.cam/IDE/ClientToolbox.aspx" "Mozilla/5.0 (Windows NT 6.2; WOW64) AppleWebKit/534.34 (KHTML, like Gecko) ANORRLStudio/0.235.0.2025 Safari/534.34"
172.70.100.61 - - [29/Dec/2025:00:44:37 +0000] "GET /js/jquery.js HTTP/1.1" 200 37220 "http://arl.lambda.cam/IDE/ClientToolbox.aspx" "Mozilla/5.0 (Windows NT 6.2; WOW64) AppleWebKit/534.34 (KHTML, like Gecko) ANORRLStudio/0.235.0.2025 Safari/534.34"
172.71.254.99 - - [29/Dec/2025:00:44:37 +0000] "GET /js/toolbox.js HTTP/1.1" 200 5285 "http://arl.lambda.cam/IDE/ClientToolbox.aspx" "Mozilla/5.0 (Windows NT 6.2; WOW64) AppleWebKit/534.34 (KHTML, like Gecko) ANORRLStudio/0.235.0.2025 Safari/534.34"
172.70.50.142 - - [29/Dec/2025:00:44:37 +0000] "GET /asset/?id=225329153 HTTP/1.1" 404 210 "-" "Roblox/WinInet"
172.69.6.153 - - [29/Dec/2025:00:44:37 +0000] "GET /asset/?id=225328818 HTTP/1.1" 404 210 "-" "Roblox/WinInet"
172.70.100.61 - - [29/Dec/2025:00:44:37 +0000] "GET /asset/?id=225328572 HTTP/1.1" 404 210 "-" "Roblox/WinInet"
172.69.17.71 - - [29/Dec/2025:00:44:37 +0000] "GET /asset/?id=225329153 HTTP/1.1" 404 209 "-" "Roblox/WinInet"
172.69.6.153 - - [29/Dec/2025:00:44:37 +0000] "GET /asset/?id=225328818 HTTP/1.1" 404 209 "-" "Roblox/WinInet"
172.70.179.160 - - [29/Dec/2025:00:44:37 +0000] "GET /asset/?id=225329641 HTTP/1.1" 404 210 "-" "Roblox/WinInet"
172.69.6.153 - - [29/Dec/2025:00:44:37 +0000] "GET /asset/?id=233257118 HTTP/1.1" 404 210 "-" "Roblox/WinInet"
172.70.100.61 - - [29/Dec/2025:00:44:37 +0000] "GET /asset/?id=225329301 HTTP/1.1" 404 210 "-" "Roblox/WinInet"
172.70.50.142 - - [29/Dec/2025:00:44:38 +0000] "GET /asset/?id=225329301 HTTP/1.1" 404 209 "-" "Roblox/WinInet"
172.69.59.241 - - [29/Dec/2025:00:44:38 +0000] "GET /asset/?id=225328954 HTTP/1.1" 404 210 "-" "Roblox/WinInet"
172.70.130.24 - - [29/Dec/2025:00:44:38 +0000] "GET /asset/?id=236006872 HTTP/1.1" 404 210 "-" "Roblox/WinInet"
172.69.17.71 - - [29/Dec/2025:00:44:38 +0000] "GET /Sets/SetHandler.ashx?maxsets=10&rqtype=getsets HTTP/1.1" 404 279 "http://arl.lambda.cam/IDE/ClientToolbox.aspx" "Mozilla/5.0 (Windows NT 6.2; WOW64) AppleWebKit/534.34 (KHTML, like Gecko) ANORRLStudio/0.235.0.2025 Safari/534.34"
172.70.100.61 - - [29/Dec/2025:00:44:38 +0000] "GET /Sets/SetHandler.ashx?maxsets=10&rqtype=getsubscribedsets HTTP/1.1" 404 289 "http://arl.lambda.cam/IDE/ClientToolbox.aspx" "Mozilla/5.0 (Windows NT 6.2; WOW64) AppleWebKit/534.34 (KHTML, like Gecko) ANORRLStudio/0.235.0.2025 Safari/534.34"
172.71.254.99 - - [29/Dec/2025:00:44:38 +0000] "GET /Sets/SetHandler.ashx?maxsets=10&rqtype=getrobloxsets HTTP/1.1" 404 285 "http://arl.lambda.cam/IDE/ClientToolbox.aspx" "Mozilla/5.0 (Windows NT 6.2; WOW64) AppleWebKit/534.34 (KHTML, like Gecko) ANORRLStudio/0.235.0.2025 Safari/534.34"
172.69.6.153 - - [29/Dec/2025:00:44:38 +0000] "GET /images/ide/bg-tab-inactive.png HTTP/1.1" 200 372 "http://arl.lambda.cam/IDE/ClientToolbox.aspx" "Mozilla/5.0 (Windows NT 6.2; WOW64) AppleWebKit/534.34 (KHTML, like Gecko) ANORRLStudio/0.235.0.2025 Safari/534.34"
172.71.254.99 - - [29/Dec/2025:00:44:38 +0000] "GET /asset/?id=225328954 HTTP/1.1" 404 209 "-" "Roblox/WinInet"
172.70.100.62 - - [29/Dec/2025:00:44:39 +0000] "GET /asset/?id=232196030 HTTP/1.1" 404 210 "-" "Roblox/WinInet"
172.71.254.99 - - [29/Dec/2025:00:44:39 +0000] "GET /asset/?id=240631063 HTTP/1.1" 404 210 "-" "Roblox/WinInet"
172.71.254.99 - - [29/Dec/2025:00:44:39 +0000] "GET /asset/?id=82741829 HTTP/1.1" 404 210 "-" "Roblox/WinInet"
172.69.6.153 - - [29/Dec/2025:00:44:39 +0000] "GET /asset/?id=225328572 HTTP/1.1" 404 210 "-" "Roblox/WinInet"
172.70.80.181 - - [29/Dec/2025:00:44:39 +0000] "GET /asset/?id=225329641 HTTP/1.1" 404 210 "-" "Roblox/WinInet"
172.71.254.99 - - [29/Dec/2025:00:44:39 +0000] "GET /asset/?id=240631063 HTTP/1.1" 404 209 "-" "Roblox/WinInet"
172.69.59.241 - - [29/Dec/2025:00:44:39 +0000] "GET /asset/?id=82741829 HTTP/1.1" 404 209 "-" "Roblox/WinInet"
172.70.130.25 - - [29/Dec/2025:00:44:40 +0000] "GET /asset/?id=233257118 HTTP/1.1" 404 210 "-" "Roblox/WinInet"
172.70.130.25 - - [29/Dec/2025:00:44:40 +0000] "GET /images/ide/bg-tab-active.png HTTP/1.1" 200 373 "http://arl.lambda.cam/IDE/ClientToolbox.aspx" "Mozilla/5.0 (Windows NT 6.2; WOW64) AppleWebKit/534.34 (KHTML, like Gecko) ANORRLStudio/0.235.0.2025 Safari/534.34"
172.71.120.114 - - [29/Dec/2025:00:44:40 +0000] "GET /asset/?id=236006872 HTTP/1.1" 404 210 "-" "Roblox/WinInet"
172.69.59.242 - - [29/Dec/2025:00:44:40 +0000] "GET /asset/?id=232196030 HTTP/1.1" 404 210 "-" "Roblox/WinInet"
::1 - - [29/Dec/2025:00:44:42 +0000] "OPTIONS * HTTP/1.0" 200 126 "-" "Apache/2.4.62 (Debian) (internal dummy connection)"
::1 - - [29/Dec/2025:00:44:43 +0000] "OPTIONS * HTTP/1.0" 200 126 "-" "Apache/2.4.62 (Debian) (internal dummy connection)"
::1 - - [29/Dec/2025:00:44:44 +0000] "OPTIONS * HTTP/1.0" 200 126 "-" "Apache/2.4.62 (Debian) (internal dummy connection)"
::1 - - [29/Dec/2025:00:44:45 +0000] "OPTIONS * HTTP/1.0" 200 126 "-" "Apache/2.4.62 (Debian) (internal dummy connection)"
::1 - - [29/Dec/2025:00:44:46 +0000] "OPTIONS * HTTP/1.0" 200 126 "-" "Apache/2.4.62 (Debian) (internal dummy connection)"
::1 - - [29/Dec/2025:00:44:47 +0000] "OPTIONS * HTTP/1.0" 200 126 "-" "Apache/2.4.62 (Debian) (internal dummy connection)"
::1 - - [29/Dec/2025:00:44:48 +0000] "OPTIONS * HTTP/1.0" 200 126 "-" "Apache/2.4.62 (Debian) (internal dummy connection)"
::1 - - [29/Dec/2025:00:44:49 +0000] "OPTIONS * HTTP/1.0" 200 126 "-" "Apache/2.4.62 (Debian) (internal dummy connection)"
::1 - - [29/Dec/2025:00:44:50 +0000] "OPTIONS * HTTP/1.0" 200 126 "-" "Apache/2.4.62 (Debian) (internal dummy connection)"
::1 - - [29/Dec/2025:00:44:51 +0000] "OPTIONS * HTTP/1.0" 200 126 "-" "Apache/2.4.62 (Debian) (internal dummy connection)"
::1 - - [29/Dec/2025:00:44:52 +0000] "OPTIONS * HTTP/1.0" 200 126 "-" "Apache/2.4.62 (Debian) (internal dummy connection)"
::1 - - [29/Dec/2025:00:44:53 +0000] "OPTIONS * HTTP/1.0" 200 126 "-" "Apache/2.4.62 (Debian) (internal dummy connection)"
::1 - - [29/Dec/2025:00:44:54 +0000] "OPTIONS * HTTP/1.0" 200 126 "-" "Apache/2.4.62 (Debian) (internal dummy connection)"
::1 - - [29/Dec/2025:00:44:55 +0000] "OPTIONS * HTTP/1.0" 200 126 "-" "Apache/2.4.62 (Debian) (internal dummy connection)"
::1 - - [29/Dec/2025:00:44:56 +0000] "OPTIONS * HTTP/1.0" 200 126 "-" "Apache/2.4.62 (Debian) (internal dummy connection)"
172.69.79.183 - - [29/Dec/2025:00:44:56 +0000] "GET /asset/?id=54&access=3e2397a0-914d-4c59-8721-cc86f1ed0699 HTTP/1.1" 200 449531 "-" "Roblox/WinHttp"
172.69.79.183 - - [29/Dec/2025:00:44:57 +0000] "POST /v1.1/Counters/Increment/?apiKey=76E5A40C-3AE1-4028-9F10-7C62520BD94F&counterName=HTTPSuccess-Win32&amount=1 HTTP/1.1" 200 281 "-" "Roblox/WinHttp"
