172.69.6.152 - - [29/Dec/2025:00:50:41 +0000] "GET /thumbs/?id=56&sxy=130 HTTP/1.1" 200 17625 "https://arl.lambda.cam/catalog" "Mozilla/5.0 (Windows NT 10.0; Win64; x64) AppleWebKit/537.36 (KHTML, like Gecko) Chrome/143.0.0.0 Safari/537.36"
172.69.6.153 - - [29/Dec/2025:00:50:41 +0000] "GET /thumbs/?id=41&sxy=130 HTTP/1.1" 200 9833 "https://arl.lambda.cam/catalog" "Mozilla/5.0 (Windows NT 10.0; Win64; x64) AppleWebKit/537.36 (KHTML, like Gecko) Chrome/143.0.0.0 Safari/537.36"
172.68.205.163 - - [29/Dec/2025:00:50:59 +0000] "GET /GetAllowedSecurityVersions/?apiKey=2b4ba7fc-5843-44cf-b107-ba22d3319dcd HTTP/1.1" 200 262 "-" "Roblox/WinHttp"
172.68.205.163 - - [29/Dec/2025:00:50:59 +0000] "GET /GetAllowedMD5Hashes/?apiKey=2b4ba7fc-5843-44cf-b107-ba22d3319dcd HTTP/1.1" 200 208 "-" "Roblox/WinHttp"
172.68.205.163 - - [29/Dec/2025:00:51:00 +0000] "POST /v1.1/Counters/Increment/?apiKey=76E5A40C-3AE1-4028-9F10-7C62520BD94F&counterName=HTTPSuccess-Win32&amount=2 HTTP/1.1" 200 281 "-" "Roblox/WinHttp"
172.70.58.147 - - [29/Dec/2025:00:51:00 +0000] "POST /game/report-stats?name=HTTPAccumulatedBytes%2DWin32&value=79%2E000000 HTTP/1.1" 200 282 "-" "Roblox/WinHttp"
162.158.74.11 - - [29/Dec/2025:00:51:00 +0000] "POST /v1.1/Counters/Increment/?apiKey=76E5A40C-3AE1-4028-9F10-7C62520BD94F&counterName=HTTPSuccessMarketPlace-Win32&amount=0 HTTP/1.1" 200 282 "-" "Roblox/WinHttp"
172.69.79.182 - - [29/Dec/2025:00:51:00 +0000] "POST /v1.1/Counters/Increment/?apiKey=76E5A40C-3AE1-4028-9F10-7C62520BD94F&counterName=HTTPSuccessDataStore-Win32&amount=0 HTTP/1.1" 200 282 "-" "Roblox/WinHttp"
172.70.58.147 - - [29/Dec/2025:00:51:00 +0000] "POST /game/report-stats?name=HTTPDelaySuccess%2DWin32&value=143%2E348236 HTTP/1.1" 200 281 "-" "Roblox/WinHttp"
172.70.58.145 - - [29/Dec/2025:00:51:20 +0000] "GET /edit?id=56 HTTP/1.1" 200 2421 "https://arl.lambda.cam/white-100-item?id=56" "Mozilla/5.0 (Windows NT 10.0; Win64; x64; rv:146.0) Gecko/20100101 Firefox/146.0"
172.70.58.145 - - [29/Dec/2025:00:51:20 +0000] "GET /css/AllCSS.css?t=1766969480 HTTP/1.1" 200 4412 "https://arl.lambda.cam/edit?id=56" "Mozilla/5.0 (Windows NT 10.0; Win64; x64; rv:146.0) Gecko/20100101 Firefox/146.0"
172.70.58.145 - - [29/Dec/2025:00:51:20 +0000] "GET /js/main.js?t=1766969480 HTTP/1.1" 200 1158 "https://arl.lambda.cam/edit?id=56" "Mozilla/5.0 (Windows NT 10.0; Win64; x64; rv:146.0) Gecko/20100101 Firefox/146.0"
172.70.58.145 - - [29/Dec/2025:00:51:22 +0000] "POST /edit?id=56 HTTP/1.1" 302 348 "https://arl.lambda.cam/edit?id=56" "Mozilla/5.0 (Windows NT 10.0; Win64; x64; rv:146.0) Gecko/20100101 Firefox/146.0"
172.70.58.145 - - [29/Dec/2025:00:51:22 +0000] "GET /white-100-item?id=56 HTTP/1.1" 200 3450 "https://arl.lambda.cam/edit?id=56" "Mozilla/5.0 (Windows NT 10.0; Win64; x64; rv:146.0) Gecko/20100101 Firefox/146.0"
172.70.58.145 - - [29/Dec/2025:00:51:23 +0000] "GET /css/AllCSS.css?t=1766969482 HTTP/1.1" 200 4412 "https://arl.lambda.cam/white-100-item?id=56" "Mozilla/5.0 (Windows NT 10.0; Win64; x64; rv:146.0) Gecko/20100101 Firefox/146.0"
172.70.58.145 - - [29/Dec/2025:00:51:23 +0000] "GET /js/main.js?t=1766969482 HTTP/1.1" 200 1159 "https://arl.lambda.cam/white-100-item?id=56" "Mozilla/5.0 (Windows NT 10.0; Win64; x64; rv:146.0) Gecko/20100101 Firefox/146.0"
172.70.58.145 - - [29/Dec/2025:00:51:23 +0000] "GET /js/item.js?t=1766969482 HTTP/1.1" 200 1162 "https://arl.lambda.cam/white-100-item?id=56" "Mozilla/5.0 (Windows NT 10.0; Win64; x64; rv:146.0) Gecko/20100101 Firefox/146.0"
172.70.58.145 - - [29/Dec/2025:00:51:23 +0000] "GET /thumbs/?id=56&sxy=240 HTTP/1.1" 200 42054 "https://arl.lambda.cam/white-100-item?id=56" "Mozilla/5.0 (Windows NT 10.0; Win64; x64; rv:146.0) Gecko/20100101 Firefox/146.0"
172.70.58.145 - - [29/Dec/2025:00:51:23 +0000] "GET /thumbs/player?id=1 HTTP/1.1" 200 34538 "https://arl.lambda.cam/white-100-item?id=56" "Mozilla/5.0 (Windows NT 10.0; Win64; x64; rv:146.0) Gecko/20100101 Firefox/146.0"
172.70.58.145 - - [29/Dec/2025:00:51:37 +0000] "GET /create/ HTTP/1.1" 200 2921 "https://arl.lambda.cam/white-100-item?id=56" "Mozilla/5.0 (Windows NT 10.0; Win64; x64; rv:146.0) Gecko/20100101 Firefox/146.0"
172.70.58.145 - - [29/Dec/2025:00:51:37 +0000] "GET /css/AllCSS.css?t=1766969497 HTTP/1.1" 200 4412 "https://arl.lambda.cam/create/" "Mozilla/5.0 (Windows NT 10.0; Win64; x64; rv:146.0) Gecko/20100101 Firefox/146.0"
172.70.58.145 - - [29/Dec/2025:00:51:37 +0000] "GET /js/main.js?t=1766969497 HTTP/1.1" 200 1158 "https://arl.lambda.cam/create/" "Mozilla/5.0 (Windows NT 10.0; Win64; x64; rv:146.0) Gecko/20100101 Firefox/146.0"
172.70.58.145 - - [29/Dec/2025:00:51:37 +0000] "GET /api/stuff?c=11&p=1 HTTP/1.1" 200 538 "https://arl.lambda.cam/create/shirts" "Mozilla/5.0 (Windows NT 10.0; Win64; x64; rv:146.0) Gecko/20100101 Firefox/146.0"
172.70.58.145 - - [29/Dec/2025:00:51:37 +0000] "GET /thumbs/?id=22&sxy=130 HTTP/1.1" 200 7500 "https://arl.lambda.cam/create/shirts" "Mozilla/5.0 (Windows NT 10.0; Win64; x64; rv:146.0) Gecko/20100101 Firefox/146.0"
172.70.58.146 - - [29/Dec/2025:00:51:37 +0000] "GET /thumbs/?id=4&sxy=130 HTTP/1.1" 200 9323 "https://arl.lambda.cam/create/shirts" "Mozilla/5.0 (Windows NT 10.0; Win64; x64; rv:146.0) Gecko/20100101 Firefox/146.0"
172.70.58.146 - - [29/Dec/2025:00:51:37 +0000] "GET /thumbs/?id=6&sxy=130 HTTP/1.1" 200 8962 "https://arl.lambda.cam/create/shirts" "Mozilla/5.0 (Windows NT 10.0; Win64; x64; rv:146.0) Gecko/20100101 Firefox/146.0"
172.70.58.145 - - [29/Dec/2025:00:51:39 +0000] "GET /api/stuff?c=8&p=1 HTTP/1.1" 200 616 "https://arl.lambda.cam/create/hats" "Mozilla/5.0 (Windows NT 10.0; Win64; x64; rv:146.0) Gecko/20100101 Firefox/146.0"
172.70.58.146 - - [29/Dec/2025:00:51:39 +0000] "GET /thumbs/?id=56&sxy=130 HTTP/1.1" 200 17625 "https://arl.lambda.cam/create/hats" "Mozilla/5.0 (Windows NT 10.0; Win64; x64; rv:146.0) Gecko/20100101 Firefox/146.0"
172.70.58.146 - - [29/Dec/2025:00:51:39 +0000] "GET /thumbs/?id=41&sxy=130 HTTP/1.1" 200 9833 "https://arl.lambda.cam/create/hats" "Mozilla/5.0 (Windows NT 10.0; Win64; x64; rv:146.0) Gecko/20100101 Firefox/146.0"
172.70.58.145 - - [29/Dec/2025:00:51:39 +0000] "GET /thumbs/?id=11&sxy=130 HTTP/1.1" 200 13429 "https://arl.lambda.cam/create/hats" "Mozilla/5.0 (Windows NT 10.0; Win64; x64; rv:146.0) Gecko/20100101 Firefox/146.0"
172.70.58.145 - - [29/Dec/2025:00:51:39 +0000] "GET /thumbs/?id=38&sxy=130 HTTP/1.1" 200 8471 "https://arl.lambda.cam/create/hats" "Mozilla/5.0 (Windows NT 10.0; Win64; x64; rv:146.0) Gecko/20100101 Firefox/146.0"
172.70.58.146 - - [29/Dec/2025:00:51:40 +0000] "GET /api/stuff?c=9&p=1 HTTP/1.1" 200 581 "https://arl.lambda.cam/create/places" "Mozilla/5.0 (Windows NT 10.0; Win64; x64; rv:146.0) Gecko/20100101 Firefox/146.0"
172.70.58.146 - - [29/Dec/2025:00:51:40 +0000] "GET /thumbs/?id=35&sxy=130 HTTP/1.1" 200 25680 "https://arl.lambda.cam/create/places" "Mozilla/5.0 (Windows NT 10.0; Win64; x64; rv:146.0) Gecko/20100101 Firefox/146.0"
172.70.58.145 - - [29/Dec/2025:00:51:40 +0000] "GET /thumbs/?id=32&sxy=130 HTTP/1.1" 200 25680 "https://arl.lambda.cam/create/places" "Mozilla/5.0 (Windows NT 10.0; Win64; x64; rv:146.0) Gecko/20100101 Firefox/146.0"
172.70.58.145 - - [29/Dec/2025:00:51:40 +0000] "GET /thumbs/?id=25&sxy=130 HTTP/1.1" 200 33200 "https://arl.lambda.cam/create/places" "Mozilla/5.0 (Windows NT 10.0; Win64; x64; rv:146.0) Gecko/20100101 Firefox/146.0"
162.158.74.10 - - [29/Dec/2025:00:51:41 +0000] "POST /v1.0/MultiIncrement/?apiKey=76E5A40C-3AE1-4028-9F10-7C62520BD94F HTTP/1.1" 404 298 "-" "Roblox/WinInet"
172.70.58.146 - - [29/Dec/2025:00:51:41 +0000] "GET /api/stuff?c=4&p=1 HTTP/1.1" 200 621 "https://arl.lambda.cam/create/meshes" "Mozilla/5.0 (Windows NT 10.0; Win64; x64; rv:146.0) Gecko/20100101 Firefox/146.0"
172.70.58.146 - - [29/Dec/2025:00:51:41 +0000] "GET /thumbs/?id=54&sxy=130 HTTP/1.1" 200 4606 "https://arl.lambda.cam/create/meshes" "Mozilla/5.0 (Windows NT 10.0; Win64; x64; rv:146.0) Gecko/20100101 Firefox/146.0"
172.70.58.145 - - [29/Dec/2025:00:51:41 +0000] "GET /thumbs/?id=39&sxy=130 HTTP/1.1" 200 2194 "https://arl.lambda.cam/create/meshes" "Mozilla/5.0 (Windows NT 10.0; Win64; x64; rv:146.0) Gecko/20100101 Firefox/146.0"
172.70.58.145 - - [29/Dec/2025:00:51:41 +0000] "GET /thumbs/?id=9&sxy=130 HTTP/1.1" 200 3190 "https://arl.lambda.cam/create/meshes" "Mozilla/5.0 (Windows NT 10.0; Win64; x64; rv:146.0) Gecko/20100101 Firefox/146.0"
172.70.58.146 - - [29/Dec/2025:00:51:41 +0000] "GET /thumbs/?id=36&sxy=130 HTTP/1.1" 200 3295 "https://arl.lambda.cam/create/meshes" "Mozilla/5.0 (Windows NT 10.0; Win64; x64; rv:146.0) Gecko/20100101 Firefox/146.0"
162.158.74.10 - - [29/Dec/2025:00:51:55 +0000] "GET /asset/?id=57&access=3e2397a0-914d-4c59-8721-cc86f1ed0699 HTTP/1.1" 200 450251 "-" "Roblox/WinHttp"
172.68.205.163 - - [29/Dec/2025:00:51:56 +0000] "GET /asset/?id=34854607 HTTP/1.1" 404 210 "-" "Roblox/WinHttp"
172.70.58.145 - - [29/Dec/2025:00:51:55 +0000] "POST /create/meshes HTTP/1.1" 302 342 "https://arl.lambda.cam/create/meshes" "Mozilla/5.0 (Windows NT 10.0; Win64; x64; rv:146.0) Gecko/20100101 Firefox/146.0"
172.70.58.145 - - [29/Dec/2025:00:51:56 +0000] "GET /create/meshes HTTP/1.1" 200 2981 "https://arl.lambda.cam/create/meshes" "Mozilla/5.0 (Windows NT 10.0; Win64; x64; rv:146.0) Gecko/20100101 Firefox/146.0"
172.69.79.183 - - [29/Dec/2025:00:51:56 +0000] "GET /asset/?id=34854607 HTTP/1.1" 404 210 "-" "Roblox/WinHttp"
172.70.58.145 - - [29/Dec/2025:00:51:56 +0000] "GET /css/AllCSS.css?t=1766969516 HTTP/1.1" 200 4412 "https://arl.lambda.cam/create/meshes" "Mozilla/5.0 (Windows NT 10.0; Win64; x64; rv:146.0) Gecko/20100101 Firefox/146.0"
162.158.74.10 - - [29/Dec/2025:00:51:56 +0000] "POST /v1.1/Counters/Increment/?apiKey=76E5A40C-3AE1-4028-9F10-7C62520BD94F&counterName=HTTPSuccess-Win32&amount=1 HTTP/1.1" 200 281 "-" "Roblox/WinHttp"
172.69.79.183 - - [29/Dec/2025:00:51:56 +0000] "POST /v1.1/Counters/Increment/?apiKey=76E5A40C-3AE1-4028-9F10-7C62520BD94F&counterName=HTTPSuccessMarketPlace-Win32&amount=0 HTTP/1.1" 200 281 "-" "Roblox/WinHttp"
172.68.205.163 - - [29/Dec/2025:00:51:56 +0000] "POST /v1.1/Counters/Increment/?apiKey=76E5A40C-3AE1-4028-9F10-7C62520BD94F&counterName=HTTPSuccessDataStore-Win32&amount=0 HTTP/1.1" 200 281 "-" "Roblox/WinHttp"
172.70.58.148 - - [29/Dec/2025:00:51:56 +0000] "POST /game/report-stats?name=HTTPDelaySuccess%2DWin32&value=168%2E700592 HTTP/1.1" 200 282 "-" "Roblox/WinHttp"
172.70.58.146 - - [29/Dec/2025:00:51:56 +0000] "GET /js/main.js?t=1766969516 HTTP/1.1" 200 1159 "https://arl.lambda.cam/create/meshes" "Mozilla/5.0 (Windows NT 10.0; Win64; x64; rv:146.0) Gecko/20100101 Firefox/146.0"
172.70.58.147 - - [29/Dec/2025:00:51:56 +0000] "POST /game/report-stats?name=HTTPAccumulatedBytes%2DWin32&value=450025%2E000000 HTTP/1.1" 200 282 "-" "Roblox/WinHttp"
172.70.58.145 - - [29/Dec/2025:00:51:56 +0000] "POST /v1.1/Counters/Increment/?apiKey=76E5A40C-3AE1-4028-9F10-7C62520BD94F&counterName=HTTPFailureDataStore-Win32&amount=0 HTTP/1.1" 200 281 "-" "Roblox/WinHttp"
172.68.205.163 - - [29/Dec/2025:00:51:56 +0000] "POST /v1.1/Counters/Increment/?apiKey=76E5A40C-3AE1-4028-9F10-7C62520BD94F&counterName=HTTPFailure-Win32&amount=1 HTTP/1.1" 200 281 "-" "Roblox/WinHttp"
172.68.205.162 - - [29/Dec/2025:00:51:56 +0000] "POST /v1.1/Counters/Increment/?apiKey=76E5A40C-3AE1-4028-9F10-7C62520BD94F&counterName=HTTPFailureMarketPlace-Win32&amount=0 HTTP/1.1" 200 282 "-" "Roblox/WinHttp"
172.70.58.148 - - [29/Dec/2025:00:51:56 +0000] "POST /game/report-stats?name=HTTPDelayFailure%2DWin32&value=68%2E818314 HTTP/1.1" 200 282 "-" "Roblox/WinHttp"
172.70.58.146 - - [29/Dec/2025:00:51:56 +0000] "GET /api/stuff?c=4&p=1 HTTP/1.1" 200 688 "https://arl.lambda.cam/create/meshes" "Mozilla/5.0 (Windows NT 10.0; Win64; x64; rv:146.0) Gecko/20100101 Firefox/146.0"
172.70.58.145 - - [29/Dec/2025:00:51:57 +0000] "GET /thumbs/?id=54&sxy=130 HTTP/1.1" 200 4606 "https://arl.lambda.cam/create/meshes" "Mozilla/5.0 (Windows NT 10.0; Win64; x64; rv:146.0) Gecko/20100101 Firefox/146.0"
172.70.58.146 - - [29/Dec/2025:00:51:57 +0000] "GET /thumbs/?id=39&sxy=130 HTTP/1.1" 200 2194 "https://arl.lambda.cam/create/meshes" "Mozilla/5.0 (Windows NT 10.0; Win64; x64; rv:146.0) Gecko/20100101 Firefox/146.0"
172.70.58.145 - - [29/Dec/2025:00:51:57 +0000] "GET /thumbs/?id=36&sxy=130 HTTP/1.1" 200 3296 "https://arl.lambda.cam/create/meshes" "Mozilla/5.0 (Windows NT 10.0; Win64; x64; rv:146.0) Gecko/20100101 Firefox/146.0"
172.70.58.146 - - [29/Dec/2025:00:51:57 +0000] "GET /thumbs/?id=9&sxy=130 HTTP/1.1" 200 3191 "https://arl.lambda.cam/create/meshes" "Mozilla/5.0 (Windows NT 10.0; Win64; x64; rv:146.0) Gecko/20100101 Firefox/146.0"
162.158.74.10 - - [29/Dec/2025:00:51:57 +0000] "POST /v1.1/Counters/Increment/?apiKey=76E5A40C-3AE1-4028-9F10-7C62520BD94F&counterName=HTTPFailureDataStore-Win32&amount=0 HTTP/1.1" 200 281 "-" "Roblox/WinHttp"
172.70.58.148 - - [29/Dec/2025:00:51:57 +0000] "POST /game/report-stats?name=HTTPDelayFailure%2DWin32&value=80%2E111961 HTTP/1.1" 200 281 "-" "Roblox/WinHttp"
172.68.205.163 - - [29/Dec/2025:00:51:57 +0000] "POST /v1.1/Counters/Increment/?apiKey=76E5A40C-3AE1-4028-9F10-7C62520BD94F&counterName=HTTPFailure-Win32&amount=1 HTTP/1.1" 200 281 "-" "Roblox/WinHttp"
172.69.79.183 - - [29/Dec/2025:00:51:57 +0000] "POST /v1.1/Counters/Increment/?apiKey=76E5A40C-3AE1-4028-9F10-7C62520BD94F&counterName=HTTPFailureMarketPlace-Win32&amount=0 HTTP/1.1" 200 281 "-" "Roblox/WinHttp"
172.70.58.146 - - [29/Dec/2025:00:51:57 +0000] "GET /thumbs/?id=57&sxy=130 HTTP/1.1" 200 4230 "https://arl.lambda.cam/create/meshes" "Mozilla/5.0 (Windows NT 10.0; Win64; x64; rv:146.0) Gecko/20100101 Firefox/146.0"
172.70.58.146 - - [29/Dec/2025:00:52:02 +0000] "GET /api/stuff?c=1&p=1 HTTP/1.1" 200 1159 "https://arl.lambda.cam/create/images" "Mozilla/5.0 (Windows NT 10.0; Win64; x64; rv:146.0) Gecko/20100101 Firefox/146.0"
172.70.58.146 - - [29/Dec/2025:00:52:02 +0000] "GET /thumbs/?id=55&sxy=130 HTTP/1.1" 200 28596 "https://arl.lambda.cam/create/images" "Mozilla/5.0 (Windows NT 10.0; Win64; x64; rv:146.0) Gecko/20100101 Firefox/146.0"
172.70.58.146 - - [29/Dec/2025:00:52:02 +0000] "GET /thumbs/?id=44&sxy=130 HTTP/1.1" 200 9735 "https://arl.lambda.cam/create/images" "Mozilla/5.0 (Windows NT 10.0; Win64; x64; rv:146.0) Gecko/20100101 Firefox/146.0"
172.70.58.146 - - [29/Dec/2025:00:52:02 +0000] "GET /thumbs/?id=37&sxy=130 HTTP/1.1" 200 17599 "https://arl.lambda.cam/create/images" "Mozilla/5.0 (Windows NT 10.0; Win64; x64; rv:146.0) Gecko/20100101 Firefox/146.0"
172.70.58.145 - - [29/Dec/2025:00:52:02 +0000] "GET /thumbs/?id=40&sxy=130 HTTP/1.1" 200 4423 "https://arl.lambda.cam/create/images" "Mozilla/5.0 (Windows NT 10.0; Win64; x64; rv:146.0) Gecko/20100101 Firefox/146.0"
172.70.58.146 - - [29/Dec/2025:00:52:02 +0000] "GET /thumbs/?id=42&sxy=130 HTTP/1.1" 200 2804 "https://arl.lambda.cam/create/images" "Mozilla/5.0 (Windows NT 10.0; Win64; x64; rv:146.0) Gecko/20100101 Firefox/146.0"
172.70.58.145 - - [29/Dec/2025:00:52:02 +0000] "GET /thumbs/?id=21&sxy=130 HTTP/1.1" 200 17502 "https://arl.lambda.cam/create/images" "Mozilla/5.0 (Windows NT 10.0; Win64; x64; rv:146.0) Gecko/20100101 Firefox/146.0"
172.70.58.146 - - [29/Dec/2025:00:52:02 +0000] "GET /thumbs/?id=33&sxy=130 HTTP/1.1" 200 11287 "https://arl.lambda.cam/create/images" "Mozilla/5.0 (Windows NT 10.0; Win64; x64; rv:146.0) Gecko/20100101 Firefox/146.0"
172.70.58.146 - - [29/Dec/2025:00:52:02 +0000] "GET /thumbs/?id=23&sxy=130 HTTP/1.1" 200 19354 "https://arl.lambda.cam/create/images" "Mozilla/5.0 (Windows NT 10.0; Win64; x64; rv:146.0) Gecko/20100101 Firefox/146.0"
172.70.58.146 - - [29/Dec/2025:00:52:02 +0000] "GET /thumbs/?id=10&sxy=130 HTTP/1.1" 200 25885 "https://arl.lambda.cam/create/images" "Mozilla/5.0 (Windows NT 10.0; Win64; x64; rv:146.0) Gecko/20100101 Firefox/146.0"
172.70.58.146 - - [29/Dec/2025:00:52:02 +0000] "GET /thumbs/?id=7&sxy=130 HTTP/1.1" 200 2670 "https://arl.lambda.cam/create/images" "Mozilla/5.0 (Windows NT 10.0; Win64; x64; rv:146.0) Gecko/20100101 Firefox/146.0"
172.70.58.146 - - [29/Dec/2025:00:52:02 +0000] "GET /thumbs/?id=5&sxy=130 HTTP/1.1" 200 6913 "https://arl.lambda.cam/create/images" "Mozilla/5.0 (Windows NT 10.0; Win64; x64; rv:146.0) Gecko/20100101 Firefox/146.0"
172.70.58.146 - - [29/Dec/2025:00:52:02 +0000] "GET /thumbs/?id=3&sxy=130 HTTP/1.1" 200 14716 "https://arl.lambda.cam/create/images" "Mozilla/5.0 (Windows NT 10.0; Win64; x64; rv:146.0) Gecko/20100101 Firefox/146.0"
172.69.17.71 - - [29/Dec/2025:00:52:07 +0000] "POST /v1.0/MultiIncrement/?apiKey=76E5A40C-3AE1-4028-9F10-7C62520BD94F HTTP/1.1" 404 298 "-" "Roblox/WinInet"
::1 - - [29/Dec/2025:00:52:08 +0000] "OPTIONS * HTTP/1.0" 200 126 "-" "Apache/2.4.62 (Debian) (internal dummy connection)"
::1 - - [29/Dec/2025:00:52:09 +0000] "OPTIONS * HTTP/1.0" 200 126 "-" "Apache/2.4.62 (Debian) (internal dummy connection)"
172.70.58.145 - - [29/Dec/2025:00:52:08 +0000] "POST /create/images HTTP/1.1" 302 342 "https://arl.lambda.cam/create/images" "Mozilla/5.0 (Windows NT 10.0; Win64; x64; rv:146.0) Gecko/20100101 Firefox/146.0"
172.70.58.145 - - [29/Dec/2025:00:52:09 +0000] "GET /create/images HTTP/1.1" 200 2980 "https://arl.lambda.cam/create/images" "Mozilla/5.0 (Windows NT 10.0; Win64; x64; rv:146.0) Gecko/20100101 Firefox/146.0"
172.70.58.145 - - [29/Dec/2025:00:52:09 +0000] "GET /css/AllCSS.css?t=1766969529 HTTP/1.1" 200 4412 "https://arl.lambda.cam/create/images" "Mozilla/5.0 (Windows NT 10.0; Win64; x64; rv:146.0) Gecko/20100101 Firefox/146.0"
172.70.58.146 - - [29/Dec/2025:00:52:09 +0000] "GET /js/main.js?t=1766969529 HTTP/1.1" 200 1159 "https://arl.lambda.cam/create/images" "Mozilla/5.0 (Windows NT 10.0; Win64; x64; rv:146.0) Gecko/20100101 Firefox/146.0"
172.70.58.145 - - [29/Dec/2025:00:52:09 +0000] "GET /api/stuff?c=1&p=1 HTTP/1.1" 200 1165 "https://arl.lambda.cam/create/images" "Mozilla/5.0 (Windows NT 10.0; Win64; x64; rv:146.0) Gecko/20100101 Firefox/146.0"
::1 - - [29/Dec/2025:00:52:10 +0000] "OPTIONS * HTTP/1.0" 200 126 "-" "Apache/2.4.62 (Debian) (internal dummy connection)"
172.70.58.146 - - [29/Dec/2025:00:52:10 +0000] "GET /thumbs/?id=55&sxy=130 HTTP/1.1" 200 28596 "https://arl.lambda.cam/create/images" "Mozilla/5.0 (Windows NT 10.0; Win64; x64; rv:146.0) Gecko/20100101 Firefox/146.0"
172.70.58.145 - - [29/Dec/2025:00:52:10 +0000] "GET /thumbs/?id=44&sxy=130 HTTP/1.1" 200 9734 "https://arl.lambda.cam/create/images" "Mozilla/5.0 (Windows NT 10.0; Win64; x64; rv:146.0) Gecko/20100101 Firefox/146.0"
172.70.58.146 - - [29/Dec/2025:00:52:10 +0000] "GET /thumbs/?id=42&sxy=130 HTTP/1.1" 200 2804 "https://arl.lambda.cam/create/images" "Mozilla/5.0 (Windows NT 10.0; Win64; x64; rv:146.0) Gecko/20100101 Firefox/146.0"
172.70.58.145 - - [29/Dec/2025:00:52:10 +0000] "GET /thumbs/?id=10&sxy=130 HTTP/1.1" 200 25885 "https://arl.lambda.cam/create/images" "Mozilla/5.0 (Windows NT 10.0; Win64; x64; rv:146.0) Gecko/20100101 Firefox/146.0"
172.70.58.145 - - [29/Dec/2025:00:52:10 +0000] "GET /thumbs/?id=58&sxy=130 HTTP/1.1" 200 21870 "https://arl.lambda.cam/create/images" "Mozilla/5.0 (Windows NT 10.0; Win64; x64; rv:146.0) Gecko/20100101 Firefox/146.0"
172.70.130.24 - - [29/Dec/2025:00:52:10 +0000] "GET /create/ HTTP/1.1" 200 2919 "https://arl.lambda.cam/catalog" "Mozilla/5.0 (Windows NT 10.0; Win64; x64) AppleWebKit/537.36 (KHTML, like Gecko) Chrome/143.0.0.0 Safari/537.36"
172.70.58.145 - - [29/Dec/2025:00:52:10 +0000] "GET /thumbs/?id=5&sxy=130 HTTP/1.1" 200 6913 "https://arl.lambda.cam/create/images" "Mozilla/5.0 (Windows NT 10.0; Win64; x64; rv:146.0) Gecko/20100101 Firefox/146.0"
172.70.58.145 - - [29/Dec/2025:00:52:10 +0000] "GET /thumbs/?id=23&sxy=130 HTTP/1.1" 200 19354 "https://arl.lambda.cam/create/images" "Mozilla/5.0 (Windows NT 10.0; Win64; x64; rv:146.0) Gecko/20100101 Firefox/146.0"
172.70.58.145 - - [29/Dec/2025:00:52:10 +0000] "GET /thumbs/?id=40&sxy=130 HTTP/1.1" 200 4423 "https://arl.lambda.cam/create/images" "Mozilla/5.0 (Windows NT 10.0; Win64; x64; rv:146.0) Gecko/20100101 Firefox/146.0"
172.70.58.145 - - [29/Dec/2025:00:52:10 +0000] "GET /thumbs/?id=33&sxy=130 HTTP/1.1" 200 11287 "https://arl.lambda.cam/create/images" "Mozilla/5.0 (Windows NT 10.0; Win64; x64; rv:146.0) Gecko/20100101 Firefox/146.0"
172.70.58.145 - - [29/Dec/2025:00:52:10 +0000] "GET /thumbs/?id=37&sxy=130 HTTP/1.1" 200 17599 "https://arl.lambda.cam/create/images" "Mozilla/5.0 (Windows NT 10.0; Win64; x64; rv:146.0) Gecko/20100101 Firefox/146.0"
172.70.58.146 - - [29/Dec/2025:00:52:10 +0000] "GET /thumbs/?id=7&sxy=130 HTTP/1.1" 200 2670 "https://arl.lambda.cam/create/images" "Mozilla/5.0 (Windows NT 10.0; Win64; x64; rv:146.0) Gecko/20100101 Firefox/146.0"
172.70.58.145 - - [29/Dec/2025:00:52:10 +0000] "GET /thumbs/?id=21&sxy=130 HTTP/1.1" 200 17502 "https://arl.lambda.cam/create/images" "Mozilla/5.0 (Windows NT 10.0; Win64; x64; rv:146.0) Gecko/20100101 Firefox/146.0"
172.70.130.24 - - [29/Dec/2025:00:52:10 +0000] "GET /css/AllCSS.css?t=1766969530 HTTP/1.1" 200 4412 "https://arl.lambda.cam/create/" "Mozilla/5.0 (Windows NT 10.0; Win64; x64) AppleWebKit/537.36 (KHTML, like Gecko) Chrome/143.0.0.0 Safari/537.36"
172.70.130.25 - - [29/Dec/2025:00:52:11 +0000] "GET /js/main.js?t=1766969530 HTTP/1.1" 200 1159 "https://arl.lambda.cam/create/" "Mozilla/5.0 (Windows NT 10.0; Win64; x64) AppleWebKit/537.36 (KHTML, like Gecko) Chrome/143.0.0.0 Safari/537.36"
172.70.130.24 - - [29/Dec/2025:00:52:11 +0000] "GET /api/stuff?c=11&p=1 HTTP/1.1" 200 343 "https://arl.lambda.cam/create/shirts" "Mozilla/5.0 (Windows NT 10.0; Win64; x64) AppleWebKit/537.36 (KHTML, like Gecko) Chrome/143.0.0.0 Safari/537.36"
172.70.58.146 - - [29/Dec/2025:00:52:11 +0000] "GET /api/stuff?c=8&p=1 HTTP/1.1" 200 616 "https://arl.lambda.cam/create/hats" "Mozilla/5.0 (Windows NT 10.0; Win64; x64; rv:146.0) Gecko/20100101 Firefox/146.0"
172.70.58.145 - - [29/Dec/2025:00:52:11 +0000] "GET /thumbs/?id=56&sxy=130 HTTP/1.1" 200 17625 "https://arl.lambda.cam/create/hats" "Mozilla/5.0 (Windows NT 10.0; Win64; x64; rv:146.0) Gecko/20100101 Firefox/146.0"
172.70.58.146 - - [29/Dec/2025:00:52:11 +0000] "GET /thumbs/?id=41&sxy=130 HTTP/1.1" 200 9833 "https://arl.lambda.cam/create/hats" "Mozilla/5.0 (Windows NT 10.0; Win64; x64; rv:146.0) Gecko/20100101 Firefox/146.0"
172.70.58.145 - - [29/Dec/2025:00:52:11 +0000] "GET /thumbs/?id=38&sxy=130 HTTP/1.1" 200 8470 "https://arl.lambda.cam/create/hats" "Mozilla/5.0 (Windows NT 10.0; Win64; x64; rv:146.0) Gecko/20100101 Firefox/146.0"
172.70.58.145 - - [29/Dec/2025:00:52:11 +0000] "GET /thumbs/?id=11&sxy=130 HTTP/1.1" 200 13429 "https://arl.lambda.cam/create/hats" "Mozilla/5.0 (Windows NT 10.0; Win64; x64; rv:146.0) Gecko/20100101 Firefox/146.0"
::1 - - [29/Dec/2025:00:52:16 +0000] "OPTIONS * HTTP/1.0" 200 126 "-" "Apache/2.4.62 (Debian) (internal dummy connection)"
::1 - - [29/Dec/2025:00:52:17 +0000] "OPTIONS * HTTP/1.0" 200 126 "-" "Apache/2.4.62 (Debian) (internal dummy connection)"
172.68.205.162 - - [29/Dec/2025:00:52:17 +0000] "GET /asset/?id=57 HTTP/1.1" 200 450251 "-" "Roblox/WinInet"
::1 - - [29/Dec/2025:00:52:18 +0000] "OPTIONS * HTTP/1.0" 200 126 "-" "Apache/2.4.62 (Debian) (internal dummy connection)"
172.70.130.24 - - [29/Dec/2025:00:52:18 +0000] "GET /api/stuff?c=13&p=1 HTTP/1.1" 200 344 "https://arl.lambda.cam/create/decals" "Mozilla/5.0 (Windows NT 10.0; Win64; x64) AppleWebKit/537.36 (KHTML, like Gecko) Chrome/143.0.0.0 Safari/537.36"
::1 - - [29/Dec/2025:00:52:19 +0000] "OPTIONS * HTTP/1.0" 200 126 "-" "Apache/2.4.62 (Debian) (internal dummy connection)"
::1 - - [29/Dec/2025:00:52:20 +0000] "OPTIONS * HTTP/1.0" 200 126 "-" "Apache/2.4.62 (Debian) (internal dummy connection)"
172.70.58.145 - - [29/Dec/2025:00:52:20 +0000] "GET /asset/?id=58 HTTP/1.1" 200 183330 "-" "Roblox/WinInet"
::1 - - [29/Dec/2025:00:52:21 +0000] "OPTIONS * HTTP/1.0" 200 126 "-" "Apache/2.4.62 (Debian) (internal dummy connection)"
::1 - - [29/Dec/2025:00:52:22 +0000] "OPTIONS * HTTP/1.0" 200 126 "-" "Apache/2.4.62 (Debian) (internal dummy connection)"
::1 - - [29/Dec/2025:00:52:23 +0000] "OPTIONS * HTTP/1.0" 200 126 "-" "Apache/2.4.62 (Debian) (internal dummy connection)"
::1 - - [29/Dec/2025:00:52:24 +0000] "OPTIONS * HTTP/1.0" 200 126 "-" "Apache/2.4.62 (Debian) (internal dummy connection)"
::1 - - [29/Dec/2025:00:52:25 +0000] "OPTIONS * HTTP/1.0" 200 126 "-" "Apache/2.4.62 (Debian) (internal dummy connection)"
::1 - - [29/Dec/2025:00:52:26 +0000] "OPTIONS * HTTP/1.0" 200 126 "-" "Apache/2.4.62 (Debian) (internal dummy connection)"
172.70.130.24 - - [29/Dec/2025:00:52:43 +0000] "POST /create/decals HTTP/1.1" 302 342 "https://arl.lambda.cam/create/decals" "Mozilla/5.0 (Windows NT 10.0; Win64; x64) AppleWebKit/537.36 (KHTML, like Gecko) Chrome/143.0.0.0 Safari/537.36"
172.70.130.24 - - [29/Dec/2025:00:52:43 +0000] "GET /create/decals HTTP/1.1" 200 2981 "https://arl.lambda.cam/create/decals" "Mozilla/5.0 (Windows NT 10.0; Win64; x64) AppleWebKit/537.36 (KHTML, like Gecko) Chrome/143.0.0.0 Safari/537.36"
172.70.58.145 - - [29/Dec/2025:00:52:43 +0000] "POST /v1.1/Counters/Increment/?apiKey=76E5A40C-3AE1-4028-9F10-7C62520BD94F&counterName=HTTPCacheTotal-Win32ANORRLStudioBeta.exe&amount=2 HTTP/1.1" 200 282 "-" "Roblox/WinInet"
172.70.58.146 - - [29/Dec/2025:00:52:43 +0000] "POST /v1.1/Counters/Increment/?apiKey=76E5A40C-3AE1-4028-9F10-7C62520BD94F&counterName=HTTPCacheMiss-Win32ANORRLStudioBeta.exe&amount=0 HTTP/1.1" 200 282 "-" "Roblox/WinInet"
172.68.205.104 - - [29/Dec/2025:00:52:43 +0000] "POST /game/report-stats?name=HTTPCacheBytes%2DWin32ANORRLStudioBeta%2Eexe&value=0%2E000000 HTTP/1.1" 200 282 "-" "Roblox/WinInet"
172.69.79.183 - - [29/Dec/2025:00:52:43 +0000] "POST /v1.1/Counters/Increment/?apiKey=76E5A40C-3AE1-4028-9F10-7C62520BD94F&counterName=HTTPCacheHit-Win32ANORRLStudioBeta.exe&amount=2 HTTP/1.1" 200 282 "-" "Roblox/WinInet"
172.70.130.24 - - [29/Dec/2025:00:52:43 +0000] "GET /css/AllCSS.css?t=1766969563 HTTP/1.1" 200 4412 "https://arl.lambda.cam/create/decals" "Mozilla/5.0 (Windows NT 10.0; Win64; x64) AppleWebKit/537.36 (KHTML, like Gecko) Chrome/143.0.0.0 Safari/537.36"
172.70.130.25 - - [29/Dec/2025:00:52:44 +0000] "GET /js/main.js?t=1766969563 HTTP/1.1" 200 1159 "https://arl.lambda.cam/create/decals" "Mozilla/5.0 (Windows NT 10.0; Win64; x64) AppleWebKit/537.36 (KHTML, like Gecko) Chrome/143.0.0.0 Safari/537.36"
172.70.130.24 - - [29/Dec/2025:00:52:44 +0000] "GET /api/stuff?c=13&p=1 HTTP/1.1" 200 415 "https://arl.lambda.cam/create/decals" "Mozilla/5.0 (Windows NT 10.0; Win64; x64) AppleWebKit/537.36 (KHTML, like Gecko) Chrome/143.0.0.0 Safari/537.36"
172.70.130.25 - - [29/Dec/2025:00:52:44 +0000] "GET /thumbs/?id=60&sxy=130 HTTP/1.1" 200 7230 "https://arl.lambda.cam/create/decals" "Mozilla/5.0 (Windows NT 10.0; Win64; x64) AppleWebKit/537.36 (KHTML, like Gecko) Chrome/143.0.0.0 Safari/537.36"
172.70.130.24 - - [29/Dec/2025:00:52:45 +0000] "GET /monstarsvisortexture-item?id=60 HTTP/1.1" 200 3000 "https://arl.lambda.cam/create/decals" "Mozilla/5.0 (Windows NT 10.0; Win64; x64) AppleWebKit/537.36 (KHTML, like Gecko) Chrome/143.0.0.0 Safari/537.36"
172.70.130.25 - - [29/Dec/2025:00:52:45 +0000] "GET /js/main.js?t=1766969565 HTTP/1.1" 200 1158 "https://arl.lambda.cam/monstarsvisortexture-item?id=60" "Mozilla/5.0 (Windows NT 10.0; Win64; x64) AppleWebKit/537.36 (KHTML, like Gecko) Chrome/143.0.0.0 Safari/537.36"
172.70.130.24 - - [29/Dec/2025:00:52:45 +0000] "GET /css/AllCSS.css?t=1766969565 HTTP/1.1" 200 4412 "https://arl.lambda.cam/monstarsvisortexture-item?id=60" "Mozilla/5.0 (Windows NT 10.0; Win64; x64) AppleWebKit/537.36 (KHTML, like Gecko) Chrome/143.0.0.0 Safari/537.36"
172.70.130.24 - - [29/Dec/2025:00:52:45 +0000] "GET /js/item.js?t=1766969565 HTTP/1.1" 200 1162 "https://arl.lambda.cam/monstarsvisortexture-item?id=60" "Mozilla/5.0 (Windows NT 10.0; Win64; x64) AppleWebKit/537.36 (KHTML, like Gecko) Chrome/143.0.0.0 Safari/537.36"
172.70.130.24 - - [29/Dec/2025:00:52:45 +0000] "GET /thumbs/?id=60&sxy=240 HTTP/1.1" 200 12687 "https://arl.lambda.cam/monstarsvisortexture-item?id=60" "Mozilla/5.0 (Windows NT 10.0; Win64; x64) AppleWebKit/537.36 (KHTML, like Gecko) Chrome/143.0.0.0 Safari/537.36"
172.70.130.24 - - [29/Dec/2025:00:52:45 +0000] "GET /thumbs/player?id=4 HTTP/1.1" 200 19152 "https://arl.lambda.cam/monstarsvisortexture-item?id=60" "Mozilla/5.0 (Windows NT 10.0; Win64; x64) AppleWebKit/537.36 (KHTML, like Gecko) Chrome/143.0.0.0 Safari/537.36"
::1 - - [29/Dec/2025:00:52:51 +0000] "OPTIONS * HTTP/1.0" 200 126 "-" "Apache/2.4.62 (Debian) (internal dummy connection)"
::1 - - [29/Dec/2025:00:52:52 +0000] "OPTIONS * HTTP/1.0" 200 126 "-" "Apache/2.4.62 (Debian) (internal dummy connection)"
::1 - - [29/Dec/2025:00:52:53 +0000] "OPTIONS * HTTP/1.0" 200 126 "-" "Apache/2.4.62 (Debian) (internal dummy connection)"
172.70.58.146 - - [29/Dec/2025:00:52:53 +0000] "GET /Asset/?id=61&serverplaceid=0&clientinsert=0 HTTP/1.1" 200 4392 "-" "Roblox/WinHttp"
172.70.58.145 - - [29/Dec/2025:00:52:53 +0000] "POST /create/hats HTTP/1.1" 302 340 "https://arl.lambda.cam/create/hats" "Mozilla/5.0 (Windows NT 10.0; Win64; x64; rv:146.0) Gecko/20100101 Firefox/146.0"
172.68.205.162 - - [29/Dec/2025:00:52:53 +0000] "GET /asset/?id=34854607 HTTP/1.1" 404 210 "-" "Roblox/WinHttp"
172.70.58.146 - - [29/Dec/2025:00:52:53 +0000] "GET /create/hats HTTP/1.1" 200 2980 "https://arl.lambda.cam/create/hats" "Mozilla/5.0 (Windows NT 10.0; Win64; x64; rv:146.0) Gecko/20100101 Firefox/146.0"
172.68.205.162 - - [29/Dec/2025:00:52:53 +0000] "GET /asset/?id=34854607 HTTP/1.1" 404 209 "-" "Roblox/WinHttp"
172.70.58.145 - - [29/Dec/2025:00:52:53 +0000] "GET /css/AllCSS.css?t=1766969573 HTTP/1.1" 200 4412 "https://arl.lambda.cam/create/hats" "Mozilla/5.0 (Windows NT 10.0; Win64; x64; rv:146.0) Gecko/20100101 Firefox/146.0"
172.70.58.146 - - [29/Dec/2025:00:52:53 +0000] "GET /js/main.js?t=1766969573 HTTP/1.1" 200 1158 "https://arl.lambda.cam/create/hats" "Mozilla/5.0 (Windows NT 10.0; Win64; x64; rv:146.0) Gecko/20100101 Firefox/146.0"
162.158.74.11 - - [29/Dec/2025:00:52:53 +0000] "GET /asset/?id=58 HTTP/1.1" 200 183330 "-" "Roblox/WinHttp"
172.69.79.183 - - [29/Dec/2025:00:52:53 +0000] "GET /asset/?id=57 HTTP/1.1" 200 450251 "-" "Roblox/WinHttp"
172.70.58.145 - - [29/Dec/2025:00:52:54 +0000] "GET /api/stuff?c=8&p=1 HTTP/1.1" 200 683 "https://arl.lambda.cam/create/hats" "Mozilla/5.0 (Windows NT 10.0; Win64; x64; rv:146.0) Gecko/20100101 Firefox/146.0"
172.70.58.146 - - [29/Dec/2025:00:52:54 +0000] "GET /thumbs/?id=56&sxy=130 HTTP/1.1" 200 17625 "https://arl.lambda.cam/create/hats" "Mozilla/5.0 (Windows NT 10.0; Win64; x64; rv:146.0) Gecko/20100101 Firefox/146.0"
172.70.58.145 - - [29/Dec/2025:00:52:54 +0000] "GET /thumbs/?id=41&sxy=130 HTTP/1.1" 200 9833 "https://arl.lambda.cam/create/hats" "Mozilla/5.0 (Windows NT 10.0; Win64; x64; rv:146.0) Gecko/20100101 Firefox/146.0"
172.70.58.145 - - [29/Dec/2025:00:52:54 +0000] "GET /thumbs/?id=38&sxy=130 HTTP/1.1" 200 8471 "https://arl.lambda.cam/create/hats" "Mozilla/5.0 (Windows NT 10.0; Win64; x64; rv:146.0) Gecko/20100101 Firefox/146.0"
172.70.58.146 - - [29/Dec/2025:00:52:54 +0000] "GET /thumbs/?id=11&sxy=130 HTTP/1.1" 200 13430 "https://arl.lambda.cam/create/hats" "Mozilla/5.0 (Windows NT 10.0; Win64; x64; rv:146.0) Gecko/20100101 Firefox/146.0"
172.70.58.146 - - [29/Dec/2025:00:52:54 +0000] "GET /thumbs/?id=61&sxy=130 HTTP/1.1" 200 33959 "https://arl.lambda.cam/create/hats" "Mozilla/5.0 (Windows NT 10.0; Win64; x64; rv:146.0) Gecko/20100101 Firefox/146.0"
172.68.205.162 - - [29/Dec/2025:00:52:54 +0000] "POST /v1.1/Counters/Increment/?apiKey=76E5A40C-3AE1-4028-9F10-7C62520BD94F&counterName=HTTPSuccess-Win32&amount=3 HTTP/1.1" 200 281 "-" "Roblox/WinHttp"
172.70.58.145 - - [29/Dec/2025:00:52:54 +0000] "POST /v1.1/Counters/Increment/?apiKey=76E5A40C-3AE1-4028-9F10-7C62520BD94F&counterName=HTTPFailureDataStore-Win32&amount=0 HTTP/1.1" 200 281 "-" "Roblox/WinHttp"
172.69.79.183 - - [29/Dec/2025:00:52:54 +0000] "POST /v1.1/Counters/Increment/?apiKey=76E5A40C-3AE1-4028-9F10-7C62520BD94F&counterName=HTTPFailureMarketPlace-Win32&amount=0 HTTP/1.1" 200 281 "-" "Roblox/WinHttp"
162.158.74.11 - - [29/Dec/2025:00:52:54 +0000] "POST /v1.1/Counters/Increment/?apiKey=76E5A40C-3AE1-4028-9F10-7C62520BD94F&counterName=HTTPFailure-Win32&amount=2 HTTP/1.1" 200 281 "-" "Roblox/WinHttp"
172.70.58.147 - - [29/Dec/2025:00:52:54 +0000] "POST /game/report-stats?name=HTTPAccumulatedBytes%2DWin32&value=637315%2E000000 HTTP/1.1" 200 282 "-" "Roblox/WinHttp"
172.70.58.147 - - [29/Dec/2025:00:52:54 +0000] "POST /game/report-stats?name=HTTPDelaySuccess%2DWin32&value=155%2E320526 HTTP/1.1" 200 282 "-" "Roblox/WinHttp"
172.70.58.147 - - [29/Dec/2025:00:52:54 +0000] "POST /game/report-stats?name=HTTPDelayFailure%2DWin32&value=59%2E723557 HTTP/1.1" 200 282 "-" "Roblox/WinHttp"
192.168.0.220 - - [29/Dec/2025:00:52:55 +0000] "POST /api/upload HTTP/1.1" 200 83956 "-" "Roblox/WinHttp"
172.70.58.146 - - [29/Dec/2025:00:52:55 +0000] "GET /create/hats HTTP/1.1" 200 2921 "https://arl.lambda.cam/create/hats" "Mozilla/5.0 (Windows NT 10.0; Win64; x64; rv:146.0) Gecko/20100101 Firefox/146.0"
172.70.58.145 - - [29/Dec/2025:00:52:55 +0000] "POST /v1.1/Counters/Increment/?apiKey=76E5A40C-3AE1-4028-9F10-7C62520BD94F&counterName=HTTPSuccessMarketPlace-Win32&amount=0 HTTP/1.1" 200 281 "-" "Roblox/WinHttp"
172.70.58.147 - - [29/Dec/2025:00:52:55 +0000] "POST /game/report-stats?name=HTTPDelaySuccess%2DWin32&value=545%2E578430 HTTP/1.1" 200 281 "-" "Roblox/WinHttp"
162.158.74.11 - - [29/Dec/2025:00:52:55 +0000] "POST /v1.1/Counters/Increment/?apiKey=76E5A40C-3AE1-4028-9F10-7C62520BD94F&counterName=HTTPSuccess-Win32&amount=1 HTTP/1.1" 200 281 "-" "Roblox/WinHttp"
172.68.205.162 - - [29/Dec/2025:00:52:55 +0000] "POST /v1.1/Counters/Increment/?apiKey=76E5A40C-3AE1-4028-9F10-7C62520BD94F&counterName=HTTPSuccessDataStore-Win32&amount=0 HTTP/1.1" 200 281 "-" "Roblox/WinHttp"
172.70.58.147 - - [29/Dec/2025:00:52:55 +0000] "POST /game/report-stats?name=HTTPAccumulatedBytes%2DWin32&value=110502%2E000000 HTTP/1.1" 200 281 "-" "Roblox/WinHttp"
172.70.58.146 - - [29/Dec/2025:00:52:55 +0000] "GET /css/AllCSS.css?t=1766969575 HTTP/1.1" 200 4412 "https://arl.lambda.cam/create/hats" "Mozilla/5.0 (Windows NT 10.0; Win64; x64; rv:146.0) Gecko/20100101 Firefox/146.0"
172.70.58.146 - - [29/Dec/2025:00:52:55 +0000] "GET /js/main.js?t=1766969575 HTTP/1.1" 200 1158 "https://arl.lambda.cam/create/hats" "Mozilla/5.0 (Windows NT 10.0; Win64; x64; rv:146.0) Gecko/20100101 Firefox/146.0"
172.70.58.145 - - [29/Dec/2025:00:52:55 +0000] "GET /api/stuff?c=8&p=1 HTTP/1.1" 200 683 "https://arl.lambda.cam/create/hats" "Mozilla/5.0 (Windows NT 10.0; Win64; x64; rv:146.0) Gecko/20100101 Firefox/146.0"
172.70.58.146 - - [29/Dec/2025:00:52:55 +0000] "GET /thumbs/?id=61&sxy=130 HTTP/1.1" 200 15233 "https://arl.lambda.cam/create/hats" "Mozilla/5.0 (Windows NT 10.0; Win64; x64; rv:146.0) Gecko/20100101 Firefox/146.0"
172.70.58.145 - - [29/Dec/2025:00:52:55 +0000] "GET /thumbs/?id=56&sxy=130 HTTP/1.1" 200 17625 "https://arl.lambda.cam/create/hats" "Mozilla/5.0 (Windows NT 10.0; Win64; x64; rv:146.0) Gecko/20100101 Firefox/146.0"
172.70.58.146 - - [29/Dec/2025:00:52:55 +0000] "GET /thumbs/?id=41&sxy=130 HTTP/1.1" 200 9833 "https://arl.lambda.cam/create/hats" "Mozilla/5.0 (Windows NT 10.0; Win64; x64; rv:146.0) Gecko/20100101 Firefox/146.0"
172.70.58.146 - - [29/Dec/2025:00:52:55 +0000] "GET /thumbs/?id=38&sxy=130 HTTP/1.1" 200 8470 "https://arl.lambda.cam/create/hats" "Mozilla/5.0 (Windows NT 10.0; Win64; x64; rv:146.0) Gecko/20100101 Firefox/146.0"
172.70.58.145 - - [29/Dec/2025:00:52:55 +0000] "GET /thumbs/?id=11&sxy=130 HTTP/1.1" 200 13429 "https://arl.lambda.cam/create/hats" "Mozilla/5.0 (Windows NT 10.0; Win64; x64; rv:146.0) Gecko/20100101 Firefox/146.0"
172.68.205.163 - - [29/Dec/2025:00:52:56 +0000] "POST /v1.1/Counters/Increment/?apiKey=76E5A40C-3AE1-4028-9F10-7C62520BD94F&counterName=HTTPSuccessMarketPlace-Win32&amount=0 HTTP/1.1" 200 282 "-" "Roblox/WinHttp"
172.68.205.163 - - [29/Dec/2025:00:52:56 +0000] "POST /v1.1/Counters/Increment/?apiKey=76E5A40C-3AE1-4028-9F10-7C62520BD94F&counterName=HTTPSuccessDataStore-Win32&amount=0 HTTP/1.1" 200 282 "-" "Roblox/WinHttp"
::1 - - [29/Dec/2025:00:52:59 +0000] "OPTIONS * HTTP/1.0" 200 126 "-" "Apache/2.4.62 (Debian) (internal dummy connection)"
::1 - - [29/Dec/2025:00:53:00 +0000] "OPTIONS * HTTP/1.0" 200 126 "-" "Apache/2.4.62 (Debian) (internal dummy connection)"
::1 - - [29/Dec/2025:00:53:01 +0000] "OPTIONS * HTTP/1.0" 200 126 "-" "Apache/2.4.62 (Debian) (internal dummy connection)"
::1 - - [29/Dec/2025:00:53:02 +0000] "OPTIONS * HTTP/1.0" 200 126 "-" "Apache/2.4.62 (Debian) (internal dummy connection)"
::1 - - [29/Dec/2025:00:53:03 +0000] "OPTIONS * HTTP/1.0" 200 126 "-" "Apache/2.4.62 (Debian) (internal dummy connection)"
172.70.58.146 - - [29/Dec/2025:00:53:03 +0000] "GET /people HTTP/1.1" 200 2130 "https://arl.lambda.cam/create/hats" "Mozilla/5.0 (Windows NT 10.0; Win64; x64; rv:146.0) Gecko/20100101 Firefox/146.0"
172.70.58.146 - - [29/Dec/2025:00:53:04 +0000] "GET /css/AllCSS.css?t=1766969583 HTTP/1.1" 200 4412 "https://arl.lambda.cam/people" "Mozilla/5.0 (Windows NT 10.0; Win64; x64; rv:146.0) Gecko/20100101 Firefox/146.0"
172.70.58.146 - - [29/Dec/2025:00:53:04 +0000] "GET /js/main.js?t=1766969583 HTTP/1.1" 200 1159 "https://arl.lambda.cam/people" "Mozilla/5.0 (Windows NT 10.0; Win64; x64; rv:146.0) Gecko/20100101 Firefox/146.0"
172.70.58.146 - - [29/Dec/2025:00:53:04 +0000] "GET /js/people.js?t=12282025 HTTP/1.1" 200 1535 "https://arl.lambda.cam/people" "Mozilla/5.0 (Windows NT 10.0; Win64; x64; rv:146.0) Gecko/20100101 Firefox/146.0"
::1 - - [29/Dec/2025:00:53:04 +0000] "OPTIONS * HTTP/1.0" 200 126 "-" "Apache/2.4.62 (Debian) (internal dummy connection)"
172.70.58.146 - - [29/Dec/2025:00:53:04 +0000] "GET /api/people?q=&p=1 HTTP/1.1" 200 853 "https://arl.lambda.cam/people" "Mozilla/5.0 (Windows NT 10.0; Win64; x64; rv:146.0) Gecko/20100101 Firefox/146.0"
172.70.58.146 - - [29/Dec/2025:00:53:04 +0000] "GET /thumbs/player?id=5 HTTP/1.1" 200 21086 "https://arl.lambda.cam/people" "Mozilla/5.0 (Windows NT 10.0; Win64; x64; rv:146.0) Gecko/20100101 Firefox/146.0"
172.70.58.146 - - [29/Dec/2025:00:53:04 +0000] "GET /thumbs/player?id=1 HTTP/1.1" 200 34538 "https://arl.lambda.cam/people" "Mozilla/5.0 (Windows NT 10.0; Win64; x64; rv:146.0) Gecko/20100101 Firefox/146.0"
172.70.58.146 - - [29/Dec/2025:00:53:04 +0000] "GET /thumbs/player?id=3 HTTP/1.1" 200 21086 "https://arl.lambda.cam/people" "Mozilla/5.0 (Windows NT 10.0; Win64; x64; rv:146.0) Gecko/20100101 Firefox/146.0"
172.70.58.146 - - [29/Dec/2025:00:53:04 +0000] "GET /thumbs/player?id=4 HTTP/1.1" 200 19151 "https://arl.lambda.cam/people" "Mozilla/5.0 (Windows NT 10.0; Win64; x64; rv:146.0) Gecko/20100101 Firefox/146.0"
172.70.58.146 - - [29/Dec/2025:00:53:04 +0000] "GET /thumbs/player?id=2 HTTP/1.1" 200 25824 "https://arl.lambda.cam/people" "Mozilla/5.0 (Windows NT 10.0; Win64; x64; rv:146.0) Gecko/20100101 Firefox/146.0"
::1 - - [29/Dec/2025:00:53:05 +0000] "OPTIONS * HTTP/1.0" 200 126 "-" "Apache/2.4.62 (Debian) (internal dummy connection)"
::1 - - [29/Dec/2025:00:53:06 +0000] "OPTIONS * HTTP/1.0" 200 126 "-" "Apache/2.4.62 (Debian) (internal dummy connection)"
::1 - - [29/Dec/2025:00:53:07 +0000] "OPTIONS * HTTP/1.0" 200 126 "-" "Apache/2.4.62 (Debian) (internal dummy connection)"
::1 - - [29/Dec/2025:00:53:08 +0000] "OPTIONS * HTTP/1.0" 200 126 "-" "Apache/2.4.62 (Debian) (internal dummy connection)"
::1 - - [29/Dec/2025:00:53:09 +0000] "OPTIONS * HTTP/1.0" 200 126 "-" "Apache/2.4.62 (Debian) (internal dummy connection)"
::1 - - [29/Dec/2025:00:53:10 +0000] "OPTIONS * HTTP/1.0" 200 126 "-" "Apache/2.4.62 (Debian) (internal dummy connection)"
::1 - - [29/Dec/2025:00:53:11 +0000] "OPTIONS * HTTP/1.0" 200 126 "-" "Apache/2.4.62 (Debian) (internal dummy connection)"
::1 - - [29/Dec/2025:00:53:12 +0000] "OPTIONS * HTTP/1.0" 200 126 "-" "Apache/2.4.62 (Debian) (internal dummy connection)"
172.70.127.181 - - [29/Dec/2025:00:53:12 +0000] "GET /asset/?id=60 HTTP/1.1" 200 803 "-" "Roblox/WinInet"
172.69.17.70 - - [29/Dec/2025:00:53:13 +0000] "POST /v1.1/Counters/Increment/?apiKey=76E5A40C-3AE1-4028-9F10-7C62520BD94F&counterName=HTTPCacheMiss-Win32ANORRLStudioBeta.exe&amount=0 HTTP/1.1" 200 282 "-" "Roblox/WinInet"
172.70.130.25 - - [29/Dec/2025:00:53:13 +0000] "POST /v1.1/Counters/Increment/?apiKey=76E5A40C-3AE1-4028-9F10-7C62520BD94F&counterName=HTTPCacheTotal-Win32ANORRLStudioBeta.exe&amount=1 HTTP/1.1" 200 282 "-" "Roblox/WinInet"
108.162.216.160 - - [29/Dec/2025:00:53:13 +0000] "POST /game/report-stats?name=HTTPCacheBytes%2DWin32ANORRLStudioBeta%2Eexe&value=0%2E000000 HTTP/1.1" 200 282 "-" "Roblox/WinInet"
172.69.6.152 - - [29/Dec/2025:00:53:13 +0000] "POST /v1.1/Counters/Increment/?apiKey=76E5A40C-3AE1-4028-9F10-7C62520BD94F&counterName=HTTPCacheHit-Win32ANORRLStudioBeta.exe&amount=1 HTTP/1.1" 200 282 "-" "Roblox/WinInet"
172.70.58.146 - - [29/Dec/2025:00:53:15 +0000] "GET /monstarsvisortexture-item?id=60 HTTP/1.1" 200 2995 "https://arl.lambda.cam/people" "Mozilla/5.0 (Windows NT 10.0; Win64; x64; rv:146.0) Gecko/20100101 Firefox/146.0"
172.70.58.146 - - [29/Dec/2025:00:53:16 +0000] "GET /css/AllCSS.css?t=1766969595 HTTP/1.1" 200 4412 "https://arl.lambda.cam/monstarsvisortexture-item?id=60" "Mozilla/5.0 (Windows NT 10.0; Win64; x64; rv:146.0) Gecko/20100101 Firefox/146.0"
172.70.58.145 - - [29/Dec/2025:00:53:16 +0000] "GET /js/item.js?t=1766969595 HTTP/1.1" 200 1162 "https://arl.lambda.cam/monstarsvisortexture-item?id=60" "Mozilla/5.0 (Windows NT 10.0; Win64; x64; rv:146.0) Gecko/20100101 Firefox/146.0"
172.70.58.145 - - [29/Dec/2025:00:53:16 +0000] "GET /js/main.js?t=1766969595 HTTP/1.1" 200 1159 "https://arl.lambda.cam/monstarsvisortexture-item?id=60" "Mozilla/5.0 (Windows NT 10.0; Win64; x64; rv:146.0) Gecko/20100101 Firefox/146.0"
172.70.58.145 - - [29/Dec/2025:00:53:16 +0000] "GET /thumbs/?id=60&sxy=240 HTTP/1.1" 200 12687 "https://arl.lambda.cam/monstarsvisortexture-item?id=60" "Mozilla/5.0 (Windows NT 10.0; Win64; x64; rv:146.0) Gecko/20100101 Firefox/146.0"
172.70.58.146 - - [29/Dec/2025:00:53:16 +0000] "GET /thumbs/player?id=4 HTTP/1.1" 200 19151 "https://arl.lambda.cam/monstarsvisortexture-item?id=60" "Mozilla/5.0 (Windows NT 10.0; Win64; x64; rv:146.0) Gecko/20100101 Firefox/146.0"
::1 - - [29/Dec/2025:00:53:19 +0000] "OPTIONS * HTTP/1.0" 200 126 "-" "Apache/2.4.62 (Debian) (internal dummy connection)"
172.70.58.145 - - [29/Dec/2025:00:53:20 +0000] "GET /people HTTP/1.1" 200 2127 "https://arl.lambda.cam/create/hats" "Mozilla/5.0 (Windows NT 10.0; Win64; x64; rv:146.0) Gecko/20100101 Firefox/146.0"
172.70.58.145 - - [29/Dec/2025:00:53:20 +0000] "GET /css/AllCSS.css?t=1766969600 HTTP/1.1" 200 4412 "https://arl.lambda.cam/people" "Mozilla/5.0 (Windows NT 10.0; Win64; x64; rv:146.0) Gecko/20100101 Firefox/146.0"
172.70.58.145 - - [29/Dec/2025:00:53:20 +0000] "GET /js/main.js?t=1766969600 HTTP/1.1" 200 1158 "https://arl.lambda.cam/people" "Mozilla/5.0 (Windows NT 10.0; Win64; x64; rv:146.0) Gecko/20100101 Firefox/146.0"
172.70.58.146 - - [29/Dec/2025:00:53:20 +0000] "GET /api/people?q=&p=1 HTTP/1.1" 200 853 "https://arl.lambda.cam/people" "Mozilla/5.0 (Windows NT 10.0; Win64; x64; rv:146.0) Gecko/20100101 Firefox/146.0"
172.70.58.145 - - [29/Dec/2025:00:53:20 +0000] "GET /thumbs/player?id=5 HTTP/1.1" 200 21086 "https://arl.lambda.cam/people" "Mozilla/5.0 (Windows NT 10.0; Win64; x64; rv:146.0) Gecko/20100101 Firefox/146.0"
172.70.58.145 - - [29/Dec/2025:00:53:20 +0000] "GET /thumbs/player?id=4 HTTP/1.1" 200 19151 "https://arl.lambda.cam/people" "Mozilla/5.0 (Windows NT 10.0; Win64; x64; rv:146.0) Gecko/20100101 Firefox/146.0"
172.70.58.145 - - [29/Dec/2025:00:53:20 +0000] "GET /thumbs/player?id=3 HTTP/1.1" 200 21086 "https://arl.lambda.cam/people" "Mozilla/5.0 (Windows NT 10.0; Win64; x64; rv:146.0) Gecko/20100101 Firefox/146.0"
172.70.58.146 - - [29/Dec/2025:00:53:20 +0000] "GET /thumbs/player?id=2 HTTP/1.1" 200 25823 "https://arl.lambda.cam/people" "Mozilla/5.0 (Windows NT 10.0; Win64; x64; rv:146.0) Gecko/20100101 Firefox/146.0"
172.70.58.145 - - [29/Dec/2025:00:53:20 +0000] "GET /thumbs/player?id=1 HTTP/1.1" 200 34539 "https://arl.lambda.cam/people" "Mozilla/5.0 (Windows NT 10.0; Win64; x64; rv:146.0) Gecko/20100101 Firefox/146.0"
::1 - - [29/Dec/2025:00:53:26 +0000] "OPTIONS * HTTP/1.0" 200 126 "-" "Apache/2.4.62 (Debian) (internal dummy connection)"
::1 - - [29/Dec/2025:00:53:27 +0000] "OPTIONS * HTTP/1.0" 200 126 "-" "Apache/2.4.62 (Debian) (internal dummy connection)"
::1 - - [29/Dec/2025:00:53:28 +0000] "OPTIONS * HTTP/1.0" 200 126 "-" "Apache/2.4.62 (Debian) (internal dummy connection)"
::1 - - [29/Dec/2025:00:53:29 +0000] "OPTIONS * HTTP/1.0" 200 126 "-" "Apache/2.4.62 (Debian) (internal dummy connection)"
172.70.58.145 - - [29/Dec/2025:00:53:32 +0000] "GET /create/ HTTP/1.1" 200 2920 "https://arl.lambda.cam/people" "Mozilla/5.0 (Windows NT 10.0; Win64; x64; rv:146.0) Gecko/20100101 Firefox/146.0"
172.70.58.145 - - [29/Dec/2025:00:53:33 +0000] "GET /css/AllCSS.css?t=1766969612 HTTP/1.1" 200 4412 "https://arl.lambda.cam/create/" "Mozilla/5.0 (Windows NT 10.0; Win64; x64; rv:146.0) Gecko/20100101 Firefox/146.0"
172.70.58.145 - - [29/Dec/2025:00:53:33 +0000] "GET /js/main.js?t=1766969612 HTTP/1.1" 200 1159 "https://arl.lambda.cam/create/" "Mozilla/5.0 (Windows NT 10.0; Win64; x64; rv:146.0) Gecko/20100101 Firefox/146.0"
172.70.58.145 - - [29/Dec/2025:00:53:33 +0000] "GET /api/stuff?c=11&p=1 HTTP/1.1" 200 538 "https://arl.lambda.cam/create/shirts" "Mozilla/5.0 (Windows NT 10.0; Win64; x64; rv:146.0) Gecko/20100101 Firefox/146.0"
172.70.58.145 - - [29/Dec/2025:00:53:33 +0000] "GET /thumbs/?id=22&sxy=130 HTTP/1.1" 200 7500 "https://arl.lambda.cam/create/shirts" "Mozilla/5.0 (Windows NT 10.0; Win64; x64; rv:146.0) Gecko/20100101 Firefox/146.0"
172.70.58.145 - - [29/Dec/2025:00:53:33 +0000] "GET /thumbs/?id=4&sxy=130 HTTP/1.1" 200 9322 "https://arl.lambda.cam/create/shirts" "Mozilla/5.0 (Windows NT 10.0; Win64; x64; rv:146.0) Gecko/20100101 Firefox/146.0"
172.70.58.146 - - [29/Dec/2025:00:53:33 +0000] "GET /thumbs/?id=6&sxy=130 HTTP/1.1" 200 8962 "https://arl.lambda.cam/create/shirts" "Mozilla/5.0 (Windows NT 10.0; Win64; x64; rv:146.0) Gecko/20100101 Firefox/146.0"
172.70.58.145 - - [29/Dec/2025:00:53:36 +0000] "GET /api/stuff?c=18&p=1 HTTP/1.1" 200 474 "https://arl.lambda.cam/create/faces" "Mozilla/5.0 (Windows NT 10.0; Win64; x64; rv:146.0) Gecko/20100101 Firefox/146.0"
172.70.58.145 - - [29/Dec/2025:00:53:36 +0000] "GET /thumbs/?id=43&sxy=130 HTTP/1.1" 200 2803 "https://arl.lambda.cam/create/faces" "Mozilla/5.0 (Windows NT 10.0; Win64; x64; rv:146.0) Gecko/20100101 Firefox/146.0"
172.70.58.146 - - [29/Dec/2025:00:53:36 +0000] "GET /thumbs/?id=8&sxy=130 HTTP/1.1" 200 2669 "https://arl.lambda.cam/create/faces" "Mozilla/5.0 (Windows NT 10.0; Win64; x64; rv:146.0) Gecko/20100101 Firefox/146.0"
172.70.58.145 - - [29/Dec/2025:00:53:36 +0000] "GET /api/stuff?c=8&p=1 HTTP/1.1" 200 683 "https://arl.lambda.cam/create/hats" "Mozilla/5.0 (Windows NT 10.0; Win64; x64; rv:146.0) Gecko/20100101 Firefox/146.0"
172.70.58.145 - - [29/Dec/2025:00:53:36 +0000] "GET /thumbs/?id=61&sxy=130 HTTP/1.1" 200 15233 "https://arl.lambda.cam/create/hats" "Mozilla/5.0 (Windows NT 10.0; Win64; x64; rv:146.0) Gecko/20100101 Firefox/146.0"
172.70.58.146 - - [29/Dec/2025:00:53:36 +0000] "GET /thumbs/?id=56&sxy=130 HTTP/1.1" 200 17625 "https://arl.lambda.cam/create/hats" "Mozilla/5.0 (Windows NT 10.0; Win64; x64; rv:146.0) Gecko/20100101 Firefox/146.0"
172.70.58.145 - - [29/Dec/2025:00:53:36 +0000] "GET /thumbs/?id=41&sxy=130 HTTP/1.1" 200 9833 "https://arl.lambda.cam/create/hats" "Mozilla/5.0 (Windows NT 10.0; Win64; x64; rv:146.0) Gecko/20100101 Firefox/146.0"
172.70.58.145 - - [29/Dec/2025:00:53:36 +0000] "GET /thumbs/?id=38&sxy=130 HTTP/1.1" 200 8471 "https://arl.lambda.cam/create/hats" "Mozilla/5.0 (Windows NT 10.0; Win64; x64; rv:146.0) Gecko/20100101 Firefox/146.0"
172.70.58.145 - - [29/Dec/2025:00:53:36 +0000] "GET /thumbs/?id=11&sxy=130 HTTP/1.1" 200 13430 "https://arl.lambda.cam/create/hats" "Mozilla/5.0 (Windows NT 10.0; Win64; x64; rv:146.0) Gecko/20100101 Firefox/146.0"
172.70.58.145 - - [29/Dec/2025:00:53:39 +0000] "GET /api/stuff?c=4&p=1 HTTP/1.1" 200 688 "https://arl.lambda.cam/create/meshes" "Mozilla/5.0 (Windows NT 10.0; Win64; x64; rv:146.0) Gecko/20100101 Firefox/146.0"
172.70.58.145 - - [29/Dec/2025:00:53:39 +0000] "GET /thumbs/?id=57&sxy=130 HTTP/1.1" 200 4229 "https://arl.lambda.cam/create/meshes" "Mozilla/5.0 (Windows NT 10.0; Win64; x64; rv:146.0) Gecko/20100101 Firefox/146.0"
172.70.58.145 - - [29/Dec/2025:00:53:39 +0000] "GET /thumbs/?id=54&sxy=130 HTTP/1.1" 200 4606 "https://arl.lambda.cam/create/meshes" "Mozilla/5.0 (Windows NT 10.0; Win64; x64; rv:146.0) Gecko/20100101 Firefox/146.0"
172.70.58.146 - - [29/Dec/2025:00:53:39 +0000] "GET /thumbs/?id=39&sxy=130 HTTP/1.1" 200 2194 "https://arl.lambda.cam/create/meshes" "Mozilla/5.0 (Windows NT 10.0; Win64; x64; rv:146.0) Gecko/20100101 Firefox/146.0"
172.70.58.145 - - [29/Dec/2025:00:53:39 +0000] "GET /thumbs/?id=9&sxy=130 HTTP/1.1" 200 3190 "https://arl.lambda.cam/create/meshes" "Mozilla/5.0 (Windows NT 10.0; Win64; x64; rv:146.0) Gecko/20100101 Firefox/146.0"
172.70.58.145 - - [29/Dec/2025:00:53:39 +0000] "GET /thumbs/?id=36&sxy=130 HTTP/1.1" 200 3295 "https://arl.lambda.cam/create/meshes" "Mozilla/5.0 (Windows NT 10.0; Win64; x64; rv:146.0) Gecko/20100101 Firefox/146.0"
172.71.254.98 - - [29/Dec/2025:00:53:50 +0000] "GET /universes/get-universe-containing-place?placeId=123 HTTP/1.1" 200 266 "-" "Roblox/WinInet"
172.71.254.98 - - [29/Dec/2025:00:53:50 +0000] "GET /universes/1/cloudeditenabled HTTP/1.1" 200 220 "-" "Roblox/WinInet"
172.70.127.182 - - [29/Dec/2025:00:53:51 +0000] "GET /asset/?id=232196030 HTTP/1.1" 404 210 "-" "Roblox/WinInet"
172.69.17.71 - - [29/Dec/2025:00:53:51 +0000] "GET /game/edit.ashx?placeId=123 HTTP/1.1" 200 313 "-" "Roblox/WinInet"
