172.68.205.163 - - [29/Dec/2025:00:16:11 +0000] "POST /v1.1/Counters/Increment/?apiKey=76E5A40C-3AE1-4028-9F10-7C62520BD94F&counterName=HTTPFailure-Win32&amount=2 HTTP/1.1" 200 281 "-" "Roblox/WinHttp"
172.70.58.146 - - [29/Dec/2025:00:16:11 +0000] "POST /v1.1/Counters/Increment/?apiKey=76E5A40C-3AE1-4028-9F10-7C62520BD94F&counterName=HTTPFailureDataStore-Win32&amount=0 HTTP/1.1" 200 281 "-" "Roblox/WinHttp"
172.68.205.162 - - [29/Dec/2025:00:16:11 +0000] "POST /v1.1/Counters/Increment/?apiKey=76E5A40C-3AE1-4028-9F10-7C62520BD94F&counterName=HTTPFailureMarketPlace-Win32&amount=0 HTTP/1.1" 200 281 "-" "Roblox/WinHttp"
172.68.205.105 - - [29/Dec/2025:00:16:11 +0000] "POST /game/report-stats?name=HTTPDelayFailure%2DWin32&value=43%2E162254 HTTP/1.1" 200 281 "-" "Roblox/WinHttp"
172.68.205.162 - - [29/Dec/2025:00:16:11 +0000] "POST /api/character?r=wear HTTP/1.1" 200 320 "https://arl.lambda.cam/my/character" "Mozilla/5.0 (Windows NT 10.0; Win64; x64; rv:146.0) Gecko/20100101 Firefox/146.0"
172.68.205.163 - - [29/Dec/2025:00:16:11 +0000] "GET /api/character?r=getwardrobe&c=12&p=1 HTTP/1.1" 200 546 "https://arl.lambda.cam/my/character" "Mozilla/5.0 (Windows NT 10.0; Win64; x64; rv:146.0) Gecko/20100101 Firefox/146.0"
172.68.205.163 - - [29/Dec/2025:00:16:11 +0000] "GET /api/character?r=getwearing HTTP/1.1" 200 588 "https://arl.lambda.cam/my/character" "Mozilla/5.0 (Windows NT 10.0; Win64; x64; rv:146.0) Gecko/20100101 Firefox/146.0"
162.158.74.10 - - [29/Dec/2025:00:16:12 +0000] "GET /Asset/CharacterFetch.ashx?userId=1 HTTP/1.1" 200 345 "-" "Roblox/WinHttp"
162.158.74.10 - - [29/Dec/2025:00:16:12 +0000] "GET /Asset/BodyColors.ashx?userId=1&serverplaceid=0 HTTP/1.1" 200 578 "-" "Roblox/WinHttp"
172.68.205.162 - - [29/Dec/2025:00:16:12 +0000] "GET /Asset/BodyColors.ashx?userId=1&serverplaceid=0 HTTP/1.1" 200 578 "-" "Roblox/WinHttp"
172.69.79.183 - - [29/Dec/2025:00:16:12 +0000] "GET /asset/?id=41&serverplaceid=0 HTTP/1.1" 200 4432 "-" "Roblox/WinHttp"
172.68.205.163 - - [29/Dec/2025:00:16:12 +0000] "GET /asset/?id=22&serverplaceid=0 HTTP/1.1" 200 701 "-" "Roblox/WinHttp"
172.68.205.163 - - [29/Dec/2025:00:16:12 +0000] "GET /asset/?id=43&serverplaceid=0 HTTP/1.1" 200 802 "-" "Roblox/WinHttp"
172.70.58.146 - - [29/Dec/2025:00:16:12 +0000] "GET /asset/?id=2&serverplaceid=0 HTTP/1.1" 200 700 "-" "Roblox/WinHttp"
162.158.74.10 - - [29/Dec/2025:00:16:12 +0000] "GET /asset/?id=22&serverplaceid=0 HTTP/1.1" 200 701 "-" "Roblox/WinHttp"
172.68.205.162 - - [29/Dec/2025:00:16:12 +0000] "GET /asset/?id=39 HTTP/1.1" 200 33972 "-" "Roblox/WinHttp"
172.68.205.163 - - [29/Dec/2025:00:16:12 +0000] "GET /asset/?id=40 HTTP/1.1" 200 7703 "-" "Roblox/WinHttp"
172.69.79.183 - - [29/Dec/2025:00:16:12 +0000] "GET /asset/?id=42 HTTP/1.1" 200 14744 "-" "Roblox/WinHttp"
172.70.58.146 - - [29/Dec/2025:00:16:12 +0000] "GET /asset/?id=21 HTTP/1.1" 200 147658 "-" "Roblox/WinHttp"
172.68.205.163 - - [29/Dec/2025:00:16:12 +0000] "GET /asset/?id=1 HTTP/1.1" 200 290490 "-" "Roblox/WinHttp"
162.158.74.10 - - [29/Dec/2025:00:16:12 +0000] "GET /asset/?id=34854607 HTTP/1.1" 404 209 "-" "Roblox/WinHttp"
172.68.205.162 - - [29/Dec/2025:00:16:11 +0000] "GET /api/character?r=rendercharacter HTTP/1.1" 200 348 "https://arl.lambda.cam/my/character" "Mozilla/5.0 (Windows NT 10.0; Win64; x64; rv:146.0) Gecko/20100101 Firefox/146.0"
172.68.205.163 - - [29/Dec/2025:00:16:13 +0000] "GET /asset/?id=34854607 HTTP/1.1" 404 209 "-" "Roblox/WinHttp"
172.68.205.162 - - [29/Dec/2025:00:16:13 +0000] "GET /thumbs/player?id=1&t=1766967371363 HTTP/1.1" 200 39203 "https://arl.lambda.cam/my/character" "Mozilla/5.0 (Windows NT 10.0; Win64; x64; rv:146.0) Gecko/20100101 Firefox/146.0"
172.68.205.105 - - [29/Dec/2025:00:16:13 +0000] "POST /game/report-stats?name=HTTPDelaySuccess%2DWin32&value=77%2E195969 HTTP/1.1" 200 281 "-" "Roblox/WinHttp"
172.68.205.163 - - [29/Dec/2025:00:16:13 +0000] "POST /v1.1/Counters/Increment/?apiKey=76E5A40C-3AE1-4028-9F10-7C62520BD94F&counterName=HTTPSuccess-Win32&amount=13 HTTP/1.1" 200 281 "-" "Roblox/WinHttp"
172.68.205.105 - - [29/Dec/2025:00:16:13 +0000] "POST /game/report-stats?name=HTTPDelayFailure%2DWin32&value=50%2E934658 HTTP/1.1" 200 281 "-" "Roblox/WinHttp"
172.70.58.146 - - [29/Dec/2025:00:16:13 +0000] "POST /v1.1/Counters/Increment/?apiKey=76E5A40C-3AE1-4028-9F10-7C62520BD94F&counterName=HTTPFailure-Win32&amount=2 HTTP/1.1" 200 281 "-" "Roblox/WinHttp"
172.69.79.183 - - [29/Dec/2025:00:16:13 +0000] "POST /v1.1/Counters/Increment/?apiKey=76E5A40C-3AE1-4028-9F10-7C62520BD94F&counterName=HTTPSuccessDataStore-Win32&amount=0 HTTP/1.1" 200 281 "-" "Roblox/WinHttp"
172.68.205.162 - - [29/Dec/2025:00:16:13 +0000] "POST /v1.1/Counters/Increment/?apiKey=76E5A40C-3AE1-4028-9F10-7C62520BD94F&counterName=HTTPFailureMarketPlace-Win32&amount=0 HTTP/1.1" 200 281 "-" "Roblox/WinHttp"
172.68.205.163 - - [29/Dec/2025:00:16:13 +0000] "POST /v1.1/Counters/Increment/?apiKey=76E5A40C-3AE1-4028-9F10-7C62520BD94F&counterName=HTTPSuccessMarketPlace-Win32&amount=0 HTTP/1.1" 200 281 "-" "Roblox/WinHttp"
162.158.74.10 - - [29/Dec/2025:00:16:13 +0000] "POST /v1.1/Counters/Increment/?apiKey=76E5A40C-3AE1-4028-9F10-7C62520BD94F&counterName=HTTPFailureDataStore-Win32&amount=0 HTTP/1.1" 200 281 "-" "Roblox/WinHttp"
172.68.205.105 - - [29/Dec/2025:00:16:13 +0000] "POST /game/report-stats?name=HTTPAccumulatedBytes%2DWin32&value=501214%2E000000 HTTP/1.1" 200 282 "-" "Roblox/WinHttp"
172.68.205.162 - - [29/Dec/2025:00:16:16 +0000] "POST /api/character?r=wear HTTP/1.1" 200 320 "https://arl.lambda.cam/my/character" "Mozilla/5.0 (Windows NT 10.0; Win64; x64; rv:146.0) Gecko/20100101 Firefox/146.0"
172.68.205.163 - - [29/Dec/2025:00:16:16 +0000] "GET /api/character?r=getwardrobe&c=12&p=1 HTTP/1.1" 200 546 "https://arl.lambda.cam/my/character" "Mozilla/5.0 (Windows NT 10.0; Win64; x64; rv:146.0) Gecko/20100101 Firefox/146.0"
172.68.205.162 - - [29/Dec/2025:00:16:16 +0000] "GET /api/character?r=getwearing HTTP/1.1" 200 588 "https://arl.lambda.cam/my/character" "Mozilla/5.0 (Windows NT 10.0; Win64; x64; rv:146.0) Gecko/20100101 Firefox/146.0"
172.68.205.162 - - [29/Dec/2025:00:16:16 +0000] "GET /Asset/CharacterFetch.ashx?userId=1 HTTP/1.1" 200 346 "-" "Roblox/WinHttp"
172.68.205.163 - - [29/Dec/2025:00:16:16 +0000] "GET /asset/?id=45&serverplaceid=0 HTTP/1.1" 200 701 "-" "Roblox/WinHttp"
172.69.79.183 - - [29/Dec/2025:00:16:16 +0000] "GET /asset/?id=22&serverplaceid=0 HTTP/1.1" 200 701 "-" "Roblox/WinHttp"
172.70.58.146 - - [29/Dec/2025:00:16:16 +0000] "GET /asset/?id=41&serverplaceid=0 HTTP/1.1" 200 4432 "-" "Roblox/WinHttp"
172.68.205.162 - - [29/Dec/2025:00:16:16 +0000] "GET /Asset/BodyColors.ashx?userId=1&serverplaceid=0 HTTP/1.1" 200 578 "-" "Roblox/WinHttp"
162.158.74.10 - - [29/Dec/2025:00:16:16 +0000] "GET /Asset/BodyColors.ashx?userId=1&serverplaceid=0 HTTP/1.1" 200 578 "-" "Roblox/WinHttp"
172.68.205.162 - - [29/Dec/2025:00:16:16 +0000] "GET /asset/?id=43&serverplaceid=0 HTTP/1.1" 200 802 "-" "Roblox/WinHttp"
172.68.205.163 - - [29/Dec/2025:00:16:16 +0000] "GET /asset/?id=43&serverplaceid=0 HTTP/1.1" 200 802 "-" "Roblox/WinHttp"
172.69.79.183 - - [29/Dec/2025:00:16:16 +0000] "GET /asset/?id=39 HTTP/1.1" 200 33972 "-" "Roblox/WinHttp"
172.68.205.162 - - [29/Dec/2025:00:16:16 +0000] "GET /asset/?id=40 HTTP/1.1" 200 7703 "-" "Roblox/WinHttp"
172.68.205.162 - - [29/Dec/2025:00:16:16 +0000] "GET /asset/?id=42 HTTP/1.1" 200 14744 "-" "Roblox/WinHttp"
172.70.58.146 - - [29/Dec/2025:00:16:16 +0000] "GET /asset/?id=21 HTTP/1.1" 200 147658 "-" "Roblox/WinHttp"
162.158.74.10 - - [29/Dec/2025:00:16:16 +0000] "GET /asset/?id=44 HTTP/1.1" 200 94062 "-" "Roblox/WinHttp"
172.68.205.163 - - [29/Dec/2025:00:16:16 +0000] "POST /v1.1/Counters/Increment/?apiKey=76E5A40C-3AE1-4028-9F10-7C62520BD94F&counterName=HTTPSuccessDataStore-Win32&amount=0 HTTP/1.1" 200 281 "-" "Roblox/WinHttp"
172.68.205.162 - - [29/Dec/2025:00:16:16 +0000] "POST /v1.1/Counters/Increment/?apiKey=76E5A40C-3AE1-4028-9F10-7C62520BD94F&counterName=HTTPSuccessMarketPlace-Win32&amount=0 HTTP/1.1" 200 281 "-" "Roblox/WinHttp"
172.68.205.105 - - [29/Dec/2025:00:16:16 +0000] "POST /game/report-stats?name=HTTPAccumulatedBytes%2DWin32&value=304889%2E000000 HTTP/1.1" 200 281 "-" "Roblox/WinHttp"
172.68.205.105 - - [29/Dec/2025:00:16:16 +0000] "POST /game/report-stats?name=HTTPDelaySuccess%2DWin32&value=69%2E481865 HTTP/1.1" 200 281 "-" "Roblox/WinHttp"
172.69.79.183 - - [29/Dec/2025:00:16:16 +0000] "POST /v1.1/Counters/Increment/?apiKey=76E5A40C-3AE1-4028-9F10-7C62520BD94F&counterName=HTTPSuccess-Win32&amount=13 HTTP/1.1" 200 281 "-" "Roblox/WinHttp"
172.68.205.162 - - [29/Dec/2025:00:16:17 +0000] "GET /asset/?id=34854607 HTTP/1.1" 404 209 "-" "Roblox/WinHttp"
172.68.205.163 - - [29/Dec/2025:00:16:16 +0000] "GET /api/character?r=rendercharacter HTTP/1.1" 200 348 "https://arl.lambda.cam/my/character" "Mozilla/5.0 (Windows NT 10.0; Win64; x64; rv:146.0) Gecko/20100101 Firefox/146.0"
162.158.74.10 - - [29/Dec/2025:00:16:17 +0000] "GET /asset/?id=34854607 HTTP/1.1" 404 209 "-" "Roblox/WinHttp"
172.68.205.163 - - [29/Dec/2025:00:16:17 +0000] "GET /thumbs/player?id=1&t=1766967375830 HTTP/1.1" 200 34538 "https://arl.lambda.cam/my/character" "Mozilla/5.0 (Windows NT 10.0; Win64; x64; rv:146.0) Gecko/20100101 Firefox/146.0"
172.70.58.146 - - [29/Dec/2025:00:16:18 +0000] "POST /v1.1/Counters/Increment/?apiKey=76E5A40C-3AE1-4028-9F10-7C62520BD94F&counterName=HTTPFailure-Win32&amount=2 HTTP/1.1" 200 281 "-" "Roblox/WinHttp"
172.68.205.162 - - [29/Dec/2025:00:16:18 +0000] "POST /v1.1/Counters/Increment/?apiKey=76E5A40C-3AE1-4028-9F10-7C62520BD94F&counterName=HTTPFailureDataStore-Win32&amount=0 HTTP/1.1" 200 281 "-" "Roblox/WinHttp"
172.68.205.162 - - [29/Dec/2025:00:16:18 +0000] "POST /v1.1/Counters/Increment/?apiKey=76E5A40C-3AE1-4028-9F10-7C62520BD94F&counterName=HTTPFailureMarketPlace-Win32&amount=0 HTTP/1.1" 200 281 "-" "Roblox/WinHttp"
172.68.205.105 - - [29/Dec/2025:00:16:18 +0000] "POST /game/report-stats?name=HTTPDelayFailure%2DWin32&value=45%2E496750 HTTP/1.1" 200 281 "-" "Roblox/WinHttp"
::1 - - [29/Dec/2025:00:16:23 +0000] "OPTIONS * HTTP/1.0" 200 126 "-" "Apache/2.4.62 (Debian) (internal dummy connection)"
::1 - - [29/Dec/2025:00:16:24 +0000] "OPTIONS * HTTP/1.0" 200 126 "-" "Apache/2.4.62 (Debian) (internal dummy connection)"
::1 - - [29/Dec/2025:00:16:25 +0000] "OPTIONS * HTTP/1.0" 200 126 "-" "Apache/2.4.62 (Debian) (internal dummy connection)"
::1 - - [29/Dec/2025:00:16:26 +0000] "OPTIONS * HTTP/1.0" 200 126 "-" "Apache/2.4.62 (Debian) (internal dummy connection)"
::1 - - [29/Dec/2025:00:16:27 +0000] "OPTIONS * HTTP/1.0" 200 126 "-" "Apache/2.4.62 (Debian) (internal dummy connection)"
::1 - - [29/Dec/2025:00:16:28 +0000] "OPTIONS * HTTP/1.0" 200 126 "-" "Apache/2.4.62 (Debian) (internal dummy connection)"
172.68.205.162 - - [29/Dec/2025:00:16:35 +0000] "POST /api/character?r=setbodycolours HTTP/1.1" 200 321 "https://arl.lambda.cam/my/character" "Mozilla/5.0 (Windows NT 10.0; Win64; x64; rv:146.0) Gecko/20100101 Firefox/146.0"
172.69.79.182 - - [29/Dec/2025:00:16:35 +0000] "GET /Asset/CharacterFetch.ashx?userId=1 HTTP/1.1" 200 347 "-" "Roblox/WinHttp"
172.69.79.182 - - [29/Dec/2025:00:16:35 +0000] "GET /asset/?id=45&serverplaceid=0 HTTP/1.1" 200 701 "-" "Roblox/WinHttp"
172.68.205.162 - - [29/Dec/2025:00:16:35 +0000] "GET /Asset/BodyColors.ashx?userId=1&serverplaceid=0 HTTP/1.1" 200 582 "-" "Roblox/WinHttp"
172.68.205.163 - - [29/Dec/2025:00:16:35 +0000] "GET /Asset/BodyColors.ashx?userId=1&serverplaceid=0 HTTP/1.1" 200 582 "-" "Roblox/WinHttp"
162.158.74.10 - - [29/Dec/2025:00:16:35 +0000] "GET /asset/?id=43&serverplaceid=0 HTTP/1.1" 200 803 "-" "Roblox/WinHttp"
172.70.58.145 - - [29/Dec/2025:00:16:35 +0000] "GET /asset/?id=22&serverplaceid=0 HTTP/1.1" 200 702 "-" "Roblox/WinHttp"
172.68.205.162 - - [29/Dec/2025:00:16:35 +0000] "GET /asset/?id=41&serverplaceid=0 HTTP/1.1" 200 4433 "-" "Roblox/WinHttp"
172.69.79.182 - - [29/Dec/2025:00:16:35 +0000] "GET /asset/?id=22&serverplaceid=0 HTTP/1.1" 200 701 "-" "Roblox/WinHttp"
172.68.205.163 - - [29/Dec/2025:00:16:35 +0000] "GET /asset/?id=42 HTTP/1.1" 200 14744 "-" "Roblox/WinHttp"
162.158.74.10 - - [29/Dec/2025:00:16:35 +0000] "GET /asset/?id=40 HTTP/1.1" 200 7703 "-" "Roblox/WinHttp"
172.70.58.145 - - [29/Dec/2025:00:16:35 +0000] "GET /asset/?id=39 HTTP/1.1" 200 33972 "-" "Roblox/WinHttp"
172.68.205.162 - - [29/Dec/2025:00:16:35 +0000] "GET /asset/?id=44 HTTP/1.1" 200 94062 "-" "Roblox/WinHttp"
172.68.205.162 - - [29/Dec/2025:00:16:35 +0000] "GET /asset/?id=21 HTTP/1.1" 200 147658 "-" "Roblox/WinHttp"
172.69.79.182 - - [29/Dec/2025:00:16:36 +0000] "GET /asset/?id=34854607 HTTP/1.1" 404 209 "-" "Roblox/WinHttp"
172.68.205.162 - - [29/Dec/2025:00:16:35 +0000] "GET /api/character?r=rendercharacter HTTP/1.1" 200 348 "https://arl.lambda.cam/my/character" "Mozilla/5.0 (Windows NT 10.0; Win64; x64; rv:146.0) Gecko/20100101 Firefox/146.0"
162.158.74.10 - - [29/Dec/2025:00:16:36 +0000] "GET /asset/?id=34854607 HTTP/1.1" 404 209 "-" "Roblox/WinHttp"
172.68.205.163 - - [29/Dec/2025:00:16:36 +0000] "GET /thumbs/player?id=1&t=1766967395071 HTTP/1.1" 200 35107 "https://arl.lambda.cam/my/character" "Mozilla/5.0 (Windows NT 10.0; Win64; x64; rv:146.0) Gecko/20100101 Firefox/146.0"
172.68.205.162 - - [29/Dec/2025:00:16:37 +0000] "POST /v1.1/Counters/Increment/?apiKey=76E5A40C-3AE1-4028-9F10-7C62520BD94F&counterName=HTTPSuccess-Win32&amount=13 HTTP/1.1" 200 281 "-" "Roblox/WinHttp"
172.69.79.182 - - [29/Dec/2025:00:16:37 +0000] "POST /v1.1/Counters/Increment/?apiKey=76E5A40C-3AE1-4028-9F10-7C62520BD94F&counterName=HTTPFailureDataStore-Win32&amount=0 HTTP/1.1" 200 281 "-" "Roblox/WinHttp"
172.68.205.162 - - [29/Dec/2025:00:16:37 +0000] "POST /v1.1/Counters/Increment/?apiKey=76E5A40C-3AE1-4028-9F10-7C62520BD94F&counterName=HTTPSuccessMarketPlace-Win32&amount=0 HTTP/1.1" 200 281 "-" "Roblox/WinHttp"
172.68.205.162 - - [29/Dec/2025:00:16:37 +0000] "POST /v1.1/Counters/Increment/?apiKey=76E5A40C-3AE1-4028-9F10-7C62520BD94F&counterName=HTTPFailureMarketPlace-Win32&amount=0 HTTP/1.1" 200 281 "-" "Roblox/WinHttp"
172.70.58.145 - - [29/Dec/2025:00:16:37 +0000] "POST /v1.1/Counters/Increment/?apiKey=76E5A40C-3AE1-4028-9F10-7C62520BD94F&counterName=HTTPSuccessDataStore-Win32&amount=0 HTTP/1.1" 200 281 "-" "Roblox/WinHttp"
162.158.74.10 - - [29/Dec/2025:00:16:37 +0000] "POST /v1.1/Counters/Increment/?apiKey=76E5A40C-3AE1-4028-9F10-7C62520BD94F&counterName=HTTPFailure-Win32&amount=2 HTTP/1.1" 200 281 "-" "Roblox/WinHttp"
172.68.205.105 - - [29/Dec/2025:00:16:37 +0000] "POST /game/report-stats?name=HTTPAccumulatedBytes%2DWin32&value=304792%2E000000 HTTP/1.1" 200 282 "-" "Roblox/WinHttp"
172.68.205.104 - - [29/Dec/2025:00:16:37 +0000] "POST /game/report-stats?name=HTTPDelayFailure%2DWin32&value=45%2E782963 HTTP/1.1" 200 282 "-" "Roblox/WinHttp"
172.68.205.104 - - [29/Dec/2025:00:16:37 +0000] "POST /game/report-stats?name=HTTPDelaySuccess%2DWin32&value=80%2E473862 HTTP/1.1" 200 282 "-" "Roblox/WinHttp"
172.68.205.163 - - [29/Dec/2025:00:16:38 +0000] "POST /api/character?r=setbodycolours HTTP/1.1" 200 320 "https://arl.lambda.cam/my/character" "Mozilla/5.0 (Windows NT 10.0; Win64; x64; rv:146.0) Gecko/20100101 Firefox/146.0"
172.68.205.162 - - [29/Dec/2025:00:16:39 +0000] "GET /Asset/CharacterFetch.ashx?userId=1 HTTP/1.1" 200 346 "-" "Roblox/WinHttp"
172.69.79.182 - - [29/Dec/2025:00:16:39 +0000] "GET /Asset/BodyColors.ashx?userId=1&serverplaceid=0 HTTP/1.1" 200 580 "-" "Roblox/WinHttp"
172.68.205.163 - - [29/Dec/2025:00:16:39 +0000] "GET /Asset/BodyColors.ashx?userId=1&serverplaceid=0 HTTP/1.1" 200 580 "-" "Roblox/WinHttp"
172.70.58.145 - - [29/Dec/2025:00:16:39 +0000] "GET /asset/?id=43&serverplaceid=0 HTTP/1.1" 200 802 "-" "Roblox/WinHttp"
162.158.74.10 - - [29/Dec/2025:00:16:39 +0000] "GET /asset/?id=41&serverplaceid=0 HTTP/1.1" 200 4432 "-" "Roblox/WinHttp"
172.68.205.162 - - [29/Dec/2025:00:16:39 +0000] "GET /asset/?id=45&serverplaceid=0 HTTP/1.1" 200 701 "-" "Roblox/WinHttp"
172.68.205.162 - - [29/Dec/2025:00:16:39 +0000] "GET /asset/?id=22&serverplaceid=0 HTTP/1.1" 200 701 "-" "Roblox/WinHttp"
172.69.79.182 - - [29/Dec/2025:00:16:39 +0000] "GET /asset/?id=22&serverplaceid=0 HTTP/1.1" 200 701 "-" "Roblox/WinHttp"
162.158.74.10 - - [29/Dec/2025:00:16:39 +0000] "GET /asset/?id=39 HTTP/1.1" 200 33972 "-" "Roblox/WinHttp"
172.68.205.162 - - [29/Dec/2025:00:16:39 +0000] "GET /asset/?id=40 HTTP/1.1" 200 7703 "-" "Roblox/WinHttp"
172.68.205.163 - - [29/Dec/2025:00:16:39 +0000] "GET /asset/?id=42 HTTP/1.1" 200 14744 "-" "Roblox/WinHttp"
172.68.205.162 - - [29/Dec/2025:00:16:39 +0000] "GET /asset/?id=44 HTTP/1.1" 200 94062 "-" "Roblox/WinHttp"
172.70.58.145 - - [29/Dec/2025:00:16:39 +0000] "GET /asset/?id=21 HTTP/1.1" 200 147658 "-" "Roblox/WinHttp"
172.69.79.182 - - [29/Dec/2025:00:16:39 +0000] "GET /asset/?id=34854607 HTTP/1.1" 404 209 "-" "Roblox/WinHttp"
172.68.205.162 - - [29/Dec/2025:00:16:38 +0000] "GET /api/character?r=rendercharacter HTTP/1.1" 200 348 "https://arl.lambda.cam/my/character" "Mozilla/5.0 (Windows NT 10.0; Win64; x64; rv:146.0) Gecko/20100101 Firefox/146.0"
172.68.205.162 - - [29/Dec/2025:00:16:39 +0000] "GET /asset/?id=34854607 HTTP/1.1" 404 209 "-" "Roblox/WinHttp"
172.68.205.163 - - [29/Dec/2025:00:16:39 +0000] "GET /thumbs/player?id=1&t=1766967398247 HTTP/1.1" 200 35279 "https://arl.lambda.cam/my/character" "Mozilla/5.0 (Windows NT 10.0; Win64; x64; rv:146.0) Gecko/20100101 Firefox/146.0"
172.68.205.162 - - [29/Dec/2025:00:16:40 +0000] "POST /v1.1/Counters/Increment/?apiKey=76E5A40C-3AE1-4028-9F10-7C62520BD94F&counterName=HTTPFailure-Win32&amount=2 HTTP/1.1" 200 281 "-" "Roblox/WinHttp"
172.68.205.105 - - [29/Dec/2025:00:16:40 +0000] "POST /game/report-stats?name=HTTPDelayFailure%2DWin32&value=42%2E620953 HTTP/1.1" 200 281 "-" "Roblox/WinHttp"
172.68.205.162 - - [29/Dec/2025:00:16:40 +0000] "POST /v1.1/Counters/Increment/?apiKey=76E5A40C-3AE1-4028-9F10-7C62520BD94F&counterName=HTTPSuccessMarketPlace-Win32&amount=0 HTTP/1.1" 200 281 "-" "Roblox/WinHttp"
162.158.74.10 - - [29/Dec/2025:00:16:40 +0000] "POST /v1.1/Counters/Increment/?apiKey=76E5A40C-3AE1-4028-9F10-7C62520BD94F&counterName=HTTPSuccessDataStore-Win32&amount=0 HTTP/1.1" 200 281 "-" "Roblox/WinHttp"
172.70.58.145 - - [29/Dec/2025:00:16:40 +0000] "POST /v1.1/Counters/Increment/?apiKey=76E5A40C-3AE1-4028-9F10-7C62520BD94F&counterName=HTTPFailureDataStore-Win32&amount=0 HTTP/1.1" 200 281 "-" "Roblox/WinHttp"
172.69.79.182 - - [29/Dec/2025:00:16:40 +0000] "POST /v1.1/Counters/Increment/?apiKey=76E5A40C-3AE1-4028-9F10-7C62520BD94F&counterName=HTTPFailureMarketPlace-Win32&amount=0 HTTP/1.1" 200 281 "-" "Roblox/WinHttp"
172.68.205.162 - - [29/Dec/2025:00:16:40 +0000] "POST /v1.1/Counters/Increment/?apiKey=76E5A40C-3AE1-4028-9F10-7C62520BD94F&counterName=HTTPSuccess-Win32&amount=13 HTTP/1.1" 200 281 "-" "Roblox/WinHttp"
172.68.205.104 - - [29/Dec/2025:00:16:40 +0000] "POST /game/report-stats?name=HTTPAccumulatedBytes%2DWin32&value=304790%2E000000 HTTP/1.1" 200 281 "-" "Roblox/WinHttp"
172.68.205.104 - - [29/Dec/2025:00:16:40 +0000] "POST /game/report-stats?name=HTTPDelaySuccess%2DWin32&value=70%2E690102 HTTP/1.1" 200 281 "-" "Roblox/WinHttp"
162.158.74.10 - - [29/Dec/2025:00:16:41 +0000] "POST /v1.0/MultiIncrement/?apiKey=76E5A40C-3AE1-4028-9F10-7C62520BD94F HTTP/1.1" 404 297 "-" "Roblox/WinInet"
::1 - - [29/Dec/2025:00:16:46 +0000] "OPTIONS * HTTP/1.0" 200 126 "-" "Apache/2.4.62 (Debian) (internal dummy connection)"
::1 - - [29/Dec/2025:00:16:47 +0000] "OPTIONS * HTTP/1.0" 200 126 "-" "Apache/2.4.62 (Debian) (internal dummy connection)"
::1 - - [29/Dec/2025:00:16:48 +0000] "OPTIONS * HTTP/1.0" 200 126 "-" "Apache/2.4.62 (Debian) (internal dummy connection)"
::1 - - [29/Dec/2025:00:16:49 +0000] "OPTIONS * HTTP/1.0" 200 126 "-" "Apache/2.4.62 (Debian) (internal dummy connection)"
::1 - - [29/Dec/2025:00:16:50 +0000] "OPTIONS * HTTP/1.0" 200 126 "-" "Apache/2.4.62 (Debian) (internal dummy connection)"
::1 - - [29/Dec/2025:00:16:51 +0000] "OPTIONS * HTTP/1.0" 200 126 "-" "Apache/2.4.62 (Debian) (internal dummy connection)"
::1 - - [29/Dec/2025:00:16:52 +0000] "OPTIONS * HTTP/1.0" 200 126 "-" "Apache/2.4.62 (Debian) (internal dummy connection)"
172.68.205.162 - - [29/Dec/2025:00:17:01 +0000] "POST /api/character?r=setbodycolours HTTP/1.1" 200 321 "https://arl.lambda.cam/my/character" "Mozilla/5.0 (Windows NT 10.0; Win64; x64; rv:146.0) Gecko/20100101 Firefox/146.0"
172.68.205.163 - - [29/Dec/2025:00:17:01 +0000] "GET /Asset/CharacterFetch.ashx?userId=1 HTTP/1.1" 200 347 "-" "Roblox/WinHttp"
172.68.205.163 - - [29/Dec/2025:00:17:01 +0000] "GET /Asset/BodyColors.ashx?userId=1&serverplaceid=0 HTTP/1.1" 200 580 "-" "Roblox/WinHttp"
172.68.205.163 - - [29/Dec/2025:00:17:01 +0000] "GET /Asset/BodyColors.ashx?userId=1&serverplaceid=0 HTTP/1.1" 200 581 "-" "Roblox/WinHttp"
172.68.205.162 - - [29/Dec/2025:00:17:01 +0000] "GET /asset/?id=45&serverplaceid=0 HTTP/1.1" 200 702 "-" "Roblox/WinHttp"
172.69.79.183 - - [29/Dec/2025:00:17:01 +0000] "GET /asset/?id=41&serverplaceid=0 HTTP/1.1" 200 4433 "-" "Roblox/WinHttp"
162.158.74.11 - - [29/Dec/2025:00:17:01 +0000] "GET /asset/?id=22&serverplaceid=0 HTTP/1.1" 200 702 "-" "Roblox/WinHttp"
172.70.58.145 - - [29/Dec/2025:00:17:01 +0000] "GET /asset/?id=43&serverplaceid=0 HTTP/1.1" 200 803 "-" "Roblox/WinHttp"
172.68.205.163 - - [29/Dec/2025:00:17:01 +0000] "GET /asset/?id=22&serverplaceid=0 HTTP/1.1" 200 701 "-" "Roblox/WinHttp"
162.158.74.11 - - [29/Dec/2025:00:17:01 +0000] "GET /asset/?id=40 HTTP/1.1" 200 7703 "-" "Roblox/WinHttp"
172.70.58.145 - - [29/Dec/2025:00:17:01 +0000] "GET /asset/?id=39 HTTP/1.1" 200 33972 "-" "Roblox/WinHttp"
172.68.205.162 - - [29/Dec/2025:00:17:01 +0000] "GET /asset/?id=44 HTTP/1.1" 200 94062 "-" "Roblox/WinHttp"
172.68.205.163 - - [29/Dec/2025:00:17:01 +0000] "GET /asset/?id=42 HTTP/1.1" 200 14744 "-" "Roblox/WinHttp"
172.69.79.183 - - [29/Dec/2025:00:17:01 +0000] "GET /asset/?id=21 HTTP/1.1" 200 147658 "-" "Roblox/WinHttp"
172.68.205.163 - - [29/Dec/2025:00:17:02 +0000] "GET /asset/?id=34854607 HTTP/1.1" 404 209 "-" "Roblox/WinHttp"
172.68.205.162 - - [29/Dec/2025:00:17:01 +0000] "GET /api/character?r=rendercharacter HTTP/1.1" 200 348 "https://arl.lambda.cam/my/character" "Mozilla/5.0 (Windows NT 10.0; Win64; x64; rv:146.0) Gecko/20100101 Firefox/146.0"
162.158.74.11 - - [29/Dec/2025:00:17:02 +0000] "GET /asset/?id=34854607 HTTP/1.1" 404 209 "-" "Roblox/WinHttp"
172.68.205.163 - - [29/Dec/2025:00:17:02 +0000] "GET /thumbs/player?id=1&t=1766967420777 HTTP/1.1" 200 35296 "https://arl.lambda.cam/my/character" "Mozilla/5.0 (Windows NT 10.0; Win64; x64; rv:146.0) Gecko/20100101 Firefox/146.0"
172.68.205.162 - - [29/Dec/2025:00:17:02 +0000] "POST /v1.1/Counters/Increment/?apiKey=76E5A40C-3AE1-4028-9F10-7C62520BD94F&counterName=HTTPSuccess-Win32&amount=13 HTTP/1.1" 200 281 "-" "Roblox/WinHttp"
172.70.58.145 - - [29/Dec/2025:00:17:02 +0000] "POST /v1.1/Counters/Increment/?apiKey=76E5A40C-3AE1-4028-9F10-7C62520BD94F&counterName=HTTPFailureMarketPlace-Win32&amount=0 HTTP/1.1" 200 281 "-" "Roblox/WinHttp"
172.68.205.163 - - [29/Dec/2025:00:17:02 +0000] "POST /v1.1/Counters/Increment/?apiKey=76E5A40C-3AE1-4028-9F10-7C62520BD94F&counterName=HTTPSuccessDataStore-Win32&amount=0 HTTP/1.1" 200 281 "-" "Roblox/WinHttp"
172.68.205.162 - - [29/Dec/2025:00:17:02 +0000] "POST /v1.1/Counters/Increment/?apiKey=76E5A40C-3AE1-4028-9F10-7C62520BD94F&counterName=HTTPFailureDataStore-Win32&amount=0 HTTP/1.1" 200 281 "-" "Roblox/WinHttp"
172.69.79.183 - - [29/Dec/2025:00:17:02 +0000] "POST /v1.1/Counters/Increment/?apiKey=76E5A40C-3AE1-4028-9F10-7C62520BD94F&counterName=HTTPFailure-Win32&amount=2 HTTP/1.1" 200 281 "-" "Roblox/WinHttp"
162.158.74.11 - - [29/Dec/2025:00:17:02 +0000] "POST /v1.1/Counters/Increment/?apiKey=76E5A40C-3AE1-4028-9F10-7C62520BD94F&counterName=HTTPSuccessMarketPlace-Win32&amount=0 HTTP/1.1" 200 281 "-" "Roblox/WinHttp"
172.68.205.104 - - [29/Dec/2025:00:17:02 +0000] "POST /game/report-stats?name=HTTPDelayFailure%2DWin32&value=44%2E316193 HTTP/1.1" 200 282 "-" "Roblox/WinHttp"
172.68.205.105 - - [29/Dec/2025:00:17:02 +0000] "POST /game/report-stats?name=HTTPAccumulatedBytes%2DWin32&value=304792%2E000000 HTTP/1.1" 200 282 "-" "Roblox/WinHttp"
172.68.205.104 - - [29/Dec/2025:00:17:02 +0000] "POST /game/report-stats?name=HTTPDelaySuccess%2DWin32&value=83%2E225006 HTTP/1.1" 200 282 "-" "Roblox/WinHttp"
172.68.205.163 - - [29/Dec/2025:00:17:05 +0000] "POST /api/character?r=setbodycolours HTTP/1.1" 200 320 "https://arl.lambda.cam/my/character" "Mozilla/5.0 (Windows NT 10.0; Win64; x64; rv:146.0) Gecko/20100101 Firefox/146.0"
172.68.205.162 - - [29/Dec/2025:00:17:05 +0000] "GET /Asset/CharacterFetch.ashx?userId=1 HTTP/1.1" 200 346 "-" "Roblox/WinHttp"
172.69.79.183 - - [29/Dec/2025:00:17:05 +0000] "GET /Asset/BodyColors.ashx?userId=1&serverplaceid=0 HTTP/1.1" 200 581 "-" "Roblox/WinHttp"
172.70.58.145 - - [29/Dec/2025:00:17:05 +0000] "GET /Asset/BodyColors.ashx?userId=1&serverplaceid=0 HTTP/1.1" 200 581 "-" "Roblox/WinHttp"
172.68.205.162 - - [29/Dec/2025:00:17:05 +0000] "GET /asset/?id=45&serverplaceid=0 HTTP/1.1" 200 701 "-" "Roblox/WinHttp"
172.68.205.163 - - [29/Dec/2025:00:17:05 +0000] "GET /asset/?id=22&serverplaceid=0 HTTP/1.1" 200 701 "-" "Roblox/WinHttp"
172.68.205.163 - - [29/Dec/2025:00:17:05 +0000] "GET /asset/?id=43&serverplaceid=0 HTTP/1.1" 200 802 "-" "Roblox/WinHttp"
162.158.74.11 - - [29/Dec/2025:00:17:05 +0000] "GET /asset/?id=41&serverplaceid=0 HTTP/1.1" 200 4432 "-" "Roblox/WinHttp"
172.68.205.104 - - [29/Dec/2025:00:17:05 +0000] "POST /game/report-stats?name=HTTPDelaySuccess%2DWin32&value=45%2E103321 HTTP/1.1" 200 281 "-" "Roblox/WinHttp"
172.68.205.105 - - [29/Dec/2025:00:17:05 +0000] "POST /game/report-stats?name=HTTPAccumulatedBytes%2DWin32&value=192%2E000000 HTTP/1.1" 200 281 "-" "Roblox/WinHttp"
172.69.79.183 - - [29/Dec/2025:00:17:05 +0000] "GET /asset/?id=22&serverplaceid=0 HTTP/1.1" 200 701 "-" "Roblox/WinHttp"
172.68.205.162 - - [29/Dec/2025:00:17:05 +0000] "POST /v1.1/Counters/Increment/?apiKey=76E5A40C-3AE1-4028-9F10-7C62520BD94F&counterName=HTTPSuccess-Win32&amount=1 HTTP/1.1" 200 281 "-" "Roblox/WinHttp"
172.70.58.145 - - [29/Dec/2025:00:17:05 +0000] "POST /v1.1/Counters/Increment/?apiKey=76E5A40C-3AE1-4028-9F10-7C62520BD94F&counterName=HTTPSuccessMarketPlace-Win32&amount=0 HTTP/1.1" 200 281 "-" "Roblox/WinHttp"
172.68.205.163 - - [29/Dec/2025:00:17:05 +0000] "POST /v1.1/Counters/Increment/?apiKey=76E5A40C-3AE1-4028-9F10-7C62520BD94F&counterName=HTTPSuccessDataStore-Win32&amount=0 HTTP/1.1" 200 281 "-" "Roblox/WinHttp"
172.70.58.145 - - [29/Dec/2025:00:17:05 +0000] "POST /v1.1/Counters/Increment/?apiKey=76E5A40C-3AE1-4028-9F10-7C62520BD94F&counterName=HTTPSuccessDataStore-Win32&amount=0 HTTP/1.1" 200 281 "-" "Roblox/WinHttp"
172.68.205.162 - - [29/Dec/2025:00:17:05 +0000] "POST /v1.1/Counters/Increment/?apiKey=76E5A40C-3AE1-4028-9F10-7C62520BD94F&counterName=HTTPSuccessMarketPlace-Win32&amount=0 HTTP/1.1" 200 281 "-" "Roblox/WinHttp"
172.68.205.104 - - [29/Dec/2025:00:17:05 +0000] "POST /game/report-stats?name=HTTPDelaySuccess%2DWin32&value=55%2E001263 HTTP/1.1" 200 281 "-" "Roblox/WinHttp"
172.68.205.163 - - [29/Dec/2025:00:17:05 +0000] "POST /v1.1/Counters/Increment/?apiKey=76E5A40C-3AE1-4028-9F10-7C62520BD94F&counterName=HTTPSuccess-Win32&amount=7 HTTP/1.1" 200 281 "-" "Roblox/WinHttp"
172.68.205.104 - - [29/Dec/2025:00:17:05 +0000] "POST /game/report-stats?name=HTTPAccumulatedBytes%2DWin32&value=7564%2E000000 HTTP/1.1" 200 281 "-" "Roblox/WinHttp"
172.69.79.183 - - [29/Dec/2025:00:17:05 +0000] "GET /asset/?id=40 HTTP/1.1" 200 7703 "-" "Roblox/WinHttp"
172.68.205.163 - - [29/Dec/2025:00:17:05 +0000] "GET /asset/?id=42 HTTP/1.1" 200 14744 "-" "Roblox/WinHttp"
162.158.74.11 - - [29/Dec/2025:00:17:05 +0000] "GET /asset/?id=44 HTTP/1.1" 200 94062 "-" "Roblox/WinHttp"
172.68.205.163 - - [29/Dec/2025:00:17:05 +0000] "GET /asset/?id=39 HTTP/1.1" 200 33973 "-" "Roblox/WinHttp"
172.68.205.163 - - [29/Dec/2025:00:17:05 +0000] "GET /asset/?id=21 HTTP/1.1" 200 147659 "-" "Roblox/WinHttp"
172.70.58.145 - - [29/Dec/2025:00:17:06 +0000] "GET /asset/?id=34854607 HTTP/1.1" 404 209 "-" "Roblox/WinHttp"
172.68.205.162 - - [29/Dec/2025:00:17:05 +0000] "GET /api/character?r=rendercharacter HTTP/1.1" 200 348 "https://arl.lambda.cam/my/character" "Mozilla/5.0 (Windows NT 10.0; Win64; x64; rv:146.0) Gecko/20100101 Firefox/146.0"
172.70.58.145 - - [29/Dec/2025:00:17:06 +0000] "GET /asset/?id=34854607 HTTP/1.1" 404 209 "-" "Roblox/WinHttp"
172.68.205.162 - - [29/Dec/2025:00:17:06 +0000] "GET /thumbs/player?id=1&t=1766967424993 HTTP/1.1" 200 34921 "https://arl.lambda.cam/my/character" "Mozilla/5.0 (Windows NT 10.0; Win64; x64; rv:146.0) Gecko/20100101 Firefox/146.0"
172.68.205.163 - - [29/Dec/2025:00:17:08 +0000] "POST /v1.1/Counters/Increment/?apiKey=76E5A40C-3AE1-4028-9F10-7C62520BD94F&counterName=HTTPFailureMarketPlace-Win32&amount=0 HTTP/1.1" 200 281 "-" "Roblox/WinHttp"
172.68.205.105 - - [29/Dec/2025:00:17:08 +0000] "POST /game/report-stats?name=HTTPAccumulatedBytes%2DWin32&value=297036%2E000000 HTTP/1.1" 200 281 "-" "Roblox/WinHttp"
172.68.205.163 - - [29/Dec/2025:00:17:08 +0000] "POST /v1.1/Counters/Increment/?apiKey=76E5A40C-3AE1-4028-9F10-7C62520BD94F&counterName=HTTPFailureDataStore-Win32&amount=0 HTTP/1.1" 200 281 "-" "Roblox/WinHttp"
172.68.205.163 - - [29/Dec/2025:00:17:08 +0000] "POST /v1.1/Counters/Increment/?apiKey=76E5A40C-3AE1-4028-9F10-7C62520BD94F&counterName=HTTPSuccessDataStore-Win32&amount=0 HTTP/1.1" 200 281 "-" "Roblox/WinHttp"
172.68.205.104 - - [29/Dec/2025:00:17:08 +0000] "POST /game/report-stats?name=HTTPDelaySuccess%2DWin32&value=108%2E512276 HTTP/1.1" 200 281 "-" "Roblox/WinHttp"
172.69.79.183 - - [29/Dec/2025:00:17:08 +0000] "POST /v1.1/Counters/Increment/?apiKey=76E5A40C-3AE1-4028-9F10-7C62520BD94F&counterName=HTTPFailure-Win32&amount=2 HTTP/1.1" 200 281 "-" "Roblox/WinHttp"
172.68.205.163 - - [29/Dec/2025:00:17:08 +0000] "POST /v1.1/Counters/Increment/?apiKey=76E5A40C-3AE1-4028-9F10-7C62520BD94F&counterName=HTTPSuccess-Win32&amount=5 HTTP/1.1" 200 281 "-" "Roblox/WinHttp"
172.68.205.104 - - [29/Dec/2025:00:17:08 +0000] "POST /game/report-stats?name=HTTPDelayFailure%2DWin32&value=45%2E309219 HTTP/1.1" 200 281 "-" "Roblox/WinHttp"
162.158.74.11 - - [29/Dec/2025:00:17:08 +0000] "POST /v1.1/Counters/Increment/?apiKey=76E5A40C-3AE1-4028-9F10-7C62520BD94F&counterName=HTTPSuccessMarketPlace-Win32&amount=0 HTTP/1.1" 200 281 "-" "Roblox/WinHttp"
172.68.205.162 - - [29/Dec/2025:00:17:10 +0000] "POST /api/character?r=setbodycolours HTTP/1.1" 200 320 "https://arl.lambda.cam/my/character" "Mozilla/5.0 (Windows NT 10.0; Win64; x64; rv:146.0) Gecko/20100101 Firefox/146.0"
172.68.205.163 - - [29/Dec/2025:00:17:10 +0000] "GET /Asset/CharacterFetch.ashx?userId=1 HTTP/1.1" 200 346 "-" "Roblox/WinHttp"
172.69.79.183 - - [29/Dec/2025:00:17:10 +0000] "GET /Asset/BodyColors.ashx?userId=1&serverplaceid=0 HTTP/1.1" 200 582 "-" "Roblox/WinHttp"
172.68.205.163 - - [29/Dec/2025:00:17:10 +0000] "GET /Asset/BodyColors.ashx?userId=1&serverplaceid=0 HTTP/1.1" 200 582 "-" "Roblox/WinHttp"
172.70.58.145 - - [29/Dec/2025:00:17:10 +0000] "GET /asset/?id=22&serverplaceid=0 HTTP/1.1" 200 701 "-" "Roblox/WinHttp"
172.68.205.163 - - [29/Dec/2025:00:17:10 +0000] "GET /asset/?id=45&serverplaceid=0 HTTP/1.1" 200 701 "-" "Roblox/WinHttp"
172.68.205.163 - - [29/Dec/2025:00:17:10 +0000] "GET /asset/?id=41&serverplaceid=0 HTTP/1.1" 200 4432 "-" "Roblox/WinHttp"
172.70.58.145 - - [29/Dec/2025:00:17:10 +0000] "GET /asset/?id=43&serverplaceid=0 HTTP/1.1" 200 803 "-" "Roblox/WinHttp"
172.68.205.162 - - [29/Dec/2025:00:17:10 +0000] "GET /asset/?id=22&serverplaceid=0 HTTP/1.1" 200 701 "-" "Roblox/WinHttp"
162.158.74.11 - - [29/Dec/2025:00:17:11 +0000] "GET /asset/?id=39 HTTP/1.1" 200 33972 "-" "Roblox/WinHttp"
172.68.205.163 - - [29/Dec/2025:00:17:11 +0000] "GET /asset/?id=40 HTTP/1.1" 200 7703 "-" "Roblox/WinHttp"
172.69.79.183 - - [29/Dec/2025:00:17:11 +0000] "GET /asset/?id=42 HTTP/1.1" 200 14744 "-" "Roblox/WinHttp"
172.68.205.163 - - [29/Dec/2025:00:17:11 +0000] "GET /asset/?id=44 HTTP/1.1" 200 94062 "-" "Roblox/WinHttp"
172.68.205.163 - - [29/Dec/2025:00:17:11 +0000] "GET /asset/?id=21 HTTP/1.1" 200 147658 "-" "Roblox/WinHttp"
172.68.205.104 - - [29/Dec/2025:00:17:11 +0000] "POST /game/report-stats?name=HTTPAccumulatedBytes%2DWin32&value=304794%2E000000 HTTP/1.1" 200 281 "-" "Roblox/WinHttp"
172.68.205.105 - - [29/Dec/2025:00:17:11 +0000] "POST /game/report-stats?name=HTTPDelaySuccess%2DWin32&value=84%2E682404 HTTP/1.1" 200 281 "-" "Roblox/WinHttp"
172.68.205.163 - - [29/Dec/2025:00:17:11 +0000] "POST /v1.1/Counters/Increment/?apiKey=76E5A40C-3AE1-4028-9F10-7C62520BD94F&counterName=HTTPSuccessDataStore-Win32&amount=0 HTTP/1.1" 200 281 "-" "Roblox/WinHttp"
172.70.58.145 - - [29/Dec/2025:00:17:11 +0000] "POST /v1.1/Counters/Increment/?apiKey=76E5A40C-3AE1-4028-9F10-7C62520BD94F&counterName=HTTPSuccessMarketPlace-Win32&amount=0 HTTP/1.1" 200 281 "-" "Roblox/WinHttp"
172.70.58.145 - - [29/Dec/2025:00:17:11 +0000] "POST /v1.1/Counters/Increment/?apiKey=76E5A40C-3AE1-4028-9F10-7C62520BD94F&counterName=HTTPSuccess-Win32&amount=13 HTTP/1.1" 200 281 "-" "Roblox/WinHttp"
172.68.205.162 - - [29/Dec/2025:00:17:11 +0000] "GET /asset/?id=34854607 HTTP/1.1" 404 209 "-" "Roblox/WinHttp"
172.68.205.162 - - [29/Dec/2025:00:17:10 +0000] "GET /api/character?r=rendercharacter HTTP/1.1" 200 348 "https://arl.lambda.cam/my/character" "Mozilla/5.0 (Windows NT 10.0; Win64; x64; rv:146.0) Gecko/20100101 Firefox/146.0"
172.68.205.163 - - [29/Dec/2025:00:17:11 +0000] "GET /asset/?id=34854607 HTTP/1.1" 404 209 "-" "Roblox/WinHttp"
172.68.205.163 - - [29/Dec/2025:00:17:11 +0000] "GET /thumbs/player?id=1&t=1766967430208 HTTP/1.1" 200 34652 "https://arl.lambda.cam/my/character" "Mozilla/5.0 (Windows NT 10.0; Win64; x64; rv:146.0) Gecko/20100101 Firefox/146.0"
172.69.79.183 - - [29/Dec/2025:00:17:11 +0000] "POST /v1.1/Counters/Increment/?apiKey=76E5A40C-3AE1-4028-9F10-7C62520BD94F&counterName=HTTPFailureDataStore-Win32&amount=0 HTTP/1.1" 200 281 "-" "Roblox/WinHttp"
172.68.205.163 - - [29/Dec/2025:00:17:11 +0000] "POST /v1.1/Counters/Increment/?apiKey=76E5A40C-3AE1-4028-9F10-7C62520BD94F&counterName=HTTPFailure-Win32&amount=2 HTTP/1.1" 200 281 "-" "Roblox/WinHttp"
172.68.205.104 - - [29/Dec/2025:00:17:11 +0000] "POST /game/report-stats?name=HTTPDelayFailure%2DWin32&value=43%2E483814 HTTP/1.1" 200 281 "-" "Roblox/WinHttp"
162.158.74.11 - - [29/Dec/2025:00:17:11 +0000] "POST /v1.1/Counters/Increment/?apiKey=76E5A40C-3AE1-4028-9F10-7C62520BD94F&counterName=HTTPFailureMarketPlace-Win32&amount=0 HTTP/1.1" 200 281 "-" "Roblox/WinHttp"
::1 - - [29/Dec/2025:00:17:17 +0000] "OPTIONS * HTTP/1.0" 200 126 "-" "Apache/2.4.62 (Debian) (internal dummy connection)"
::1 - - [29/Dec/2025:00:17:18 +0000] "OPTIONS * HTTP/1.0" 200 126 "-" "Apache/2.4.62 (Debian) (internal dummy connection)"
::1 - - [29/Dec/2025:00:17:19 +0000] "OPTIONS * HTTP/1.0" 200 126 "-" "Apache/2.4.62 (Debian) (internal dummy connection)"
::1 - - [29/Dec/2025:00:17:20 +0000] "OPTIONS * HTTP/1.0" 200 126 "-" "Apache/2.4.62 (Debian) (internal dummy connection)"
::1 - - [29/Dec/2025:00:17:21 +0000] "OPTIONS * HTTP/1.0" 200 126 "-" "Apache/2.4.62 (Debian) (internal dummy connection)"
::1 - - [29/Dec/2025:00:17:22 +0000] "OPTIONS * HTTP/1.0" 200 126 "-" "Apache/2.4.62 (Debian) (internal dummy connection)"
::1 - - [29/Dec/2025:00:17:23 +0000] "OPTIONS * HTTP/1.0" 200 126 "-" "Apache/2.4.62 (Debian) (internal dummy connection)"
172.68.205.162 - - [29/Dec/2025:00:17:23 +0000] "POST /api/character?r=setbodycolours HTTP/1.1" 200 321 "https://arl.lambda.cam/my/character" "Mozilla/5.0 (Windows NT 10.0; Win64; x64; rv:146.0) Gecko/20100101 Firefox/146.0"
172.68.205.163 - - [29/Dec/2025:00:17:24 +0000] "GET /Asset/CharacterFetch.ashx?userId=1 HTTP/1.1" 200 347 "-" "Roblox/WinHttp"
172.68.205.163 - - [29/Dec/2025:00:17:24 +0000] "GET /asset/?id=43&serverplaceid=0 HTTP/1.1" 200 802 "-" "Roblox/WinHttp"
172.70.58.145 - - [29/Dec/2025:00:17:24 +0000] "GET /Asset/BodyColors.ashx?userId=1&serverplaceid=0 HTTP/1.1" 200 582 "-" "Roblox/WinHttp"
172.68.205.162 - - [29/Dec/2025:00:17:24 +0000] "GET /Asset/BodyColors.ashx?userId=1&serverplaceid=0 HTTP/1.1" 200 582 "-" "Roblox/WinHttp"
172.69.79.182 - - [29/Dec/2025:00:17:24 +0000] "GET /asset/?id=45&serverplaceid=0 HTTP/1.1" 200 702 "-" "Roblox/WinHttp"
172.68.205.163 - - [29/Dec/2025:00:17:24 +0000] "GET /asset/?id=41&serverplaceid=0 HTTP/1.1" 200 4433 "-" "Roblox/WinHttp"
172.70.58.146 - - [29/Dec/2025:00:17:24 +0000] "GET /asset/?id=22&serverplaceid=0 HTTP/1.1" 200 702 "-" "Roblox/WinHttp"
172.68.205.163 - - [29/Dec/2025:00:17:24 +0000] "GET /asset/?id=22&serverplaceid=0 HTTP/1.1" 200 701 "-" "Roblox/WinHttp"
172.68.205.163 - - [29/Dec/2025:00:17:24 +0000] "GET /asset/?id=39 HTTP/1.1" 200 33972 "-" "Roblox/WinHttp"
172.68.205.162 - - [29/Dec/2025:00:17:24 +0000] "GET /asset/?id=42 HTTP/1.1" 200 14744 "-" "Roblox/WinHttp"
172.68.205.163 - - [29/Dec/2025:00:17:24 +0000] "GET /asset/?id=44 HTTP/1.1" 200 94062 "-" "Roblox/WinHttp"
162.158.74.11 - - [29/Dec/2025:00:17:24 +0000] "GET /asset/?id=40 HTTP/1.1" 200 7704 "-" "Roblox/WinHttp"
172.70.58.145 - - [29/Dec/2025:00:17:24 +0000] "GET /asset/?id=21 HTTP/1.1" 200 147658 "-" "Roblox/WinHttp"
172.69.79.182 - - [29/Dec/2025:00:17:25 +0000] "GET /asset/?id=34854607 HTTP/1.1" 404 209 "-" "Roblox/WinHttp"
172.68.205.162 - - [29/Dec/2025:00:17:24 +0000] "GET /api/character?r=rendercharacter HTTP/1.1" 200 348 "https://arl.lambda.cam/my/character" "Mozilla/5.0 (Windows NT 10.0; Win64; x64; rv:146.0) Gecko/20100101 Firefox/146.0"
172.68.205.162 - - [29/Dec/2025:00:17:25 +0000] "GET /asset/?id=34854607 HTTP/1.1" 404 209 "-" "Roblox/WinHttp"
172.68.205.163 - - [29/Dec/2025:00:17:25 +0000] "GET /thumbs/player?id=1&t=1766967443646 HTTP/1.1" 200 35107 "https://arl.lambda.cam/my/character" "Mozilla/5.0 (Windows NT 10.0; Win64; x64; rv:146.0) Gecko/20100101 Firefox/146.0"
172.68.205.163 - - [29/Dec/2025:00:17:27 +0000] "POST /v1.1/Counters/Increment/?apiKey=76E5A40C-3AE1-4028-9F10-7C62520BD94F&counterName=HTTPSuccess-Win32&amount=13 HTTP/1.1" 200 281 "-" "Roblox/WinHttp"
162.158.74.11 - - [29/Dec/2025:00:17:27 +0000] "POST /v1.1/Counters/Increment/?apiKey=76E5A40C-3AE1-4028-9F10-7C62520BD94F&counterName=HTTPSuccessMarketPlace-Win32&amount=0 HTTP/1.1" 200 281 "-" "Roblox/WinHttp"
172.68.205.162 - - [29/Dec/2025:00:17:27 +0000] "POST /v1.1/Counters/Increment/?apiKey=76E5A40C-3AE1-4028-9F10-7C62520BD94F&counterName=HTTPFailure-Win32&amount=2 HTTP/1.1" 200 281 "-" "Roblox/WinHttp"
172.68.205.162 - - [29/Dec/2025:00:17:27 +0000] "POST /v1.1/Counters/Increment/?apiKey=76E5A40C-3AE1-4028-9F10-7C62520BD94F&counterName=HTTPSuccessDataStore-Win32&amount=0 HTTP/1.1" 200 281 "-" "Roblox/WinHttp"
172.70.58.146 - - [29/Dec/2025:00:17:27 +0000] "POST /v1.1/Counters/Increment/?apiKey=76E5A40C-3AE1-4028-9F10-7C62520BD94F&counterName=HTTPFailureDataStore-Win32&amount=0 HTTP/1.1" 200 281 "-" "Roblox/WinHttp"
172.68.205.163 - - [29/Dec/2025:00:17:27 +0000] "POST /v1.1/Counters/Increment/?apiKey=76E5A40C-3AE1-4028-9F10-7C62520BD94F&counterName=HTTPFailureMarketPlace-Win32&amount=0 HTTP/1.1" 200 281 "-" "Roblox/WinHttp"
172.68.205.104 - - [29/Dec/2025:00:17:27 +0000] "POST /game/report-stats?name=HTTPAccumulatedBytes%2DWin32&value=304792%2E000000 HTTP/1.1" 200 282 "-" "Roblox/WinHttp"
172.68.205.104 - - [29/Dec/2025:00:17:27 +0000] "POST /game/report-stats?name=HTTPDelaySuccess%2DWin32&value=84%2E395332 HTTP/1.1" 200 282 "-" "Roblox/WinHttp"
172.68.205.105 - - [29/Dec/2025:00:17:27 +0000] "POST /game/report-stats?name=HTTPDelayFailure%2DWin32&value=45%2E178696 HTTP/1.1" 200 282 "-" "Roblox/WinHttp"
172.68.205.162 - - [29/Dec/2025:00:17:28 +0000] "POST /api/character?r=setbodycolours HTTP/1.1" 200 320 "https://arl.lambda.cam/my/character" "Mozilla/5.0 (Windows NT 10.0; Win64; x64; rv:146.0) Gecko/20100101 Firefox/146.0"
172.70.58.145 - - [29/Dec/2025:00:17:28 +0000] "GET /Asset/CharacterFetch.ashx?userId=1 HTTP/1.1" 200 346 "-" "Roblox/WinHttp"
172.68.205.163 - - [29/Dec/2025:00:17:28 +0000] "GET /Asset/BodyColors.ashx?userId=1&serverplaceid=0 HTTP/1.1" 200 580 "-" "Roblox/WinHttp"
172.68.205.162 - - [29/Dec/2025:00:17:28 +0000] "GET /Asset/BodyColors.ashx?userId=1&serverplaceid=0 HTTP/1.1" 200 580 "-" "Roblox/WinHttp"
172.68.205.163 - - [29/Dec/2025:00:17:28 +0000] "GET /asset/?id=45&serverplaceid=0 HTTP/1.1" 200 701 "-" "Roblox/WinHttp"
162.158.74.11 - - [29/Dec/2025:00:17:28 +0000] "GET /asset/?id=41&serverplaceid=0 HTTP/1.1" 200 4432 "-" "Roblox/WinHttp"
172.68.205.162 - - [29/Dec/2025:00:17:28 +0000] "GET /asset/?id=43&serverplaceid=0 HTTP/1.1" 200 803 "-" "Roblox/WinHttp"
172.68.205.163 - - [29/Dec/2025:00:17:28 +0000] "GET /asset/?id=22&serverplaceid=0 HTTP/1.1" 200 701 "-" "Roblox/WinHttp"
172.69.79.182 - - [29/Dec/2025:00:17:29 +0000] "GET /asset/?id=22&serverplaceid=0 HTTP/1.1" 200 701 "-" "Roblox/WinHttp"
172.70.58.146 - - [29/Dec/2025:00:17:29 +0000] "GET /asset/?id=39 HTTP/1.1" 200 33972 "-" "Roblox/WinHttp"
172.68.205.162 - - [29/Dec/2025:00:17:29 +0000] "GET /asset/?id=40 HTTP/1.1" 200 7703 "-" "Roblox/WinHttp"
172.70.58.145 - - [29/Dec/2025:00:17:29 +0000] "GET /asset/?id=44 HTTP/1.1" 200 94062 "-" "Roblox/WinHttp"
172.68.205.163 - - [29/Dec/2025:00:17:29 +0000] "GET /asset/?id=42 HTTP/1.1" 200 14744 "-" "Roblox/WinHttp"
172.68.205.162 - - [29/Dec/2025:00:17:29 +0000] "GET /asset/?id=21 HTTP/1.1" 200 147658 "-" "Roblox/WinHttp"
162.158.74.11 - - [29/Dec/2025:00:17:29 +0000] "GET /asset/?id=34854607 HTTP/1.1" 404 209 "-" "Roblox/WinHttp"
172.68.205.162 - - [29/Dec/2025:00:17:28 +0000] "GET /api/character?r=rendercharacter HTTP/1.1" 200 348 "https://arl.lambda.cam/my/character" "Mozilla/5.0 (Windows NT 10.0; Win64; x64; rv:146.0) Gecko/20100101 Firefox/146.0"
172.68.205.163 - - [29/Dec/2025:00:17:29 +0000] "GET /asset/?id=34854607 HTTP/1.1" 404 209 "-" "Roblox/WinHttp"
172.68.205.162 - - [29/Dec/2025:00:17:29 +0000] "GET /thumbs/player?id=1&t=1766967448186 HTTP/1.1" 200 35294 "https://arl.lambda.cam/my/character" "Mozilla/5.0 (Windows NT 10.0; Win64; x64; rv:146.0) Gecko/20100101 Firefox/146.0"
172.68.205.104 - - [29/Dec/2025:00:17:30 +0000] "POST /game/report-stats?name=HTTPDelaySuccess%2DWin32&value=72%2E422035 HTTP/1.1" 200 281 "-" "Roblox/WinHttp"
172.68.205.163 - - [29/Dec/2025:00:17:30 +0000] "POST /v1.1/Counters/Increment/?apiKey=76E5A40C-3AE1-4028-9F10-7C62520BD94F&counterName=HTTPFailure-Win32&amount=2 HTTP/1.1" 200 281 "-" "Roblox/WinHttp"
172.68.205.104 - - [29/Dec/2025:00:17:30 +0000] "POST /game/report-stats?name=HTTPDelayFailure%2DWin32&value=42%2E158981 HTTP/1.1" 200 281 "-" "Roblox/WinHttp"
172.70.58.145 - - [29/Dec/2025:00:17:30 +0000] "POST /v1.1/Counters/Increment/?apiKey=76E5A40C-3AE1-4028-9F10-7C62520BD94F&counterName=HTTPSuccessDataStore-Win32&amount=0 HTTP/1.1" 200 281 "-" "Roblox/WinHttp"
172.68.205.162 - - [29/Dec/2025:00:17:30 +0000] "POST /v1.1/Counters/Increment/?apiKey=76E5A40C-3AE1-4028-9F10-7C62520BD94F&counterName=HTTPSuccessMarketPlace-Win32&amount=0 HTTP/1.1" 200 281 "-" "Roblox/WinHttp"
172.69.79.182 - - [29/Dec/2025:00:17:30 +0000] "POST /v1.1/Counters/Increment/?apiKey=76E5A40C-3AE1-4028-9F10-7C62520BD94F&counterName=HTTPSuccess-Win32&amount=13 HTTP/1.1" 200 281 "-" "Roblox/WinHttp"
172.68.205.105 - - [29/Dec/2025:00:17:30 +0000] "POST /game/report-stats?name=HTTPAccumulatedBytes%2DWin32&value=304788%2E000000 HTTP/1.1" 200 281 "-" "Roblox/WinHttp"
172.70.58.146 - - [29/Dec/2025:00:17:30 +0000] "POST /v1.1/Counters/Increment/?apiKey=76E5A40C-3AE1-4028-9F10-7C62520BD94F&counterName=HTTPFailureMarketPlace-Win32&amount=0 HTTP/1.1" 200 281 "-" "Roblox/WinHttp"
172.68.205.162 - - [29/Dec/2025:00:17:30 +0000] "POST /v1.1/Counters/Increment/?apiKey=76E5A40C-3AE1-4028-9F10-7C62520BD94F&counterName=HTTPFailureDataStore-Win32&amount=0 HTTP/1.1" 200 281 "-" "Roblox/WinHttp"
172.68.205.163 - - [29/Dec/2025:00:17:33 +0000] "POST /api/character?r=setbodycolours HTTP/1.1" 200 320 "https://arl.lambda.cam/my/character" "Mozilla/5.0 (Windows NT 10.0; Win64; x64; rv:146.0) Gecko/20100101 Firefox/146.0"
172.68.205.163 - - [29/Dec/2025:00:17:33 +0000] "GET /Asset/CharacterFetch.ashx?userId=1 HTTP/1.1" 200 346 "-" "Roblox/WinHttp"
172.69.79.182 - - [29/Dec/2025:00:17:33 +0000] "GET /Asset/BodyColors.ashx?userId=1&serverplaceid=0 HTTP/1.1" 200 581 "-" "Roblox/WinHttp"
162.158.74.11 - - [29/Dec/2025:00:17:33 +0000] "GET /Asset/BodyColors.ashx?userId=1&serverplaceid=0 HTTP/1.1" 200 581 "-" "Roblox/WinHttp"
172.68.205.163 - - [29/Dec/2025:00:17:33 +0000] "GET /asset/?id=43&serverplaceid=0 HTTP/1.1" 200 802 "-" "Roblox/WinHttp"
172.68.205.162 - - [29/Dec/2025:00:17:33 +0000] "GET /asset/?id=45&serverplaceid=0 HTTP/1.1" 200 701 "-" "Roblox/WinHttp"
172.68.205.162 - - [29/Dec/2025:00:17:33 +0000] "GET /asset/?id=22&serverplaceid=0 HTTP/1.1" 200 701 "-" "Roblox/WinHttp"
172.68.205.163 - - [29/Dec/2025:00:17:33 +0000] "GET /asset/?id=41&serverplaceid=0 HTTP/1.1" 200 4432 "-" "Roblox/WinHttp"
172.70.58.145 - - [29/Dec/2025:00:17:33 +0000] "GET /asset/?id=22&serverplaceid=0 HTTP/1.1" 200 701 "-" "Roblox/WinHttp"
172.70.58.146 - - [29/Dec/2025:00:17:33 +0000] "GET /asset/?id=39 HTTP/1.1" 200 33972 "-" "Roblox/WinHttp"
172.68.205.162 - - [29/Dec/2025:00:17:33 +0000] "GET /asset/?id=40 HTTP/1.1" 200 7703 "-" "Roblox/WinHttp"
172.69.79.182 - - [29/Dec/2025:00:17:33 +0000] "GET /asset/?id=42 HTTP/1.1" 200 14744 "-" "Roblox/WinHttp"
172.68.205.163 - - [29/Dec/2025:00:17:33 +0000] "GET /asset/?id=44 HTTP/1.1" 200 94062 "-" "Roblox/WinHttp"
162.158.74.11 - - [29/Dec/2025:00:17:33 +0000] "GET /asset/?id=21 HTTP/1.1" 200 147658 "-" "Roblox/WinHttp"
172.68.205.163 - - [29/Dec/2025:00:17:34 +0000] "GET /asset/?id=34854607 HTTP/1.1" 404 209 "-" "Roblox/WinHttp"
172.68.205.162 - - [29/Dec/2025:00:17:33 +0000] "GET /api/character?r=rendercharacter HTTP/1.1" 200 348 "https://arl.lambda.cam/my/character" "Mozilla/5.0 (Windows NT 10.0; Win64; x64; rv:146.0) Gecko/20100101 Firefox/146.0"
172.68.205.162 - - [29/Dec/2025:00:17:34 +0000] "GET /asset/?id=34854607 HTTP/1.1" 404 209 "-" "Roblox/WinHttp"
172.68.205.162 - - [29/Dec/2025:00:17:34 +0000] "GET /thumbs/player?id=1&t=1766967452668 HTTP/1.1" 200 35347 "https://arl.lambda.cam/my/character" "Mozilla/5.0 (Windows NT 10.0; Win64; x64; rv:146.0) Gecko/20100101 Firefox/146.0"
172.68.205.163 - - [29/Dec/2025:00:17:34 +0000] "POST /v1.1/Counters/Increment/?apiKey=76E5A40C-3AE1-4028-9F10-7C62520BD94F&counterName=HTTPFailure-Win32&amount=2 HTTP/1.1" 200 281 "-" "Roblox/WinHttp"
172.68.205.104 - - [29/Dec/2025:00:17:34 +0000] "POST /game/report-stats?name=HTTPAccumulatedBytes%2DWin32&value=304792%2E000000 HTTP/1.1" 200 281 "-" "Roblox/WinHttp"
172.68.205.162 - - [29/Dec/2025:00:17:34 +0000] "POST /v1.1/Counters/Increment/?apiKey=76E5A40C-3AE1-4028-9F10-7C62520BD94F&counterName=HTTPFailureDataStore-Win32&amount=0 HTTP/1.1" 200 281 "-" "Roblox/WinHttp"
172.70.58.145 - - [29/Dec/2025:00:17:34 +0000] "POST /v1.1/Counters/Increment/?apiKey=76E5A40C-3AE1-4028-9F10-7C62520BD94F&counterName=HTTPFailureMarketPlace-Win32&amount=0 HTTP/1.1" 200 281 "-" "Roblox/WinHttp"
172.68.205.163 - - [29/Dec/2025:00:17:34 +0000] "POST /v1.1/Counters/Increment/?apiKey=76E5A40C-3AE1-4028-9F10-7C62520BD94F&counterName=HTTPSuccessMarketPlace-Win32&amount=0 HTTP/1.1" 200 281 "-" "Roblox/WinHttp"
172.68.205.104 - - [29/Dec/2025:00:17:34 +0000] "POST /game/report-stats?name=HTTPDelaySuccess%2DWin32&value=68%2E702766 HTTP/1.1" 200 281 "-" "Roblox/WinHttp"
172.68.205.105 - - [29/Dec/2025:00:17:34 +0000] "POST /game/report-stats?name=HTTPDelayFailure%2DWin32&value=51%2E076801 HTTP/1.1" 200 281 "-" "Roblox/WinHttp"
172.69.79.182 - - [29/Dec/2025:00:17:34 +0000] "POST /v1.1/Counters/Increment/?apiKey=76E5A40C-3AE1-4028-9F10-7C62520BD94F&counterName=HTTPSuccessDataStore-Win32&amount=0 HTTP/1.1" 200 281 "-" "Roblox/WinHttp"
172.70.58.146 - - [29/Dec/2025:00:17:34 +0000] "POST /v1.1/Counters/Increment/?apiKey=76E5A40C-3AE1-4028-9F10-7C62520BD94F&counterName=HTTPSuccess-Win32&amount=13 HTTP/1.1" 200 281 "-" "Roblox/WinHttp"
172.68.205.162 - - [29/Dec/2025:00:17:36 +0000] "POST /api/character?r=setbodycolours HTTP/1.1" 200 320 "https://arl.lambda.cam/my/character" "Mozilla/5.0 (Windows NT 10.0; Win64; x64; rv:146.0) Gecko/20100101 Firefox/146.0"
162.158.74.11 - - [29/Dec/2025:00:17:36 +0000] "GET /Asset/CharacterFetch.ashx?userId=1 HTTP/1.1" 200 346 "-" "Roblox/WinHttp"
172.68.205.163 - - [29/Dec/2025:00:17:36 +0000] "GET /Asset/BodyColors.ashx?userId=1&serverplaceid=0 HTTP/1.1" 200 581 "-" "Roblox/WinHttp"
172.68.205.162 - - [29/Dec/2025:00:17:36 +0000] "GET /Asset/BodyColors.ashx?userId=1&serverplaceid=0 HTTP/1.1" 200 581 "-" "Roblox/WinHttp"
172.70.58.145 - - [29/Dec/2025:00:17:36 +0000] "GET /asset/?id=45&serverplaceid=0 HTTP/1.1" 200 701 "-" "Roblox/WinHttp"
172.68.205.162 - - [29/Dec/2025:00:17:36 +0000] "GET /asset/?id=43&serverplaceid=0 HTTP/1.1" 200 802 "-" "Roblox/WinHttp"
172.68.205.163 - - [29/Dec/2025:00:17:36 +0000] "GET /asset/?id=22&serverplaceid=0 HTTP/1.1" 200 701 "-" "Roblox/WinHttp"
172.70.58.146 - - [29/Dec/2025:00:17:36 +0000] "GET /asset/?id=41&serverplaceid=0 HTTP/1.1" 200 4432 "-" "Roblox/WinHttp"
172.69.79.182 - - [29/Dec/2025:00:17:36 +0000] "GET /asset/?id=22&serverplaceid=0 HTTP/1.1" 200 701 "-" "Roblox/WinHttp"
172.68.205.163 - - [29/Dec/2025:00:17:36 +0000] "GET /asset/?id=39 HTTP/1.1" 200 33972 "-" "Roblox/WinHttp"
162.158.74.11 - - [29/Dec/2025:00:17:36 +0000] "GET /asset/?id=40 HTTP/1.1" 200 7703 "-" "Roblox/WinHttp"
172.68.205.162 - - [29/Dec/2025:00:17:36 +0000] "GET /asset/?id=42 HTTP/1.1" 200 14744 "-" "Roblox/WinHttp"
172.68.205.162 - - [29/Dec/2025:00:17:36 +0000] "GET /asset/?id=44 HTTP/1.1" 200 94062 "-" "Roblox/WinHttp"
172.70.58.145 - - [29/Dec/2025:00:17:36 +0000] "GET /asset/?id=21 HTTP/1.1" 200 147658 "-" "Roblox/WinHttp"
